{"event": "daemon_start", "pid": 254518, "ts": 1783057936.482}
{"event": "daemon_start", "pid": 254518, "ts": 1783057936.482}
{"armed": false, "event": "idle_disarmed", "preset": "airplane_single", "single_auto": true, "ts": 1783057936.483}
{"armed": false, "event": "idle_disarmed", "preset": "airplane_single", "single_auto": true, "ts": 1783057936.483}
{"armed": false, "event": "idle_disarmed", "preset": "airplane_single", "single_auto": true, "ts": 1783057937.484}
{"armed": false, "event": "idle_disarmed", "preset": "airplane_single", "single_auto": true, "ts": 1783057937.484}
{"armed": false, "event": "idle_disarmed", "preset": "airplane_single", "single_auto": true, "ts": 1783057938.484}
{"armed": false, "event": "idle_disarmed", "preset": "airplane_single", "single_auto": true, "ts": 1783057938.484}
{"armed": false, "event": "idle_disarmed", "preset": "airplane_single", "single_auto": true, "ts": 1783057939.486}
{"armed": false, "event": "idle_disarmed", "preset": "airplane_single", "single_auto": true, "ts": 1783057939.486}
{"armed": false, "event": "idle_disarmed", "preset": "airplane_single", "single_auto": true, "ts": 1783057940.487}
{"armed": false, "event": "idle_disarmed", "preset": "airplane_single", "single_auto": true, "ts": 1783057940.487}
{"armed": false, "event": "idle_disarmed", "preset": "airplane_single", "single_auto": true, "ts": 1783057941.488}
{"armed": false, "event": "idle_disarmed", "preset": "airplane_single", "single_auto": true, "ts": 1783057941.488}
{"armed": false, "event": "idle_disarmed", "preset": "airplane_single", "single_auto": true, "ts": 1783057942.489}
{"armed": false, "event": "idle_disarmed", "preset": "airplane_single", "single_auto": true, "ts": 1783057942.489}
{"armed": false, "event": "idle_disarmed", "preset": "airplane_single", "single_auto": true, "ts": 1783057943.49}
{"armed": false, "event": "idle_disarmed", "preset": "airplane_single", "single_auto": true, "ts": 1783057943.49}
{"armed": false, "event": "idle_disarmed", "preset": "car_single", "single_auto": true, "ts": 1783057944.491}
{"armed": false, "event": "idle_disarmed", "preset": "car_single", "single_auto": true, "ts": 1783057944.491}
{"armed": false, "event": "idle_disarmed", "preset": "car_single", "single_auto": true, "ts": 1783057945.492}
{"armed": false, "event": "idle_disarmed", "preset": "car_single", "single_auto": true, "ts": 1783057945.492}
{"armed": false, "event": "idle_disarmed", "preset": "car_single", "single_auto": true, "ts": 1783057946.493}
{"armed": false, "event": "idle_disarmed", "preset": "car_single", "single_auto": true, "ts": 1783057946.493}
{"cmd": ["/usr/bin/python3", "/root/rknpu2/examples/rknn_yolov8_demo_opencv_2_work_2/new_yolo8/apply_ptz_object_preset.py", "--preset", "car_single", "--arm", "force", "--strategy", "preset", "--watch"], "event": "child_start", "pid": 254837, "preset": "car_single", "search_preset": "lost_step_wait", "ts": 1783057947.494}
{"cmd": ["/usr/bin/python3", "/root/rknpu2/examples/rknn_yolov8_demo_opencv_2_work_2/new_yolo8/apply_ptz_object_preset.py", "--preset", "car_single", "--arm", "force", "--strategy", "preset", "--watch"], "event": "child_start", "pid": 254837, "preset": "car_single", "search_preset": "lost_step_wait", "ts": 1783057947.494}
{"event": "armed_running", "pid": 254837, "preset": "car_single", "search_preset": "lost_step_wait", "ts": 1783057948.495}
{"event": "armed_running", "pid": 254837, "preset": "car_single", "search_preset": "lost_step_wait", "ts": 1783057948.495}
{"event": "child_stop", "pid": 254837, "preset": "car_single::lost_step_wait", "reason": "ptzArmed_false", "ts": 1783057959.516}
{"event": "child_stop", "pid": 254837, "preset": "car_single::lost_step_wait", "reason": "ptzArmed_false", "ts": 1783057959.516}
{"archived": "/root/rknpu2/examples/rknn_yolov8_demo_opencv_2_work_2/new_yolo8/logs/session_20260703_055239_ptzArmed_false", "event": "logs_archived", "reason": "ptzArmed_false", "ts": 1783057959.691}
{"archived": "/root/rknpu2/examples/rknn_yolov8_demo_opencv_2_work_2/new_yolo8/logs/session_20260703_055239_ptzArmed_false", "event": "logs_archived", "reason": "ptzArmed_false", "ts": 1783057959.691}
{"armed": false, "event": "idle_disarmed", "preset": "car_single", "single_auto": true, "ts": 1783057959.691}
{"armed": false, "event": "idle_disarmed", "preset": "car_single", "single_auto": true, "ts": 1783057959.691}
{"armed": false, "event": "idle_disarmed", "preset": "car_single", "single_auto": true, "ts": 1783057960.692}
{"armed": false, "event": "idle_disarmed", "preset": "car_single", "single_auto": true, "ts": 1783057960.692}
{"armed": false, "event": "idle_disarmed", "preset": "car_single", "single_auto": true, "ts": 1783057961.693}
{"armed": false, "event": "idle_disarmed", "preset": "car_single", "single_auto": true, "ts": 1783057961.693}
{"armed": false, "event": "idle_disarmed", "preset": "car_single", "single_auto": true, "ts": 1783057962.694}
{"armed": false, "event": "idle_disarmed", "preset": "car_single", "single_auto": true, "ts": 1783057962.694}
{"armed": false, "event": "idle_disarmed", "preset": "airplane_single", "single_auto": true, "ts": 1783057963.695}
{"armed": false, "event": "idle_disarmed", "preset": "airplane_single", "single_auto": true, "ts": 1783057963.695}
{"armed": false, "event": "idle_disarmed", "preset": "airplane_single", "single_auto": true, "ts": 1783057964.697}
{"armed": false, "event": "idle_disarmed", "preset": "airplane_single", "single_auto": true, "ts": 1783057964.697}
{"armed": false, "event": "idle_disarmed", "preset": "airplane_single", "single_auto": true, "ts": 1783057965.699}
{"armed": false, "event": "idle_disarmed", "preset": "airplane_single", "single_auto": true, "ts": 1783057965.699}
{"armed": false, "event": "idle_disarmed", "preset": "airplane_single", "single_auto": true, "ts": 1783057966.7}
{"armed": false, "event": "idle_disarmed", "preset": "airplane_single", "single_auto": true, "ts": 1783057966.7}
{"armed": false, "event": "idle_disarmed", "preset": "airplane_single", "single_auto": true, "ts": 1783057967.701}
{"armed": false, "event": "idle_disarmed", "preset": "airplane_single", "single_auto": true, "ts": 1783057967.701}
{"cmd": ["/usr/bin/python3", "/root/rknpu2/examples/rknn_yolov8_demo_opencv_2_work_2/new_yolo8/apply_ptz_object_preset.py", "--preset", "airplane_single", "--arm", "force", "--strategy", "preset", "--watch"], "event": "child_start", "pid": 255899, "preset": "airplane_single", "search_preset": "lost_step_wait", "ts": 1783057968.703}
{"cmd": ["/usr/bin/python3", "/root/rknpu2/examples/rknn_yolov8_demo_opencv_2_work_2/new_yolo8/apply_ptz_object_preset.py", "--preset", "airplane_single", "--arm", "force", "--strategy", "preset", "--watch"], "event": "child_start", "pid": 255899, "preset": "airplane_single", "search_preset": "lost_step_wait", "ts": 1783057968.703}
{"event": "armed_running", "pid": 255899, "preset": "airplane_single", "search_preset": "lost_step_wait", "ts": 1783057969.704}
{"event": "armed_running", "pid": 255899, "preset": "airplane_single", "search_preset": "lost_step_wait", "ts": 1783057969.704}
{"event": "armed_running", "pid": 255899, "preset": "airplane_single", "search_preset": "lost_step_wait", "ts": 1783057984.721}
{"event": "armed_running", "pid": 255899, "preset": "airplane_single", "search_preset": "lost_step_wait", "ts": 1783057984.721}
{"event": "armed_running", "pid": 255899, "preset": "airplane_single", "search_preset": "lost_step_wait", "ts": 1783057999.747}
{"event": "armed_running", "pid": 255899, "preset": "airplane_single", "search_preset": "lost_step_wait", "ts": 1783057999.747}
{"event": "armed_running", "pid": 255899, "preset": "airplane_single", "search_preset": "lost_step_wait", "ts": 1783058014.785}
{"event": "armed_running", "pid": 255899, "preset": "airplane_single", "search_preset": "lost_step_wait", "ts": 1783058014.785}
{"event": "child_stop", "pid": 255899, "preset": "airplane_single::lost_step_wait", "reason": "ptzArmed_false", "ts": 1783058022.808}
{"event": "child_stop", "pid": 255899, "preset": "airplane_single::lost_step_wait", "reason": "ptzArmed_false", "ts": 1783058022.808}
{"archived": "/root/rknpu2/examples/rknn_yolov8_demo_opencv_2_work_2/new_yolo8/logs/session_20260703_055342_ptzArmed_false", "event": "logs_archived", "reason": "ptzArmed_false", "ts": 1783058023.797}
{"archived": "/root/rknpu2/examples/rknn_yolov8_demo_opencv_2_work_2/new_yolo8/logs/session_20260703_055342_ptzArmed_false", "event": "logs_archived", "reason": "ptzArmed_false", "ts": 1783058023.797}
{"armed": false, "event": "idle_disarmed", "preset": "airplane_single", "single_auto": true, "ts": 1783058023.798}
{"armed": false, "event": "idle_disarmed", "preset": "airplane_single", "single_auto": true, "ts": 1783058023.798}
{"armed": false, "event": "idle_disarmed", "preset": "airplane_single", "single_auto": true, "ts": 1783058024.801}
{"armed": false, "event": "idle_disarmed", "preset": "airplane_single", "single_auto": true, "ts": 1783058024.801}
{"armed": false, "event": "idle_disarmed", "preset": "airplane_single", "single_auto": true, "ts": 1783058025.804}
{"armed": false, "event": "idle_disarmed", "preset": "airplane_single", "single_auto": true, "ts": 1783058025.804}
{"armed": false, "event": "idle_disarmed", "preset": "airplane_single", "single_auto": true, "ts": 1783058026.807}
{"armed": false, "event": "idle_disarmed", "preset": "airplane_single", "single_auto": true, "ts": 1783058026.807}
{"armed": false, "event": "idle_disarmed", "preset": "airplane_single", "single_auto": true, "ts": 1783058027.809}
{"armed": false, "event": "idle_disarmed", "preset": "airplane_single", "single_auto": true, "ts": 1783058027.809}
{"armed": false, "event": "idle_disarmed", "preset": "airplane_single", "single_auto": true, "ts": 1783058028.812}
{"armed": false, "event": "idle_disarmed", "preset": "airplane_single", "single_auto": true, "ts": 1783058028.812}
{"armed": false, "event": "idle_disarmed", "preset": "airplane_single", "single_auto": true, "ts": 1783058029.815}
{"armed": false, "event": "idle_disarmed", "preset": "airplane_single", "single_auto": true, "ts": 1783058029.815}
{"armed": false, "event": "idle_disarmed", "preset": "airplane_single", "single_auto": true, "ts": 1783058030.818}
{"armed": false, "event": "idle_disarmed", "preset": "airplane_single", "single_auto": true, "ts": 1783058030.818}
{"armed": false, "event": "idle_disarmed", "preset": "airplane_single", "single_auto": true, "ts": 1783058031.821}
{"armed": false, "event": "idle_disarmed", "preset": "airplane_single", "single_auto": true, "ts": 1783058031.821}
{"armed": false, "event": "idle_disarmed", "preset": "airplane_single", "single_auto": true, "ts": 1783058032.823}
{"armed": false, "event": "idle_disarmed", "preset": "airplane_single", "single_auto": true, "ts": 1783058032.823}
{"armed": false, "event": "idle_disarmed", "preset": "car_single", "single_auto": true, "ts": 1783058033.826}
{"armed": false, "event": "idle_disarmed", "preset": "car_single", "single_auto": true, "ts": 1783058033.826}
{"armed": false, "event": "idle_disarmed", "preset": "car_single", "single_auto": true, "ts": 1783058034.828}
{"armed": false, "event": "idle_disarmed", "preset": "car_single", "single_auto": true, "ts": 1783058034.828}
{"armed": false, "event": "idle_disarmed", "preset": "car_single", "single_auto": true, "ts": 1783058035.831}
{"armed": false, "event": "idle_disarmed", "preset": "car_single", "single_auto": true, "ts": 1783058035.831}
{"cmd": ["/usr/bin/python3", "/root/rknpu2/examples/rknn_yolov8_demo_opencv_2_work_2/new_yolo8/apply_ptz_object_preset.py", "--preset", "car_single", "--arm", "force", "--strategy", "preset", "--watch"], "event": "child_start", "pid": 260232, "preset": "car_single", "search_preset": "lost_step_wait", "ts": 1783058036.834}
{"cmd": ["/usr/bin/python3", "/root/rknpu2/examples/rknn_yolov8_demo_opencv_2_work_2/new_yolo8/apply_ptz_object_preset.py", "--preset", "car_single", "--arm", "force", "--strategy", "preset", "--watch"], "event": "child_start", "pid": 260232, "preset": "car_single", "search_preset": "lost_step_wait", "ts": 1783058036.834}
{"event": "armed_running", "pid": 260232, "preset": "car_single", "search_preset": "lost_step_wait", "ts": 1783058037.837}
{"event": "armed_running", "pid": 260232, "preset": "car_single", "search_preset": "lost_step_wait", "ts": 1783058037.837}
{"event": "child_stop", "pid": 260232, "preset": "car_single::lost_step_wait", "reason": "ptzArmed_false", "ts": 1783058048.865}
{"event": "child_stop", "pid": 260232, "preset": "car_single::lost_step_wait", "reason": "ptzArmed_false", "ts": 1783058048.865}
{"archived": "/root/rknpu2/examples/rknn_yolov8_demo_opencv_2_work_2/new_yolo8/logs/session_20260703_055408_ptzArmed_false", "event": "logs_archived", "reason": "ptzArmed_false", "ts": 1783058049.618}
{"archived": "/root/rknpu2/examples/rknn_yolov8_demo_opencv_2_work_2/new_yolo8/logs/session_20260703_055408_ptzArmed_false", "event": "logs_archived", "reason": "ptzArmed_false", "ts": 1783058049.618}
{"armed": false, "event": "idle_disarmed", "preset": "car_single", "single_auto": true, "ts": 1783058049.618}
{"armed": false, "event": "idle_disarmed", "preset": "car_single", "single_auto": true, "ts": 1783058049.618}
{"armed": false, "event": "idle_disarmed", "preset": "car_single", "single_auto": true, "ts": 1783058050.621}
{"armed": false, "event": "idle_disarmed", "preset": "car_single", "single_auto": true, "ts": 1783058050.621}
{"armed": false, "event": "idle_disarmed", "preset": "car_single", "single_auto": true, "ts": 1783058051.623}
{"armed": false, "event": "idle_disarmed", "preset": "car_single", "single_auto": true, "ts": 1783058051.623}
{"armed": false, "event": "idle_disarmed", "preset": "car_single", "single_auto": true, "ts": 1783058052.626}
{"armed": false, "event": "idle_disarmed", "preset": "car_single", "single_auto": true, "ts": 1783058052.626}
{"armed": false, "event": "idle_disarmed", "preset": "airplane_single", "single_auto": true, "ts": 1783058053.628}
{"armed": false, "event": "idle_disarmed", "preset": "airplane_single", "single_auto": true, "ts": 1783058053.628}
{"armed": false, "event": "idle_disarmed", "preset": "airplane_single", "single_auto": true, "ts": 1783058054.631}
{"armed": false, "event": "idle_disarmed", "preset": "airplane_single", "single_auto": true, "ts": 1783058054.631}
{"armed": false, "event": "idle_disarmed", "preset": "airplane_single", "single_auto": true, "ts": 1783058055.634}
{"armed": false, "event": "idle_disarmed", "preset": "airplane_single", "single_auto": true, "ts": 1783058055.634}
{"armed": false, "event": "idle_disarmed", "preset": "airplane_single", "single_auto": true, "ts": 1783058056.636}
{"armed": false, "event": "idle_disarmed", "preset": "airplane_single", "single_auto": true, "ts": 1783058056.636}
{"armed": false, "event": "idle_disarmed", "preset": "airplane_single", "single_auto": true, "ts": 1783058057.639}
{"armed": false, "event": "idle_disarmed", "preset": "airplane_single", "single_auto": true, "ts": 1783058057.639}
{"armed": false, "event": "idle_disarmed", "preset": "airplane_single", "single_auto": true, "ts": 1783058058.641}
{"armed": false, "event": "idle_disarmed", "preset": "airplane_single", "single_auto": true, "ts": 1783058058.641}
{"armed": false, "event": "idle_disarmed", "preset": "airplane_single", "single_auto": true, "ts": 1783058059.644}
{"armed": false, "event": "idle_disarmed", "preset": "airplane_single", "single_auto": true, "ts": 1783058059.644}
{"armed": false, "event": "idle_disarmed", "preset": "airplane_single", "single_auto": true, "ts": 1783058060.647}
{"armed": false, "event": "idle_disarmed", "preset": "airplane_single", "single_auto": true, "ts": 1783058060.647}
{"armed": false, "event": "idle_disarmed", "preset": "airplane_single", "single_auto": true, "ts": 1783058061.649}
{"armed": false, "event": "idle_disarmed", "preset": "airplane_single", "single_auto": true, "ts": 1783058061.649}
{"armed": false, "event": "idle_disarmed", "preset": "airplane_single", "single_auto": true, "ts": 1783058062.651}
{"armed": false, "event": "idle_disarmed", "preset": "airplane_single", "single_auto": true, "ts": 1783058062.651}
{"armed": false, "event": "idle_disarmed", "preset": "airplane_single", "single_auto": true, "ts": 1783058063.654}
{"armed": false, "event": "idle_disarmed", "preset": "airplane_single", "single_auto": true, "ts": 1783058063.654}
{"armed": false, "event": "idle_disarmed", "preset": "airplane_single", "single_auto": true, "ts": 1783058064.657}
{"armed": false, "event": "idle_disarmed", "preset": "airplane_single", "single_auto": true, "ts": 1783058064.657}
{"armed": false, "event": "idle_disarmed", "preset": "airplane_single", "single_auto": true, "ts": 1783058065.659}
{"armed": false, "event": "idle_disarmed", "preset": "airplane_single", "single_auto": true, "ts": 1783058065.659}
{"armed": false, "event": "idle_disarmed", "preset": "airplane_single", "single_auto": true, "ts": 1783058066.662}
{"armed": false, "event": "idle_disarmed", "preset": "airplane_single", "single_auto": true, "ts": 1783058066.662}
{"armed": false, "event": "idle_disarmed", "preset": "airplane_single", "single_auto": true, "ts": 1783058067.664}
{"armed": false, "event": "idle_disarmed", "preset": "airplane_single", "single_auto": true, "ts": 1783058067.664}
{"armed": false, "event": "idle_disarmed", "preset": "airplane_single", "single_auto": true, "ts": 1783058068.666}
{"armed": false, "event": "idle_disarmed", "preset": "airplane_single", "single_auto": true, "ts": 1783058068.666}
{"armed": false, "event": "idle_disarmed", "preset": "airplane_single", "single_auto": true, "ts": 1783058069.669}
{"armed": false, "event": "idle_disarmed", "preset": "airplane_single", "single_auto": true, "ts": 1783058069.669}
{"armed": false, "event": "idle_disarmed", "preset": "airplane_single", "single_auto": true, "ts": 1783058070.671}
{"armed": false, "event": "idle_disarmed", "preset": "airplane_single", "single_auto": true, "ts": 1783058070.671}
{"armed": false, "event": "idle_disarmed", "preset": "airplane_single", "single_auto": true, "ts": 1783058071.674}
{"armed": false, "event": "idle_disarmed", "preset": "airplane_single", "single_auto": true, "ts": 1783058071.674}
{"armed": false, "event": "idle_disarmed", "preset": "airplane_single", "single_auto": true, "ts": 1783058072.676}
{"armed": false, "event": "idle_disarmed", "preset": "airplane_single", "single_auto": true, "ts": 1783058072.676}
{"armed": false, "event": "idle_disarmed", "preset": "airplane_single", "single_auto": true, "ts": 1783058073.678}
{"armed": false, "event": "idle_disarmed", "preset": "airplane_single", "single_auto": true, "ts": 1783058073.678}
{"armed": false, "event": "idle_disarmed", "preset": "airplane_single", "single_auto": true, "ts": 1783058074.681}
{"armed": false, "event": "idle_disarmed", "preset": "airplane_single", "single_auto": true, "ts": 1783058074.681}
{"armed": false, "event": "idle_disarmed", "preset": "airplane_single", "single_auto": true, "ts": 1783058075.683}
{"armed": false, "event": "idle_disarmed", "preset": "airplane_single", "single_auto": true, "ts": 1783058075.683}
{"armed": false, "event": "idle_disarmed", "preset": "airplane_single", "single_auto": true, "ts": 1783058076.686}
{"armed": false, "event": "idle_disarmed", "preset": "airplane_single", "single_auto": true, "ts": 1783058076.686}
{"armed": false, "event": "idle_disarmed", "preset": "airplane_single", "single_auto": true, "ts": 1783058077.688}
{"armed": false, "event": "idle_disarmed", "preset": "airplane_single", "single_auto": true, "ts": 1783058077.688}
{"armed": false, "event": "idle_disarmed", "preset": "airplane_single", "single_auto": true, "ts": 1783058078.691}
{"armed": false, "event": "idle_disarmed", "preset": "airplane_single", "single_auto": true, "ts": 1783058078.691}
{"armed": false, "event": "idle_disarmed", "preset": "airplane_single", "single_auto": true, "ts": 1783058079.693}
{"armed": false, "event": "idle_disarmed", "preset": "airplane_single", "single_auto": true, "ts": 1783058079.693}
{"armed": false, "event": "idle_disarmed", "preset": "airplane_single", "single_auto": true, "ts": 1783058080.696}
{"armed": false, "event": "idle_disarmed", "preset": "airplane_single", "single_auto": true, "ts": 1783058080.696}
{"armed": false, "event": "idle_disarmed", "preset": "airplane_single", "single_auto": true, "ts": 1783058081.698}
{"armed": false, "event": "idle_disarmed", "preset": "airplane_single", "single_auto": true, "ts": 1783058081.698}
{"armed": false, "event": "idle_disarmed", "preset": "airplane_single", "single_auto": true, "ts": 1783058082.7}
{"armed": false, "event": "idle_disarmed", "preset": "airplane_single", "single_auto": true, "ts": 1783058082.7}
{"armed": false, "event": "idle_disarmed", "preset": "airplane_single", "single_auto": true, "ts": 1783058083.703}
{"armed": false, "event": "idle_disarmed", "preset": "airplane_single", "single_auto": true, "ts": 1783058083.703}
{"armed": false, "event": "idle_disarmed", "preset": "airplane_single", "single_auto": true, "ts": 1783058084.705}
{"armed": false, "event": "idle_disarmed", "preset": "airplane_single", "single_auto": true, "ts": 1783058084.705}
{"armed": false, "event": "idle_disarmed", "preset": "airplane_single", "single_auto": true, "ts": 1783058085.708}
{"armed": false, "event": "idle_disarmed", "preset": "airplane_single", "single_auto": true, "ts": 1783058085.708}
{"armed": false, "event": "idle_disarmed", "preset": "airplane_single", "single_auto": true, "ts": 1783058086.711}
{"armed": false, "event": "idle_disarmed", "preset": "airplane_single", "single_auto": true, "ts": 1783058086.711}
{"armed": false, "event": "idle_disarmed", "preset": "airplane_single", "single_auto": true, "ts": 1783058087.713}
{"armed": false, "event": "idle_disarmed", "preset": "airplane_single", "single_auto": true, "ts": 1783058087.713}
{"armed": false, "event": "idle_disarmed", "preset": "airplane_single", "single_auto": true, "ts": 1783058088.715}
{"armed": false, "event": "idle_disarmed", "preset": "airplane_single", "single_auto": true, "ts": 1783058088.715}
{"armed": false, "event": "idle_disarmed", "preset": "airplane_single", "single_auto": true, "ts": 1783058089.718}
{"armed": false, "event": "idle_disarmed", "preset": "airplane_single", "single_auto": true, "ts": 1783058089.718}
{"armed": false, "event": "idle_disarmed", "preset": "airplane_single", "single_auto": true, "ts": 1783058090.721}
{"armed": false, "event": "idle_disarmed", "preset": "airplane_single", "single_auto": true, "ts": 1783058090.721}
{"armed": false, "event": "idle_disarmed", "preset": "airplane_single", "single_auto": true, "ts": 1783058091.723}
{"armed": false, "event": "idle_disarmed", "preset": "airplane_single", "single_auto": true, "ts": 1783058091.723}
{"armed": false, "event": "idle_disarmed", "preset": "airplane_single", "single_auto": true, "ts": 1783058092.725}
{"armed": false, "event": "idle_disarmed", "preset": "airplane_single", "single_auto": true, "ts": 1783058092.725}
{"armed": false, "event": "idle_disarmed", "preset": "airplane_single", "single_auto": true, "ts": 1783058093.728}
{"armed": false, "event": "idle_disarmed", "preset": "airplane_single", "single_auto": true, "ts": 1783058093.728}
{"armed": false, "event": "idle_disarmed", "preset": "airplane_single", "single_auto": true, "ts": 1783058094.73}
{"armed": false, "event": "idle_disarmed", "preset": "airplane_single", "single_auto": true, "ts": 1783058094.73}
{"armed": false, "event": "idle_disarmed", "preset": "airplane_single", "single_auto": true, "ts": 1783058095.733}
{"armed": false, "event": "idle_disarmed", "preset": "airplane_single", "single_auto": true, "ts": 1783058095.733}
{"armed": false, "event": "idle_disarmed", "preset": "airplane_single", "single_auto": true, "ts": 1783058096.736}
{"armed": false, "event": "idle_disarmed", "preset": "airplane_single", "single_auto": true, "ts": 1783058096.736}
{"armed": false, "event": "idle_disarmed", "preset": "airplane_single", "single_auto": true, "ts": 1783058097.739}
{"armed": false, "event": "idle_disarmed", "preset": "airplane_single", "single_auto": true, "ts": 1783058097.739}
{"armed": false, "event": "idle_disarmed", "preset": "airplane_single", "single_auto": true, "ts": 1783058098.741}
{"armed": false, "event": "idle_disarmed", "preset": "airplane_single", "single_auto": true, "ts": 1783058098.741}
{"armed": false, "event": "idle_disarmed", "preset": "airplane_single", "single_auto": true, "ts": 1783058099.744}
{"armed": false, "event": "idle_disarmed", "preset": "airplane_single", "single_auto": true, "ts": 1783058099.744}
{"armed": false, "event": "idle_disarmed", "preset": "airplane_single", "single_auto": true, "ts": 1783058100.747}
{"armed": false, "event": "idle_disarmed", "preset": "airplane_single", "single_auto": true, "ts": 1783058100.747}
{"armed": false, "event": "idle_disarmed", "preset": "airplane_single", "single_auto": true, "ts": 1783058101.749}
{"armed": false, "event": "idle_disarmed", "preset": "airplane_single", "single_auto": true, "ts": 1783058101.749}
{"armed": false, "event": "idle_disarmed", "preset": "airplane_single", "single_auto": true, "ts": 1783058102.752}
{"armed": false, "event": "idle_disarmed", "preset": "airplane_single", "single_auto": true, "ts": 1783058102.752}
{"armed": false, "event": "idle_disarmed", "preset": "airplane_single", "single_auto": true, "ts": 1783058103.754}
{"armed": false, "event": "idle_disarmed", "preset": "airplane_single", "single_auto": true, "ts": 1783058103.754}
{"armed": false, "event": "idle_disarmed", "preset": "airplane_single", "single_auto": true, "ts": 1783058104.757}
{"armed": false, "event": "idle_disarmed", "preset": "airplane_single", "single_auto": true, "ts": 1783058104.757}
{"armed": false, "event": "idle_disarmed", "preset": "airplane_single", "single_auto": true, "ts": 1783058105.759}
{"armed": false, "event": "idle_disarmed", "preset": "airplane_single", "single_auto": true, "ts": 1783058105.759}
{"armed": false, "event": "idle_disarmed", "preset": "airplane_single", "single_auto": true, "ts": 1783058106.762}
{"armed": false, "event": "idle_disarmed", "preset": "airplane_single", "single_auto": true, "ts": 1783058106.762}
{"armed": false, "event": "idle_disarmed", "preset": "airplane_single", "single_auto": true, "ts": 1783058107.765}
{"armed": false, "event": "idle_disarmed", "preset": "airplane_single", "single_auto": true, "ts": 1783058107.765}
{"armed": false, "event": "idle_disarmed", "preset": "airplane_single", "single_auto": true, "ts": 1783058108.767}
{"armed": false, "event": "idle_disarmed", "preset": "airplane_single", "single_auto": true, "ts": 1783058108.767}
{"armed": false, "event": "idle_disarmed", "preset": "airplane_single", "single_auto": true, "ts": 1783058109.77}
{"armed": false, "event": "idle_disarmed", "preset": "airplane_single", "single_auto": true, "ts": 1783058109.77}
{"armed": false, "event": "idle_disarmed", "preset": "airplane_single", "single_auto": true, "ts": 1783058110.773}
{"armed": false, "event": "idle_disarmed", "preset": "airplane_single", "single_auto": true, "ts": 1783058110.773}
{"armed": false, "event": "idle_disarmed", "preset": "airplane_single", "single_auto": true, "ts": 1783058111.776}
{"armed": false, "event": "idle_disarmed", "preset": "airplane_single", "single_auto": true, "ts": 1783058111.776}
{"armed": false, "event": "idle_disarmed", "preset": "airplane_single", "single_auto": true, "ts": 1783058112.778}
{"armed": false, "event": "idle_disarmed", "preset": "airplane_single", "single_auto": true, "ts": 1783058112.778}
{"armed": false, "event": "idle_disarmed", "preset": "airplane_single", "single_auto": true, "ts": 1783058113.781}
{"armed": false, "event": "idle_disarmed", "preset": "airplane_single", "single_auto": true, "ts": 1783058113.781}
{"armed": false, "event": "idle_disarmed", "preset": "airplane_single", "single_auto": true, "ts": 1783058114.784}
{"armed": false, "event": "idle_disarmed", "preset": "airplane_single", "single_auto": true, "ts": 1783058114.784}
{"armed": false, "event": "idle_disarmed", "preset": "airplane_single", "single_auto": true, "ts": 1783058115.786}
{"armed": false, "event": "idle_disarmed", "preset": "airplane_single", "single_auto": true, "ts": 1783058115.786}
{"armed": false, "event": "idle_disarmed", "preset": "airplane_single", "single_auto": true, "ts": 1783058116.789}
{"armed": false, "event": "idle_disarmed", "preset": "airplane_single", "single_auto": true, "ts": 1783058116.789}
{"armed": false, "event": "idle_disarmed", "preset": "airplane_single", "single_auto": true, "ts": 1783058117.791}
{"armed": false, "event": "idle_disarmed", "preset": "airplane_single", "single_auto": true, "ts": 1783058117.791}
{"armed": false, "event": "idle_disarmed", "preset": "airplane_single", "single_auto": true, "ts": 1783058118.793}
{"armed": false, "event": "idle_disarmed", "preset": "airplane_single", "single_auto": true, "ts": 1783058118.793}
{"armed": false, "event": "idle_disarmed", "preset": "airplane_single", "single_auto": true, "ts": 1783058119.796}
{"armed": false, "event": "idle_disarmed", "preset": "airplane_single", "single_auto": true, "ts": 1783058119.796}
{"armed": false, "event": "idle_disarmed", "preset": "airplane_single", "single_auto": true, "ts": 1783058120.798}
{"armed": false, "event": "idle_disarmed", "preset": "airplane_single", "single_auto": true, "ts": 1783058120.798}
{"armed": false, "event": "idle_disarmed", "preset": "airplane_single", "single_auto": true, "ts": 1783058121.801}
{"armed": false, "event": "idle_disarmed", "preset": "airplane_single", "single_auto": true, "ts": 1783058121.801}
{"armed": false, "event": "idle_disarmed", "preset": "airplane_single", "single_auto": true, "ts": 1783058122.803}
{"armed": false, "event": "idle_disarmed", "preset": "airplane_single", "single_auto": true, "ts": 1783058122.803}
{"armed": false, "event": "idle_disarmed", "preset": "airplane_single", "single_auto": true, "ts": 1783058123.805}
{"armed": false, "event": "idle_disarmed", "preset": "airplane_single", "single_auto": true, "ts": 1783058123.805}
{"armed": false, "event": "idle_disarmed", "preset": "airplane_single", "single_auto": true, "ts": 1783058124.808}
{"armed": false, "event": "idle_disarmed", "preset": "airplane_single", "single_auto": true, "ts": 1783058124.808}
{"armed": false, "event": "idle_disarmed", "preset": "airplane_single", "single_auto": true, "ts": 1783058125.811}
{"armed": false, "event": "idle_disarmed", "preset": "airplane_single", "single_auto": true, "ts": 1783058125.811}
{"armed": false, "event": "idle_disarmed", "preset": "airplane_single", "single_auto": true, "ts": 1783058126.814}
{"armed": false, "event": "idle_disarmed", "preset": "airplane_single", "single_auto": true, "ts": 1783058126.814}
{"armed": false, "event": "idle_disarmed", "preset": "airplane_single", "single_auto": true, "ts": 1783058127.816}
{"armed": false, "event": "idle_disarmed", "preset": "airplane_single", "single_auto": true, "ts": 1783058127.816}
{"armed": false, "event": "idle_disarmed", "preset": "airplane_single", "single_auto": true, "ts": 1783058128.819}
{"armed": false, "event": "idle_disarmed", "preset": "airplane_single", "single_auto": true, "ts": 1783058128.819}
{"armed": false, "event": "idle_disarmed", "preset": "airplane_single", "single_auto": true, "ts": 1783058129.821}
{"armed": false, "event": "idle_disarmed", "preset": "airplane_single", "single_auto": true, "ts": 1783058129.821}
{"armed": false, "event": "idle_disarmed", "preset": "airplane_single", "single_auto": true, "ts": 1783058130.824}
{"armed": false, "event": "idle_disarmed", "preset": "airplane_single", "single_auto": true, "ts": 1783058130.824}
{"armed": false, "event": "idle_disarmed", "preset": "airplane_single", "single_auto": true, "ts": 1783058131.826}
{"armed": false, "event": "idle_disarmed", "preset": "airplane_single", "single_auto": true, "ts": 1783058131.826}
{"armed": false, "event": "idle_disarmed", "preset": "airplane_single", "single_auto": true, "ts": 1783058132.829}
{"armed": false, "event": "idle_disarmed", "preset": "airplane_single", "single_auto": true, "ts": 1783058132.829}
{"armed": false, "event": "idle_disarmed", "preset": "airplane_single", "single_auto": true, "ts": 1783058133.831}
{"armed": false, "event": "idle_disarmed", "preset": "airplane_single", "single_auto": true, "ts": 1783058133.831}
{"armed": false, "event": "idle_disarmed", "preset": "airplane_single", "single_auto": true, "ts": 1783058134.833}
{"armed": false, "event": "idle_disarmed", "preset": "airplane_single", "single_auto": true, "ts": 1783058134.833}
{"armed": false, "event": "idle_disarmed", "preset": "airplane_single", "single_auto": true, "ts": 1783058135.836}
{"armed": false, "event": "idle_disarmed", "preset": "airplane_single", "single_auto": true, "ts": 1783058135.836}
{"armed": false, "event": "idle_disarmed", "preset": "airplane_single", "single_auto": true, "ts": 1783058136.839}
{"armed": false, "event": "idle_disarmed", "preset": "airplane_single", "single_auto": true, "ts": 1783058136.839}
{"armed": false, "event": "idle_disarmed", "preset": "airplane_single", "single_auto": true, "ts": 1783058137.841}
{"armed": false, "event": "idle_disarmed", "preset": "airplane_single", "single_auto": true, "ts": 1783058137.841}
{"armed": false, "event": "idle_disarmed", "preset": "airplane_single", "single_auto": true, "ts": 1783058138.844}
{"armed": false, "event": "idle_disarmed", "preset": "airplane_single", "single_auto": true, "ts": 1783058138.844}
{"armed": false, "event": "idle_disarmed", "preset": "airplane_single", "single_auto": true, "ts": 1783058139.847}
{"armed": false, "event": "idle_disarmed", "preset": "airplane_single", "single_auto": true, "ts": 1783058139.847}
{"armed": false, "event": "idle_disarmed", "preset": "airplane_single", "single_auto": true, "ts": 1783058140.849}
{"armed": false, "event": "idle_disarmed", "preset": "airplane_single", "single_auto": true, "ts": 1783058140.849}
{"armed": false, "event": "idle_disarmed", "preset": "airplane_single", "single_auto": true, "ts": 1783058141.852}
{"armed": false, "event": "idle_disarmed", "preset": "airplane_single", "single_auto": true, "ts": 1783058141.852}
{"armed": false, "event": "idle_disarmed", "preset": "airplane_single", "single_auto": true, "ts": 1783058142.854}
{"armed": false, "event": "idle_disarmed", "preset": "airplane_single", "single_auto": true, "ts": 1783058142.854}
{"armed": false, "event": "idle_disarmed", "preset": "airplane_single", "single_auto": true, "ts": 1783058143.857}
{"armed": false, "event": "idle_disarmed", "preset": "airplane_single", "single_auto": true, "ts": 1783058143.857}
{"armed": false, "event": "idle_disarmed", "preset": "airplane_single", "single_auto": true, "ts": 1783058144.86}
{"armed": false, "event": "idle_disarmed", "preset": "airplane_single", "single_auto": true, "ts": 1783058144.86}
{"armed": false, "event": "idle_disarmed", "preset": "airplane_single", "single_auto": true, "ts": 1783058145.862}
{"armed": false, "event": "idle_disarmed", "preset": "airplane_single", "single_auto": true, "ts": 1783058145.862}
{"armed": false, "event": "idle_disarmed", "preset": "airplane_single", "single_auto": true, "ts": 1783058146.865}
{"armed": false, "event": "idle_disarmed", "preset": "airplane_single", "single_auto": true, "ts": 1783058146.865}
{"armed": false, "event": "idle_disarmed", "preset": "airplane_single", "single_auto": true, "ts": 1783058147.868}
{"armed": false, "event": "idle_disarmed", "preset": "airplane_single", "single_auto": true, "ts": 1783058147.868}
{"armed": false, "event": "idle_disarmed", "preset": "airplane_single", "single_auto": true, "ts": 1783058148.87}
{"armed": false, "event": "idle_disarmed", "preset": "airplane_single", "single_auto": true, "ts": 1783058148.87}
{"armed": false, "event": "idle_disarmed", "preset": "airplane_single", "single_auto": true, "ts": 1783058149.873}
{"armed": false, "event": "idle_disarmed", "preset": "airplane_single", "single_auto": true, "ts": 1783058149.873}
{"armed": false, "event": "idle_disarmed", "preset": "airplane_single", "single_auto": true, "ts": 1783058150.875}
{"armed": false, "event": "idle_disarmed", "preset": "airplane_single", "single_auto": true, "ts": 1783058150.875}
{"armed": false, "event": "idle_disarmed", "preset": "airplane_single", "single_auto": true, "ts": 1783058151.878}
{"armed": false, "event": "idle_disarmed", "preset": "airplane_single", "single_auto": true, "ts": 1783058151.878}
{"armed": false, "event": "idle_disarmed", "preset": "airplane_single", "single_auto": true, "ts": 1783058152.881}
{"armed": false, "event": "idle_disarmed", "preset": "airplane_single", "single_auto": true, "ts": 1783058152.881}
{"armed": false, "event": "idle_disarmed", "preset": "airplane_single", "single_auto": true, "ts": 1783058153.884}
{"armed": false, "event": "idle_disarmed", "preset": "airplane_single", "single_auto": true, "ts": 1783058153.884}
{"armed": false, "event": "idle_disarmed", "preset": "airplane_single", "single_auto": true, "ts": 1783058154.886}
{"armed": false, "event": "idle_disarmed", "preset": "airplane_single", "single_auto": true, "ts": 1783058154.886}
{"armed": false, "event": "idle_disarmed", "preset": "airplane_single", "single_auto": true, "ts": 1783058155.889}
{"armed": false, "event": "idle_disarmed", "preset": "airplane_single", "single_auto": true, "ts": 1783058155.889}
{"armed": false, "event": "idle_disarmed", "preset": "airplane_single", "single_auto": true, "ts": 1783058156.893}
{"armed": false, "event": "idle_disarmed", "preset": "airplane_single", "single_auto": true, "ts": 1783058156.893}
{"armed": false, "event": "idle_disarmed", "preset": "airplane_single", "single_auto": true, "ts": 1783058157.896}
{"armed": false, "event": "idle_disarmed", "preset": "airplane_single", "single_auto": true, "ts": 1783058157.896}
{"armed": false, "event": "idle_disarmed", "preset": "airplane_single", "single_auto": true, "ts": 1783058158.898}
{"armed": false, "event": "idle_disarmed", "preset": "airplane_single", "single_auto": true, "ts": 1783058158.898}
{"armed": false, "event": "idle_disarmed", "preset": "airplane_single", "single_auto": true, "ts": 1783058159.901}
{"armed": false, "event": "idle_disarmed", "preset": "airplane_single", "single_auto": true, "ts": 1783058159.901}
{"armed": false, "event": "idle_disarmed", "preset": "airplane_single", "single_auto": true, "ts": 1783058160.904}
{"armed": false, "event": "idle_disarmed", "preset": "airplane_single", "single_auto": true, "ts": 1783058160.904}
{"armed": false, "event": "idle_disarmed", "preset": "airplane_single", "single_auto": true, "ts": 1783058161.906}
{"armed": false, "event": "idle_disarmed", "preset": "airplane_single", "single_auto": true, "ts": 1783058161.906}
{"armed": false, "event": "idle_disarmed", "preset": "airplane_single", "single_auto": true, "ts": 1783058162.909}
{"armed": false, "event": "idle_disarmed", "preset": "airplane_single", "single_auto": true, "ts": 1783058162.909}
{"armed": false, "event": "idle_disarmed", "preset": "airplane_single", "single_auto": true, "ts": 1783058163.912}
{"armed": false, "event": "idle_disarmed", "preset": "airplane_single", "single_auto": true, "ts": 1783058163.912}
{"armed": false, "event": "idle_disarmed", "preset": "airplane_single", "single_auto": true, "ts": 1783058164.914}
{"armed": false, "event": "idle_disarmed", "preset": "airplane_single", "single_auto": true, "ts": 1783058164.914}
{"armed": false, "event": "idle_disarmed", "preset": "airplane_single", "single_auto": true, "ts": 1783058165.917}
{"armed": false, "event": "idle_disarmed", "preset": "airplane_single", "single_auto": true, "ts": 1783058165.917}
{"armed": false, "event": "idle_disarmed", "preset": "airplane_single", "single_auto": true, "ts": 1783058166.92}
{"armed": false, "event": "idle_disarmed", "preset": "airplane_single", "single_auto": true, "ts": 1783058166.92}
{"armed": false, "event": "idle_disarmed", "preset": "airplane_single", "single_auto": true, "ts": 1783058167.922}
{"armed": false, "event": "idle_disarmed", "preset": "airplane_single", "single_auto": true, "ts": 1783058167.922}
{"armed": false, "event": "idle_disarmed", "preset": "airplane_single", "single_auto": true, "ts": 1783058168.925}
{"armed": false, "event": "idle_disarmed", "preset": "airplane_single", "single_auto": true, "ts": 1783058168.925}
{"armed": false, "event": "idle_disarmed", "preset": "airplane_single", "single_auto": true, "ts": 1783058169.928}
{"armed": false, "event": "idle_disarmed", "preset": "airplane_single", "single_auto": true, "ts": 1783058169.928}
{"armed": false, "event": "idle_disarmed", "preset": "airplane_single", "single_auto": true, "ts": 1783058170.931}
{"armed": false, "event": "idle_disarmed", "preset": "airplane_single", "single_auto": true, "ts": 1783058170.931}
{"armed": false, "event": "idle_disarmed", "preset": "airplane_single", "single_auto": true, "ts": 1783058171.934}
{"armed": false, "event": "idle_disarmed", "preset": "airplane_single", "single_auto": true, "ts": 1783058171.934}
{"armed": false, "event": "idle_disarmed", "preset": "airplane_single", "single_auto": true, "ts": 1783058172.937}
{"armed": false, "event": "idle_disarmed", "preset": "airplane_single", "single_auto": true, "ts": 1783058172.937}
{"armed": false, "event": "idle_disarmed", "preset": "airplane_single", "single_auto": true, "ts": 1783058173.939}
{"armed": false, "event": "idle_disarmed", "preset": "airplane_single", "single_auto": true, "ts": 1783058173.939}
{"armed": false, "event": "idle_disarmed", "preset": "airplane_single", "single_auto": true, "ts": 1783058174.942}
{"armed": false, "event": "idle_disarmed", "preset": "airplane_single", "single_auto": true, "ts": 1783058174.942}
{"armed": false, "event": "idle_disarmed", "preset": "airplane_single", "single_auto": true, "ts": 1783058175.945}
{"armed": false, "event": "idle_disarmed", "preset": "airplane_single", "single_auto": true, "ts": 1783058175.945}
{"armed": false, "event": "idle_disarmed", "preset": "airplane_single", "single_auto": true, "ts": 1783058176.947}
{"armed": false, "event": "idle_disarmed", "preset": "airplane_single", "single_auto": true, "ts": 1783058176.947}
{"armed": false, "event": "idle_disarmed", "preset": "airplane_single", "single_auto": true, "ts": 1783058177.95}
{"armed": false, "event": "idle_disarmed", "preset": "airplane_single", "single_auto": true, "ts": 1783058177.95}
{"armed": false, "event": "idle_disarmed", "preset": "airplane_single", "single_auto": true, "ts": 1783058178.953}
{"armed": false, "event": "idle_disarmed", "preset": "airplane_single", "single_auto": true, "ts": 1783058178.953}
{"armed": false, "event": "idle_disarmed", "preset": "airplane_single", "single_auto": true, "ts": 1783058179.956}
{"armed": false, "event": "idle_disarmed", "preset": "airplane_single", "single_auto": true, "ts": 1783058179.956}
{"armed": false, "event": "idle_disarmed", "preset": "airplane_single", "single_auto": true, "ts": 1783058180.959}
{"armed": false, "event": "idle_disarmed", "preset": "airplane_single", "single_auto": true, "ts": 1783058180.959}
{"armed": false, "event": "idle_disarmed", "preset": "airplane_single", "single_auto": true, "ts": 1783058181.962}
{"armed": false, "event": "idle_disarmed", "preset": "airplane_single", "single_auto": true, "ts": 1783058181.962}
{"armed": false, "event": "idle_disarmed", "preset": "airplane_single", "single_auto": true, "ts": 1783058182.964}
{"armed": false, "event": "idle_disarmed", "preset": "airplane_single", "single_auto": true, "ts": 1783058182.964}
{"armed": false, "event": "idle_disarmed", "preset": "airplane_single", "single_auto": true, "ts": 1783058183.967}
{"armed": false, "event": "idle_disarmed", "preset": "airplane_single", "single_auto": true, "ts": 1783058183.967}
{"armed": false, "event": "idle_disarmed", "preset": "airplane_single", "single_auto": true, "ts": 1783058184.97}
{"armed": false, "event": "idle_disarmed", "preset": "airplane_single", "single_auto": true, "ts": 1783058184.97}
{"armed": false, "event": "idle_disarmed", "preset": "airplane_single", "single_auto": true, "ts": 1783058185.972}
{"armed": false, "event": "idle_disarmed", "preset": "airplane_single", "single_auto": true, "ts": 1783058185.972}
{"armed": false, "event": "idle_disarmed", "preset": "airplane_single", "single_auto": true, "ts": 1783058186.975}
{"armed": false, "event": "idle_disarmed", "preset": "airplane_single", "single_auto": true, "ts": 1783058186.975}
{"armed": false, "event": "idle_disarmed", "preset": "airplane_single", "single_auto": true, "ts": 1783058187.978}
{"armed": false, "event": "idle_disarmed", "preset": "airplane_single", "single_auto": true, "ts": 1783058187.978}
{"armed": false, "event": "idle_disarmed", "preset": "airplane_single", "single_auto": true, "ts": 1783058188.98}
{"armed": false, "event": "idle_disarmed", "preset": "airplane_single", "single_auto": true, "ts": 1783058188.98}
{"armed": false, "event": "idle_disarmed", "preset": "airplane_single", "single_auto": true, "ts": 1783058189.983}
{"armed": false, "event": "idle_disarmed", "preset": "airplane_single", "single_auto": true, "ts": 1783058189.983}
{"armed": false, "event": "idle_disarmed", "preset": "airplane_single", "single_auto": true, "ts": 1783058190.986}
{"armed": false, "event": "idle_disarmed", "preset": "airplane_single", "single_auto": true, "ts": 1783058190.986}
{"armed": false, "event": "idle_disarmed", "preset": "airplane_single", "single_auto": true, "ts": 1783058191.989}
{"armed": false, "event": "idle_disarmed", "preset": "airplane_single", "single_auto": true, "ts": 1783058191.989}
{"armed": false, "event": "idle_disarmed", "preset": "airplane_single", "single_auto": true, "ts": 1783058192.991}
{"armed": false, "event": "idle_disarmed", "preset": "airplane_single", "single_auto": true, "ts": 1783058192.991}
{"armed": false, "event": "idle_disarmed", "preset": "airplane_single", "single_auto": true, "ts": 1783058193.994}
{"armed": false, "event": "idle_disarmed", "preset": "airplane_single", "single_auto": true, "ts": 1783058193.994}
{"armed": false, "event": "idle_disarmed", "preset": "airplane_single", "single_auto": true, "ts": 1783058194.997}
{"armed": false, "event": "idle_disarmed", "preset": "airplane_single", "single_auto": true, "ts": 1783058194.997}
{"armed": false, "event": "idle_disarmed", "preset": "airplane_single", "single_auto": true, "ts": 1783058195.999}
{"armed": false, "event": "idle_disarmed", "preset": "airplane_single", "single_auto": true, "ts": 1783058195.999}
{"armed": false, "event": "idle_disarmed", "preset": "airplane_single", "single_auto": true, "ts": 1783058197.002}
{"armed": false, "event": "idle_disarmed", "preset": "airplane_single", "single_auto": true, "ts": 1783058197.002}
{"armed": false, "event": "idle_disarmed", "preset": "airplane_single", "single_auto": true, "ts": 1783058198.004}
{"armed": false, "event": "idle_disarmed", "preset": "airplane_single", "single_auto": true, "ts": 1783058198.004}
{"armed": false, "event": "idle_disarmed", "preset": "airplane_single", "single_auto": true, "ts": 1783058199.007}
{"armed": false, "event": "idle_disarmed", "preset": "airplane_single", "single_auto": true, "ts": 1783058199.007}
{"armed": false, "event": "idle_disarmed", "preset": "airplane_single", "single_auto": true, "ts": 1783058200.01}
{"armed": false, "event": "idle_disarmed", "preset": "airplane_single", "single_auto": true, "ts": 1783058200.01}
{"armed": false, "event": "idle_disarmed", "preset": "airplane_single", "single_auto": true, "ts": 1783058201.012}
{"armed": false, "event": "idle_disarmed", "preset": "airplane_single", "single_auto": true, "ts": 1783058201.012}
{"armed": false, "event": "idle_disarmed", "preset": "airplane_single", "single_auto": true, "ts": 1783058202.016}
{"armed": false, "event": "idle_disarmed", "preset": "airplane_single", "single_auto": true, "ts": 1783058202.016}
{"armed": false, "event": "idle_disarmed", "preset": "airplane_single", "single_auto": true, "ts": 1783058203.019}
{"armed": false, "event": "idle_disarmed", "preset": "airplane_single", "single_auto": true, "ts": 1783058203.019}
{"armed": false, "event": "idle_disarmed", "preset": "airplane_single", "single_auto": true, "ts": 1783058204.021}
{"armed": false, "event": "idle_disarmed", "preset": "airplane_single", "single_auto": true, "ts": 1783058204.021}
{"armed": false, "event": "idle_disarmed", "preset": "airplane_single", "single_auto": true, "ts": 1783058205.024}
{"armed": false, "event": "idle_disarmed", "preset": "airplane_single", "single_auto": true, "ts": 1783058205.024}
{"armed": false, "event": "idle_disarmed", "preset": "airplane_single", "single_auto": true, "ts": 1783058206.027}
{"armed": false, "event": "idle_disarmed", "preset": "airplane_single", "single_auto": true, "ts": 1783058206.027}
{"armed": false, "event": "idle_disarmed", "preset": "airplane_single", "single_auto": true, "ts": 1783058207.03}
{"armed": false, "event": "idle_disarmed", "preset": "airplane_single", "single_auto": true, "ts": 1783058207.03}
{"armed": false, "event": "idle_disarmed", "preset": "airplane_single", "single_auto": true, "ts": 1783058208.032}
{"armed": false, "event": "idle_disarmed", "preset": "airplane_single", "single_auto": true, "ts": 1783058208.032}
{"armed": false, "event": "idle_disarmed", "preset": "airplane_single", "single_auto": true, "ts": 1783058209.035}
{"armed": false, "event": "idle_disarmed", "preset": "airplane_single", "single_auto": true, "ts": 1783058209.035}
{"armed": false, "event": "idle_disarmed", "preset": "airplane_single", "single_auto": true, "ts": 1783058210.038}
{"armed": false, "event": "idle_disarmed", "preset": "airplane_single", "single_auto": true, "ts": 1783058210.038}
{"armed": false, "event": "idle_disarmed", "preset": "airplane_single", "single_auto": true, "ts": 1783058211.04}
{"armed": false, "event": "idle_disarmed", "preset": "airplane_single", "single_auto": true, "ts": 1783058211.04}
{"armed": false, "event": "idle_disarmed", "preset": "airplane_single", "single_auto": true, "ts": 1783058212.043}
{"armed": false, "event": "idle_disarmed", "preset": "airplane_single", "single_auto": true, "ts": 1783058212.043}
{"armed": false, "event": "idle_disarmed", "preset": "airplane_single", "single_auto": true, "ts": 1783058213.045}
{"armed": false, "event": "idle_disarmed", "preset": "airplane_single", "single_auto": true, "ts": 1783058213.045}
{"armed": false, "event": "idle_disarmed", "preset": "airplane_single", "single_auto": true, "ts": 1783058214.048}
{"armed": false, "event": "idle_disarmed", "preset": "airplane_single", "single_auto": true, "ts": 1783058214.048}
{"armed": false, "event": "idle_disarmed", "preset": "airplane_single", "single_auto": true, "ts": 1783058215.05}
{"armed": false, "event": "idle_disarmed", "preset": "airplane_single", "single_auto": true, "ts": 1783058215.05}
{"armed": false, "event": "idle_disarmed", "preset": "airplane_single", "single_auto": true, "ts": 1783058216.053}
{"armed": false, "event": "idle_disarmed", "preset": "airplane_single", "single_auto": true, "ts": 1783058216.053}
{"armed": false, "event": "idle_disarmed", "preset": "airplane_single", "single_auto": true, "ts": 1783058217.056}
{"armed": false, "event": "idle_disarmed", "preset": "airplane_single", "single_auto": true, "ts": 1783058217.056}
{"armed": false, "event": "idle_disarmed", "preset": "airplane_single", "single_auto": true, "ts": 1783058218.058}
{"armed": false, "event": "idle_disarmed", "preset": "airplane_single", "single_auto": true, "ts": 1783058218.058}
{"armed": false, "event": "idle_disarmed", "preset": "airplane_single", "single_auto": true, "ts": 1783058219.06}
{"armed": false, "event": "idle_disarmed", "preset": "airplane_single", "single_auto": true, "ts": 1783058219.06}
{"armed": false, "event": "idle_disarmed", "preset": "airplane_single", "single_auto": true, "ts": 1783058220.063}
{"armed": false, "event": "idle_disarmed", "preset": "airplane_single", "single_auto": true, "ts": 1783058220.063}
{"armed": false, "event": "idle_disarmed", "preset": "airplane_single", "single_auto": true, "ts": 1783058221.065}
{"armed": false, "event": "idle_disarmed", "preset": "airplane_single", "single_auto": true, "ts": 1783058221.065}
{"armed": false, "event": "idle_disarmed", "preset": "airplane_single", "single_auto": true, "ts": 1783058222.068}
{"armed": false, "event": "idle_disarmed", "preset": "airplane_single", "single_auto": true, "ts": 1783058222.068}
{"armed": false, "event": "idle_disarmed", "preset": "airplane_single", "single_auto": true, "ts": 1783058223.07}
{"armed": false, "event": "idle_disarmed", "preset": "airplane_single", "single_auto": true, "ts": 1783058223.07}
{"armed": false, "event": "idle_disarmed", "preset": "airplane_single", "single_auto": true, "ts": 1783058224.072}
{"armed": false, "event": "idle_disarmed", "preset": "airplane_single", "single_auto": true, "ts": 1783058224.072}
{"armed": false, "event": "idle_disarmed", "preset": "airplane_single", "single_auto": true, "ts": 1783058225.075}
{"armed": false, "event": "idle_disarmed", "preset": "airplane_single", "single_auto": true, "ts": 1783058225.075}
{"armed": false, "event": "idle_disarmed", "preset": "airplane_single", "single_auto": true, "ts": 1783058226.078}
{"armed": false, "event": "idle_disarmed", "preset": "airplane_single", "single_auto": true, "ts": 1783058226.078}
{"armed": false, "event": "idle_disarmed", "preset": "airplane_single", "single_auto": true, "ts": 1783058227.08}
{"armed": false, "event": "idle_disarmed", "preset": "airplane_single", "single_auto": true, "ts": 1783058227.08}
{"armed": false, "event": "idle_disarmed", "preset": "airplane_single", "single_auto": true, "ts": 1783058228.082}
{"armed": false, "event": "idle_disarmed", "preset": "airplane_single", "single_auto": true, "ts": 1783058228.082}
{"armed": false, "event": "idle_disarmed", "preset": "airplane_single", "single_auto": true, "ts": 1783058229.085}
{"armed": false, "event": "idle_disarmed", "preset": "airplane_single", "single_auto": true, "ts": 1783058229.085}
{"armed": false, "event": "idle_disarmed", "preset": "airplane_single", "single_auto": true, "ts": 1783058230.087}
{"armed": false, "event": "idle_disarmed", "preset": "airplane_single", "single_auto": true, "ts": 1783058230.087}
{"armed": false, "event": "idle_disarmed", "preset": "airplane_single", "single_auto": true, "ts": 1783058231.089}
{"armed": false, "event": "idle_disarmed", "preset": "airplane_single", "single_auto": true, "ts": 1783058231.089}
{"armed": false, "event": "idle_disarmed", "preset": "airplane_single", "single_auto": true, "ts": 1783058232.092}
{"armed": false, "event": "idle_disarmed", "preset": "airplane_single", "single_auto": true, "ts": 1783058232.092}
{"armed": false, "event": "idle_disarmed", "preset": "airplane_single", "single_auto": true, "ts": 1783058233.094}
{"armed": false, "event": "idle_disarmed", "preset": "airplane_single", "single_auto": true, "ts": 1783058233.094}
{"armed": false, "event": "idle_disarmed", "preset": "airplane_single", "single_auto": true, "ts": 1783058234.097}
{"armed": false, "event": "idle_disarmed", "preset": "airplane_single", "single_auto": true, "ts": 1783058234.097}
{"armed": false, "event": "idle_disarmed", "preset": "airplane_single", "single_auto": true, "ts": 1783058235.099}
{"armed": false, "event": "idle_disarmed", "preset": "airplane_single", "single_auto": true, "ts": 1783058235.099}
{"armed": false, "event": "idle_disarmed", "preset": "airplane_single", "single_auto": true, "ts": 1783058236.101}
{"armed": false, "event": "idle_disarmed", "preset": "airplane_single", "single_auto": true, "ts": 1783058236.101}
{"armed": false, "event": "idle_disarmed", "preset": "airplane_single", "single_auto": true, "ts": 1783058237.104}
{"armed": false, "event": "idle_disarmed", "preset": "airplane_single", "single_auto": true, "ts": 1783058237.104}
{"armed": false, "event": "idle_disarmed", "preset": "airplane_single", "single_auto": true, "ts": 1783058238.106}
{"armed": false, "event": "idle_disarmed", "preset": "airplane_single", "single_auto": true, "ts": 1783058238.106}
{"armed": false, "event": "idle_disarmed", "preset": "airplane_single", "single_auto": true, "ts": 1783058239.108}
{"armed": false, "event": "idle_disarmed", "preset": "airplane_single", "single_auto": true, "ts": 1783058239.108}
{"armed": false, "event": "idle_disarmed", "preset": "airplane_single", "single_auto": true, "ts": 1783058240.111}
{"armed": false, "event": "idle_disarmed", "preset": "airplane_single", "single_auto": true, "ts": 1783058240.111}
{"armed": false, "event": "idle_disarmed", "preset": "airplane_single", "single_auto": true, "ts": 1783058241.113}
{"armed": false, "event": "idle_disarmed", "preset": "airplane_single", "single_auto": true, "ts": 1783058241.113}
{"armed": false, "event": "idle_disarmed", "preset": "airplane_single", "single_auto": true, "ts": 1783058242.116}
{"armed": false, "event": "idle_disarmed", "preset": "airplane_single", "single_auto": true, "ts": 1783058242.116}
{"armed": false, "event": "idle_disarmed", "preset": "airplane_single", "single_auto": true, "ts": 1783058243.118}
{"armed": false, "event": "idle_disarmed", "preset": "airplane_single", "single_auto": true, "ts": 1783058243.118}
{"armed": false, "event": "idle_disarmed", "preset": "airplane_single", "single_auto": true, "ts": 1783058244.12}
{"armed": false, "event": "idle_disarmed", "preset": "airplane_single", "single_auto": true, "ts": 1783058244.12}
{"armed": false, "event": "idle_disarmed", "preset": "airplane_single", "single_auto": true, "ts": 1783058245.123}
{"armed": false, "event": "idle_disarmed", "preset": "airplane_single", "single_auto": true, "ts": 1783058245.123}
{"armed": false, "event": "idle_disarmed", "preset": "airplane_single", "single_auto": true, "ts": 1783058246.125}
{"armed": false, "event": "idle_disarmed", "preset": "airplane_single", "single_auto": true, "ts": 1783058246.125}
{"armed": false, "event": "idle_disarmed", "preset": "airplane_single", "single_auto": true, "ts": 1783058247.127}
{"armed": false, "event": "idle_disarmed", "preset": "airplane_single", "single_auto": true, "ts": 1783058247.127}
{"armed": false, "event": "idle_disarmed", "preset": "airplane_single", "single_auto": true, "ts": 1783058248.13}
{"armed": false, "event": "idle_disarmed", "preset": "airplane_single", "single_auto": true, "ts": 1783058248.13}
{"armed": false, "event": "idle_disarmed", "preset": "airplane_single", "single_auto": true, "ts": 1783058249.133}
{"armed": false, "event": "idle_disarmed", "preset": "airplane_single", "single_auto": true, "ts": 1783058249.133}
{"armed": false, "event": "idle_disarmed", "preset": "airplane_single", "single_auto": true, "ts": 1783058250.135}
{"armed": false, "event": "idle_disarmed", "preset": "airplane_single", "single_auto": true, "ts": 1783058250.135}
{"armed": false, "event": "idle_disarmed", "preset": "airplane_single", "single_auto": true, "ts": 1783058251.137}
{"armed": false, "event": "idle_disarmed", "preset": "airplane_single", "single_auto": true, "ts": 1783058251.137}
{"armed": false, "event": "idle_disarmed", "preset": "airplane_single", "single_auto": true, "ts": 1783058252.14}
{"armed": false, "event": "idle_disarmed", "preset": "airplane_single", "single_auto": true, "ts": 1783058252.14}
{"armed": false, "event": "idle_disarmed", "preset": "airplane_single", "single_auto": true, "ts": 1783058253.142}
{"armed": false, "event": "idle_disarmed", "preset": "airplane_single", "single_auto": true, "ts": 1783058253.142}
{"armed": false, "event": "idle_disarmed", "preset": "airplane_single", "single_auto": true, "ts": 1783058254.145}
{"armed": false, "event": "idle_disarmed", "preset": "airplane_single", "single_auto": true, "ts": 1783058254.145}
{"armed": false, "event": "idle_disarmed", "preset": "airplane_single", "single_auto": true, "ts": 1783058255.147}
{"armed": false, "event": "idle_disarmed", "preset": "airplane_single", "single_auto": true, "ts": 1783058255.147}
{"armed": false, "event": "idle_disarmed", "preset": "airplane_single", "single_auto": true, "ts": 1783058256.149}
{"armed": false, "event": "idle_disarmed", "preset": "airplane_single", "single_auto": true, "ts": 1783058256.149}
{"armed": false, "event": "idle_disarmed", "preset": "airplane_single", "single_auto": true, "ts": 1783058257.152}
{"armed": false, "event": "idle_disarmed", "preset": "airplane_single", "single_auto": true, "ts": 1783058257.152}
{"armed": false, "event": "idle_disarmed", "preset": "airplane_single", "single_auto": true, "ts": 1783058258.154}
{"armed": false, "event": "idle_disarmed", "preset": "airplane_single", "single_auto": true, "ts": 1783058258.154}
{"armed": false, "event": "idle_disarmed", "preset": "airplane_single", "single_auto": true, "ts": 1783058259.157}
{"armed": false, "event": "idle_disarmed", "preset": "airplane_single", "single_auto": true, "ts": 1783058259.157}
{"armed": false, "event": "idle_disarmed", "preset": "airplane_single", "single_auto": true, "ts": 1783058260.159}
{"armed": false, "event": "idle_disarmed", "preset": "airplane_single", "single_auto": true, "ts": 1783058260.159}
{"armed": false, "event": "idle_disarmed", "preset": "airplane_single", "single_auto": true, "ts": 1783058261.162}
{"armed": false, "event": "idle_disarmed", "preset": "airplane_single", "single_auto": true, "ts": 1783058261.162}
{"armed": false, "event": "idle_disarmed", "preset": "airplane_single", "single_auto": true, "ts": 1783058262.164}
{"armed": false, "event": "idle_disarmed", "preset": "airplane_single", "single_auto": true, "ts": 1783058262.164}
{"armed": false, "event": "idle_disarmed", "preset": "airplane_single", "single_auto": true, "ts": 1783058263.166}
{"armed": false, "event": "idle_disarmed", "preset": "airplane_single", "single_auto": true, "ts": 1783058263.166}
{"armed": false, "event": "idle_disarmed", "preset": "airplane_single", "single_auto": true, "ts": 1783058264.169}
{"armed": false, "event": "idle_disarmed", "preset": "airplane_single", "single_auto": true, "ts": 1783058264.169}
{"armed": false, "event": "idle_disarmed", "preset": "airplane_single", "single_auto": true, "ts": 1783058265.171}
{"armed": false, "event": "idle_disarmed", "preset": "airplane_single", "single_auto": true, "ts": 1783058265.171}
{"armed": false, "event": "idle_disarmed", "preset": "airplane_single", "single_auto": true, "ts": 1783058266.173}
{"armed": false, "event": "idle_disarmed", "preset": "airplane_single", "single_auto": true, "ts": 1783058266.173}
{"armed": false, "event": "idle_disarmed", "preset": "airplane_single", "single_auto": true, "ts": 1783058267.176}
{"armed": false, "event": "idle_disarmed", "preset": "airplane_single", "single_auto": true, "ts": 1783058267.176}
{"armed": false, "event": "idle_disarmed", "preset": "airplane_single", "single_auto": true, "ts": 1783058268.178}
{"armed": false, "event": "idle_disarmed", "preset": "airplane_single", "single_auto": true, "ts": 1783058268.178}
{"armed": false, "event": "idle_disarmed", "preset": "airplane_single", "single_auto": true, "ts": 1783058269.181}
{"armed": false, "event": "idle_disarmed", "preset": "airplane_single", "single_auto": true, "ts": 1783058269.181}
{"armed": false, "event": "idle_disarmed", "preset": "airplane_single", "single_auto": true, "ts": 1783058270.183}
{"armed": false, "event": "idle_disarmed", "preset": "airplane_single", "single_auto": true, "ts": 1783058270.183}
{"armed": false, "event": "idle_disarmed", "preset": "airplane_single", "single_auto": true, "ts": 1783058271.186}
{"armed": false, "event": "idle_disarmed", "preset": "airplane_single", "single_auto": true, "ts": 1783058271.186}
{"armed": false, "event": "idle_disarmed", "preset": "airplane_single", "single_auto": true, "ts": 1783058272.188}
{"armed": false, "event": "idle_disarmed", "preset": "airplane_single", "single_auto": true, "ts": 1783058272.188}
{"armed": false, "event": "idle_disarmed", "preset": "airplane_single", "single_auto": true, "ts": 1783058273.191}
{"armed": false, "event": "idle_disarmed", "preset": "airplane_single", "single_auto": true, "ts": 1783058273.191}
{"armed": false, "event": "idle_disarmed", "preset": "airplane_single", "single_auto": true, "ts": 1783058274.193}
{"armed": false, "event": "idle_disarmed", "preset": "airplane_single", "single_auto": true, "ts": 1783058274.193}
{"armed": false, "event": "idle_disarmed", "preset": "airplane_single", "single_auto": true, "ts": 1783058275.196}
{"armed": false, "event": "idle_disarmed", "preset": "airplane_single", "single_auto": true, "ts": 1783058275.196}
{"armed": false, "event": "idle_disarmed", "preset": "airplane_single", "single_auto": true, "ts": 1783058276.198}
{"armed": false, "event": "idle_disarmed", "preset": "airplane_single", "single_auto": true, "ts": 1783058276.198}
{"armed": false, "event": "idle_disarmed", "preset": "airplane_single", "single_auto": true, "ts": 1783058277.2}
{"armed": false, "event": "idle_disarmed", "preset": "airplane_single", "single_auto": true, "ts": 1783058277.2}
{"armed": false, "event": "idle_disarmed", "preset": "airplane_single", "single_auto": true, "ts": 1783058278.203}
{"armed": false, "event": "idle_disarmed", "preset": "airplane_single", "single_auto": true, "ts": 1783058278.203}
{"armed": false, "event": "idle_disarmed", "preset": "airplane_single", "single_auto": true, "ts": 1783058279.205}
{"armed": false, "event": "idle_disarmed", "preset": "airplane_single", "single_auto": true, "ts": 1783058279.205}
{"armed": false, "event": "idle_disarmed", "preset": "airplane_single", "single_auto": true, "ts": 1783058280.208}
{"armed": false, "event": "idle_disarmed", "preset": "airplane_single", "single_auto": true, "ts": 1783058280.208}
{"armed": false, "event": "idle_disarmed", "preset": "airplane_single", "single_auto": true, "ts": 1783058281.21}
{"armed": false, "event": "idle_disarmed", "preset": "airplane_single", "single_auto": true, "ts": 1783058281.21}
{"armed": false, "event": "idle_disarmed", "preset": "airplane_single", "single_auto": true, "ts": 1783058282.212}
{"armed": false, "event": "idle_disarmed", "preset": "airplane_single", "single_auto": true, "ts": 1783058282.212}
{"armed": false, "event": "idle_disarmed", "preset": "airplane_single", "single_auto": true, "ts": 1783058283.215}
{"armed": false, "event": "idle_disarmed", "preset": "airplane_single", "single_auto": true, "ts": 1783058283.215}
{"armed": false, "event": "idle_disarmed", "preset": "airplane_single", "single_auto": true, "ts": 1783058284.217}
{"armed": false, "event": "idle_disarmed", "preset": "airplane_single", "single_auto": true, "ts": 1783058284.217}
{"armed": false, "event": "idle_disarmed", "preset": "airplane_single", "single_auto": true, "ts": 1783058285.219}
{"armed": false, "event": "idle_disarmed", "preset": "airplane_single", "single_auto": true, "ts": 1783058285.219}
{"armed": false, "event": "idle_disarmed", "preset": "airplane_single", "single_auto": true, "ts": 1783058286.222}
{"armed": false, "event": "idle_disarmed", "preset": "airplane_single", "single_auto": true, "ts": 1783058286.222}
{"armed": false, "event": "idle_disarmed", "preset": "airplane_single", "single_auto": true, "ts": 1783058287.224}
{"armed": false, "event": "idle_disarmed", "preset": "airplane_single", "single_auto": true, "ts": 1783058287.224}
{"armed": false, "event": "idle_disarmed", "preset": "airplane_single", "single_auto": true, "ts": 1783058288.227}
{"armed": false, "event": "idle_disarmed", "preset": "airplane_single", "single_auto": true, "ts": 1783058288.227}
{"armed": false, "event": "idle_disarmed", "preset": "airplane_single", "single_auto": true, "ts": 1783058289.229}
{"armed": false, "event": "idle_disarmed", "preset": "airplane_single", "single_auto": true, "ts": 1783058289.229}
{"armed": false, "event": "idle_disarmed", "preset": "airplane_single", "single_auto": true, "ts": 1783058290.232}
{"armed": false, "event": "idle_disarmed", "preset": "airplane_single", "single_auto": true, "ts": 1783058290.232}
{"armed": false, "event": "idle_disarmed", "preset": "airplane_single", "single_auto": true, "ts": 1783058291.234}
{"armed": false, "event": "idle_disarmed", "preset": "airplane_single", "single_auto": true, "ts": 1783058291.234}
{"armed": false, "event": "idle_disarmed", "preset": "airplane_single", "single_auto": true, "ts": 1783058292.236}
{"armed": false, "event": "idle_disarmed", "preset": "airplane_single", "single_auto": true, "ts": 1783058292.236}
{"armed": false, "event": "idle_disarmed", "preset": "airplane_single", "single_auto": true, "ts": 1783058293.238}
{"armed": false, "event": "idle_disarmed", "preset": "airplane_single", "single_auto": true, "ts": 1783058293.238}
{"armed": false, "event": "idle_disarmed", "preset": "airplane_single", "single_auto": true, "ts": 1783058294.241}
{"armed": false, "event": "idle_disarmed", "preset": "airplane_single", "single_auto": true, "ts": 1783058294.241}
{"armed": false, "event": "idle_disarmed", "preset": "airplane_single", "single_auto": true, "ts": 1783058295.244}
{"armed": false, "event": "idle_disarmed", "preset": "airplane_single", "single_auto": true, "ts": 1783058295.244}
{"armed": false, "event": "idle_disarmed", "preset": "airplane_single", "single_auto": true, "ts": 1783058296.246}
{"armed": false, "event": "idle_disarmed", "preset": "airplane_single", "single_auto": true, "ts": 1783058296.246}
{"armed": false, "event": "idle_disarmed", "preset": "airplane_single", "single_auto": true, "ts": 1783058297.248}
{"armed": false, "event": "idle_disarmed", "preset": "airplane_single", "single_auto": true, "ts": 1783058297.248}
{"armed": false, "event": "idle_disarmed", "preset": "airplane_single", "single_auto": true, "ts": 1783058298.251}
{"armed": false, "event": "idle_disarmed", "preset": "airplane_single", "single_auto": true, "ts": 1783058298.251}
{"armed": false, "event": "idle_disarmed", "preset": "airplane_single", "single_auto": true, "ts": 1783058299.253}
{"armed": false, "event": "idle_disarmed", "preset": "airplane_single", "single_auto": true, "ts": 1783058299.253}
{"armed": false, "event": "idle_disarmed", "preset": "airplane_single", "single_auto": true, "ts": 1783058300.255}
{"armed": false, "event": "idle_disarmed", "preset": "airplane_single", "single_auto": true, "ts": 1783058300.255}
{"armed": false, "event": "idle_disarmed", "preset": "airplane_single", "single_auto": true, "ts": 1783058301.258}
{"armed": false, "event": "idle_disarmed", "preset": "airplane_single", "single_auto": true, "ts": 1783058301.258}
{"armed": false, "event": "idle_disarmed", "preset": "airplane_single", "single_auto": true, "ts": 1783058302.26}
{"armed": false, "event": "idle_disarmed", "preset": "airplane_single", "single_auto": true, "ts": 1783058302.26}
{"armed": false, "event": "idle_disarmed", "preset": "airplane_single", "single_auto": true, "ts": 1783058303.263}
{"armed": false, "event": "idle_disarmed", "preset": "airplane_single", "single_auto": true, "ts": 1783058303.263}
{"armed": false, "event": "idle_disarmed", "preset": "airplane_single", "single_auto": true, "ts": 1783058304.265}
{"armed": false, "event": "idle_disarmed", "preset": "airplane_single", "single_auto": true, "ts": 1783058304.265}
{"armed": false, "event": "idle_disarmed", "preset": "airplane_single", "single_auto": true, "ts": 1783058305.268}
{"armed": false, "event": "idle_disarmed", "preset": "airplane_single", "single_auto": true, "ts": 1783058305.268}
{"armed": false, "event": "idle_disarmed", "preset": "airplane_single", "single_auto": true, "ts": 1783058306.27}
{"armed": false, "event": "idle_disarmed", "preset": "airplane_single", "single_auto": true, "ts": 1783058306.27}
{"armed": false, "event": "idle_disarmed", "preset": "airplane_single", "single_auto": true, "ts": 1783058307.272}
{"armed": false, "event": "idle_disarmed", "preset": "airplane_single", "single_auto": true, "ts": 1783058307.272}
{"armed": false, "event": "idle_disarmed", "preset": "airplane_single", "single_auto": true, "ts": 1783058308.275}
{"armed": false, "event": "idle_disarmed", "preset": "airplane_single", "single_auto": true, "ts": 1783058308.275}
{"armed": false, "event": "idle_disarmed", "preset": "airplane_single", "single_auto": true, "ts": 1783058309.277}
{"armed": false, "event": "idle_disarmed", "preset": "airplane_single", "single_auto": true, "ts": 1783058309.277}
{"armed": false, "event": "idle_disarmed", "preset": "airplane_single", "single_auto": true, "ts": 1783058310.279}
{"armed": false, "event": "idle_disarmed", "preset": "airplane_single", "single_auto": true, "ts": 1783058310.279}
{"armed": false, "event": "idle_disarmed", "preset": "airplane_single", "single_auto": true, "ts": 1783058311.282}
{"armed": false, "event": "idle_disarmed", "preset": "airplane_single", "single_auto": true, "ts": 1783058311.282}
{"armed": false, "event": "idle_disarmed", "preset": "airplane_single", "single_auto": true, "ts": 1783058312.284}
{"armed": false, "event": "idle_disarmed", "preset": "airplane_single", "single_auto": true, "ts": 1783058312.284}
{"armed": false, "event": "idle_disarmed", "preset": "airplane_single", "single_auto": true, "ts": 1783058313.287}
{"armed": false, "event": "idle_disarmed", "preset": "airplane_single", "single_auto": true, "ts": 1783058313.287}
{"armed": false, "event": "idle_disarmed", "preset": "airplane_single", "single_auto": true, "ts": 1783058314.289}
{"armed": false, "event": "idle_disarmed", "preset": "airplane_single", "single_auto": true, "ts": 1783058314.289}
{"armed": false, "event": "idle_disarmed", "preset": "airplane_single", "single_auto": true, "ts": 1783058315.291}
{"armed": false, "event": "idle_disarmed", "preset": "airplane_single", "single_auto": true, "ts": 1783058315.291}
