2026-07-02 08:35:35 settings persist daemon start
2026-07-02 08:36:13 settings persist daemon stop
2026-07-02 08:37:16 settings persist daemon start
2026-07-02 08:38:20 persisted settings active=person_single search=lost_step_wait custom=[]
2026-07-02 08:38:38 persisted settings active=person_single search=lost_step_wait custom=[]
2026-07-02 08:38:48 persisted settings active=person_single search=lost_step_wait custom=[]
2026-07-02 08:39:16 persisted settings active=person_single search=lost_step_wait custom=[]
2026-07-02 09:05:21 persisted settings active=cars search=lost_step_wait custom=[]
2026-07-02 09:12:57 persisted settings active=car_single search=lost_step_wait custom=['airplane_single', 'airplanes', 'bird_single', 'birds', 'car_single', 'cars', 'people', 'person_single']
2026-07-02 09:13:25 persisted settings active=car_single search=lost_step_wait custom=['airplane_single', 'airplanes', 'bird_single', 'birds', 'car_single', 'cars', 'people', 'person_single']
2026-07-02 09:19:56 persisted settings active=car_single search=lost_step_wait custom=['airplane_single', 'airplanes', 'bird_single', 'birds', 'car_single', 'cars', 'people', 'person_single']
2026-07-02 09:23:07 persisted settings active=person_single search=lost_step_wait custom=[]
2026-07-02 09:23:09 persisted settings active=person_single search=lost_step_wait custom=[]
2026-07-02 09:23:11 persisted settings active=person_single search=lost_step_wait custom=[]
2026-07-02 09:23:29 persisted settings active=person_single search=lost_step_wait custom=[]
2026-07-02 09:42:30 settings persist daemon stop
2026-07-02 09:42:47 settings persist daemon start
2026-07-02 09:44:11 persisted settings active=car_single search=lost_wide_cycle custom=[]
2026-07-02 09:45:21 persisted settings active=person_single search=lost_step_wait custom=[]
2026-07-02 09:45:59 persisted settings active=car_single search=lost_step_wait custom=['car_single']
2026-07-02 09:46:05 persisted settings active=car_single search=lost_step_wait custom=['car_single']
2026-07-02 09:46:09 persisted settings active=car_single search=lost_step_wait custom=['car_single']
2026-07-02 09:46:11 persisted settings active=car_single search=lost_step_wait custom=['car_single']
2026-07-02 09:46:25 persisted settings active=car_single search=lost_step_wait custom=['car_single']
2026-07-02 09:46:39 persisted settings active=person_single search=lost_step_wait custom=[]
2026-07-02 09:46:49 persisted settings active=person_single search=lost_step_wait custom=[]
