{"event": "daemon_start", "pid": 2157603, "ts": 1782942072.822}
{"event": "daemon_start", "pid": 2157603, "ts": 1782942072.822}
{"armed": false, "event": "idle_disarmed", "preset": "person_single", "single_auto": true, "ts": 1782942072.823}
{"armed": false, "event": "idle_disarmed", "preset": "person_single", "single_auto": true, "ts": 1782942072.823}
{"armed": false, "event": "idle_disarmed", "preset": "person_single", "single_auto": true, "ts": 1782942073.824}
{"armed": false, "event": "idle_disarmed", "preset": "person_single", "single_auto": true, "ts": 1782942073.824}
{"armed": false, "event": "idle_disarmed", "preset": "person_single", "single_auto": true, "ts": 1782942074.825}
{"armed": false, "event": "idle_disarmed", "preset": "person_single", "single_auto": true, "ts": 1782942074.825}
{"armed": false, "event": "idle_disarmed", "preset": "person_single", "single_auto": true, "ts": 1782942075.826}
{"armed": false, "event": "idle_disarmed", "preset": "person_single", "single_auto": true, "ts": 1782942075.826}
{"armed": false, "event": "idle_disarmed", "preset": "person_single", "single_auto": true, "ts": 1782942076.827}
{"armed": false, "event": "idle_disarmed", "preset": "person_single", "single_auto": true, "ts": 1782942076.827}
{"armed": false, "event": "idle_disarmed", "preset": "person_single", "single_auto": true, "ts": 1782942077.827}
{"armed": false, "event": "idle_disarmed", "preset": "person_single", "single_auto": true, "ts": 1782942077.827}
{"armed": false, "event": "idle_disarmed", "preset": "person_single", "single_auto": true, "ts": 1782942078.828}
{"armed": false, "event": "idle_disarmed", "preset": "person_single", "single_auto": true, "ts": 1782942078.828}
{"armed": false, "event": "idle_disarmed", "preset": "person_single", "single_auto": true, "ts": 1782942079.829}
{"armed": false, "event": "idle_disarmed", "preset": "person_single", "single_auto": true, "ts": 1782942079.829}
{"armed": false, "event": "idle_disarmed", "preset": "person_single", "single_auto": true, "ts": 1782942080.83}
{"armed": false, "event": "idle_disarmed", "preset": "person_single", "single_auto": true, "ts": 1782942080.83}
{"armed": false, "event": "idle_disarmed", "preset": "person_single", "single_auto": true, "ts": 1782942081.833}
{"armed": false, "event": "idle_disarmed", "preset": "person_single", "single_auto": true, "ts": 1782942081.833}
{"armed": false, "event": "idle_disarmed", "preset": "person_single", "single_auto": true, "ts": 1782942082.835}
{"armed": false, "event": "idle_disarmed", "preset": "person_single", "single_auto": true, "ts": 1782942082.835}
{"armed": false, "event": "idle_disarmed", "preset": "person_single", "single_auto": true, "ts": 1782942083.837}
{"armed": false, "event": "idle_disarmed", "preset": "person_single", "single_auto": true, "ts": 1782942083.837}
{"armed": false, "event": "idle_disarmed", "preset": "person_single", "single_auto": true, "ts": 1782942084.84}
{"armed": false, "event": "idle_disarmed", "preset": "person_single", "single_auto": true, "ts": 1782942084.84}
{"armed": false, "event": "idle_disarmed", "preset": "person_single", "single_auto": true, "ts": 1782942085.842}
{"armed": false, "event": "idle_disarmed", "preset": "person_single", "single_auto": true, "ts": 1782942085.842}
{"armed": false, "event": "idle_disarmed", "preset": "person_single", "single_auto": true, "ts": 1782942086.845}
{"armed": false, "event": "idle_disarmed", "preset": "person_single", "single_auto": true, "ts": 1782942086.845}
{"armed": false, "event": "idle_disarmed", "preset": "person_single", "single_auto": true, "ts": 1782942087.847}
{"armed": false, "event": "idle_disarmed", "preset": "person_single", "single_auto": true, "ts": 1782942087.847}
{"armed": false, "event": "idle_disarmed", "preset": "person_single", "single_auto": true, "ts": 1782942088.849}
{"armed": false, "event": "idle_disarmed", "preset": "person_single", "single_auto": true, "ts": 1782942088.849}
{"armed": false, "event": "idle_disarmed", "preset": "person_single", "single_auto": true, "ts": 1782942089.852}
{"armed": false, "event": "idle_disarmed", "preset": "person_single", "single_auto": true, "ts": 1782942089.852}
{"armed": false, "event": "idle_disarmed", "preset": "person_single", "single_auto": true, "ts": 1782942090.854}
{"armed": false, "event": "idle_disarmed", "preset": "person_single", "single_auto": true, "ts": 1782942090.854}
{"armed": false, "event": "idle_disarmed", "preset": "person_single", "single_auto": true, "ts": 1782942091.857}
{"armed": false, "event": "idle_disarmed", "preset": "person_single", "single_auto": true, "ts": 1782942091.857}
{"armed": false, "event": "idle_disarmed", "preset": "person_single", "single_auto": true, "ts": 1782942092.859}
{"armed": false, "event": "idle_disarmed", "preset": "person_single", "single_auto": true, "ts": 1782942092.859}
{"armed": false, "event": "idle_disarmed", "preset": "person_single", "single_auto": true, "ts": 1782942093.861}
{"armed": false, "event": "idle_disarmed", "preset": "person_single", "single_auto": true, "ts": 1782942093.861}
{"armed": false, "event": "idle_disarmed", "preset": "person_single", "single_auto": true, "ts": 1782942094.863}
{"armed": false, "event": "idle_disarmed", "preset": "person_single", "single_auto": true, "ts": 1782942094.863}
{"armed": false, "event": "idle_disarmed", "preset": "person_single", "single_auto": true, "ts": 1782942095.866}
{"armed": false, "event": "idle_disarmed", "preset": "person_single", "single_auto": true, "ts": 1782942095.866}
{"armed": false, "event": "idle_disarmed", "preset": "person_single", "single_auto": true, "ts": 1782942096.868}
{"armed": false, "event": "idle_disarmed", "preset": "person_single", "single_auto": true, "ts": 1782942096.868}
{"armed": false, "event": "idle_disarmed", "preset": "person_single", "single_auto": true, "ts": 1782942097.87}
{"armed": false, "event": "idle_disarmed", "preset": "person_single", "single_auto": true, "ts": 1782942097.87}
{"armed": false, "event": "idle_disarmed", "preset": "person_single", "single_auto": true, "ts": 1782942098.872}
{"armed": false, "event": "idle_disarmed", "preset": "person_single", "single_auto": true, "ts": 1782942098.872}
{"armed": false, "event": "idle_disarmed", "preset": "person_single", "single_auto": true, "ts": 1782942099.875}
{"armed": false, "event": "idle_disarmed", "preset": "person_single", "single_auto": true, "ts": 1782942099.875}
{"armed": false, "event": "idle_disarmed", "preset": "person_single", "single_auto": true, "ts": 1782942100.877}
{"armed": false, "event": "idle_disarmed", "preset": "person_single", "single_auto": true, "ts": 1782942100.877}
{"armed": false, "event": "idle_disarmed", "preset": "person_single", "single_auto": true, "ts": 1782942101.879}
{"armed": false, "event": "idle_disarmed", "preset": "person_single", "single_auto": true, "ts": 1782942101.879}
{"armed": false, "event": "idle_disarmed", "preset": "person_single", "single_auto": true, "ts": 1782942102.881}
{"armed": false, "event": "idle_disarmed", "preset": "person_single", "single_auto": true, "ts": 1782942102.881}
{"armed": false, "event": "idle_disarmed", "preset": "person_single", "single_auto": true, "ts": 1782942103.884}
{"armed": false, "event": "idle_disarmed", "preset": "person_single", "single_auto": true, "ts": 1782942103.884}
{"armed": false, "event": "idle_disarmed", "preset": "person_single", "single_auto": true, "ts": 1782942104.887}
{"armed": false, "event": "idle_disarmed", "preset": "person_single", "single_auto": true, "ts": 1782942104.887}
{"armed": false, "event": "idle_disarmed", "preset": "person_single", "single_auto": true, "ts": 1782942105.889}
{"armed": false, "event": "idle_disarmed", "preset": "person_single", "single_auto": true, "ts": 1782942105.889}
{"armed": false, "event": "idle_disarmed", "preset": "person_single", "single_auto": true, "ts": 1782942106.891}
{"armed": false, "event": "idle_disarmed", "preset": "person_single", "single_auto": true, "ts": 1782942106.891}
{"armed": false, "event": "idle_disarmed", "preset": "person_single", "single_auto": true, "ts": 1782942107.893}
{"armed": false, "event": "idle_disarmed", "preset": "person_single", "single_auto": true, "ts": 1782942107.893}
{"armed": false, "event": "idle_disarmed", "preset": "person_single", "single_auto": true, "ts": 1782942108.896}
{"armed": false, "event": "idle_disarmed", "preset": "person_single", "single_auto": true, "ts": 1782942108.896}
{"armed": false, "event": "idle_disarmed", "preset": "person_single", "single_auto": true, "ts": 1782942109.898}
{"armed": false, "event": "idle_disarmed", "preset": "person_single", "single_auto": true, "ts": 1782942109.898}
{"armed": false, "event": "idle_disarmed", "preset": "person_single", "single_auto": true, "ts": 1782942110.9}
{"armed": false, "event": "idle_disarmed", "preset": "person_single", "single_auto": true, "ts": 1782942110.9}
{"armed": false, "event": "idle_disarmed", "preset": "person_single", "single_auto": true, "ts": 1782942111.902}
{"armed": false, "event": "idle_disarmed", "preset": "person_single", "single_auto": true, "ts": 1782942111.902}
{"armed": false, "event": "idle_disarmed", "preset": "person_single", "single_auto": true, "ts": 1782942112.905}
{"armed": false, "event": "idle_disarmed", "preset": "person_single", "single_auto": true, "ts": 1782942112.905}
{"armed": false, "event": "idle_disarmed", "preset": "person_single", "single_auto": true, "ts": 1782942113.907}
{"armed": false, "event": "idle_disarmed", "preset": "person_single", "single_auto": true, "ts": 1782942113.907}
{"armed": false, "event": "idle_disarmed", "preset": "person_single", "single_auto": true, "ts": 1782942114.91}
{"armed": false, "event": "idle_disarmed", "preset": "person_single", "single_auto": true, "ts": 1782942114.91}
{"armed": false, "event": "idle_disarmed", "preset": "person_single", "single_auto": true, "ts": 1782942115.912}
{"armed": false, "event": "idle_disarmed", "preset": "person_single", "single_auto": true, "ts": 1782942115.912}
{"armed": false, "event": "idle_disarmed", "preset": "person_single", "single_auto": true, "ts": 1782942116.913}
{"armed": false, "event": "idle_disarmed", "preset": "person_single", "single_auto": true, "ts": 1782942116.913}
{"armed": false, "event": "idle_disarmed", "preset": "person_single", "single_auto": true, "ts": 1782942117.914}
{"armed": false, "event": "idle_disarmed", "preset": "person_single", "single_auto": true, "ts": 1782942117.914}
{"armed": false, "event": "idle_disarmed", "preset": "person_single", "single_auto": true, "ts": 1782942118.915}
{"armed": false, "event": "idle_disarmed", "preset": "person_single", "single_auto": true, "ts": 1782942118.915}
{"armed": false, "event": "idle_disarmed", "preset": "person_single", "single_auto": true, "ts": 1782942119.916}
{"armed": false, "event": "idle_disarmed", "preset": "person_single", "single_auto": true, "ts": 1782942119.916}
{"armed": false, "event": "idle_disarmed", "preset": "person_single", "single_auto": true, "ts": 1782942120.917}
{"armed": false, "event": "idle_disarmed", "preset": "person_single", "single_auto": true, "ts": 1782942120.917}
{"cmd": ["/usr/bin/python3", "/root/rknpu2/examples/rknn_yolov8_demo_opencv_2_work_2/new_yolo8/apply_ptz_object_preset.py", "--preset", "person_single", "--arm", "force", "--strategy", "preset", "--watch"], "event": "child_start", "pid": 2159517, "preset": "person_single", "ts": 1782942121.919}
{"cmd": ["/usr/bin/python3", "/root/rknpu2/examples/rknn_yolov8_demo_opencv_2_work_2/new_yolo8/apply_ptz_object_preset.py", "--preset", "person_single", "--arm", "force", "--strategy", "preset", "--watch"], "event": "child_start", "pid": 2159517, "preset": "person_single", "ts": 1782942121.919}
{"event": "armed_running", "pid": 2159517, "preset": "person_single", "ts": 1782942122.92}
{"event": "armed_running", "pid": 2159517, "preset": "person_single", "ts": 1782942122.92}
{"event": "armed_running", "pid": 2159517, "preset": "person_single", "ts": 1782942137.95}
{"event": "armed_running", "pid": 2159517, "preset": "person_single", "ts": 1782942137.95}
{"event": "armed_running", "pid": 2159517, "preset": "person_single", "ts": 1782942152.974}
{"event": "armed_running", "pid": 2159517, "preset": "person_single", "ts": 1782942152.974}
{"event": "armed_running", "pid": 2159517, "preset": "person_single", "ts": 1782942168.009}
{"event": "armed_running", "pid": 2159517, "preset": "person_single", "ts": 1782942168.009}
{"event": "armed_running", "pid": 2159517, "preset": "person_single", "ts": 1782942183.041}
{"event": "armed_running", "pid": 2159517, "preset": "person_single", "ts": 1782942183.041}
{"event": "armed_running", "pid": 2159517, "preset": "person_single", "ts": 1782942198.072}
{"event": "armed_running", "pid": 2159517, "preset": "person_single", "ts": 1782942198.072}
{"event": "armed_running", "pid": 2159517, "preset": "person_single", "ts": 1782942213.103}
{"event": "armed_running", "pid": 2159517, "preset": "person_single", "ts": 1782942213.103}
{"event": "armed_running", "pid": 2159517, "preset": "person_single", "ts": 1782942228.134}
{"event": "armed_running", "pid": 2159517, "preset": "person_single", "ts": 1782942228.134}
{"event": "child_stop", "pid": 2159517, "preset": "person_single", "reason": "ptzArmed_false", "ts": 1782942231.141}
{"event": "child_stop", "pid": 2159517, "preset": "person_single", "reason": "ptzArmed_false", "ts": 1782942231.141}
