{"event": "daemon_start", "pid": 2059075, "ts": 1782940021.642}
{"cmd": ["/usr/bin/python3", "/root/rknpu2/examples/rknn_yolov8_demo_opencv_2_work_2/new_yolo8/apply_ptz_object_preset.py", "--preset", "person_single", "--arm", "force", "--strategy", "preset", "--watch"], "event": "child_start", "pid": 2059078, "preset": "person_single", "ts": 1782940021.644}
{"event": "armed_running", "pid": 2059078, "preset": "person_single", "ts": 1782940022.645}
{"event": "armed_running", "pid": 2059078, "preset": "person_single", "ts": 1782940023.646}
{"event": "armed_running", "pid": 2059078, "preset": "person_single", "ts": 1782940024.647}
{"event": "armed_running", "pid": 2059078, "preset": "person_single", "ts": 1782940025.648}
{"event": "armed_running", "pid": 2059078, "preset": "person_single", "ts": 1782940026.65}
{"event": "armed_running", "pid": 2059078, "preset": "person_single", "ts": 1782940027.651}
{"event": "armed_running", "pid": 2059078, "preset": "person_single", "ts": 1782940028.656}
{"event": "armed_running", "pid": 2059078, "preset": "person_single", "ts": 1782940029.657}
{"event": "armed_running", "pid": 2059078, "preset": "person_single", "ts": 1782940030.658}
{"event": "armed_running", "pid": 2059078, "preset": "person_single", "ts": 1782940031.659}
{"event": "armed_running", "pid": 2059078, "preset": "person_single", "ts": 1782940032.66}
{"event": "armed_running", "pid": 2059078, "preset": "person_single", "ts": 1782940033.666}
{"event": "armed_running", "pid": 2059078, "preset": "person_single", "ts": 1782940034.667}
{"event": "armed_running", "pid": 2059078, "preset": "person_single", "ts": 1782940035.668}
{"event": "armed_running", "pid": 2059078, "preset": "person_single", "ts": 1782940036.67}
{"event": "armed_running", "pid": 2059078, "preset": "person_single", "ts": 1782940037.673}
{"event": "armed_running", "pid": 2059078, "preset": "person_single", "ts": 1782940038.68}
{"event": "armed_running", "pid": 2059078, "preset": "person_single", "ts": 1782940039.683}
{"event": "armed_running", "pid": 2059078, "preset": "person_single", "ts": 1782940040.686}
{"event": "armed_running", "pid": 2059078, "preset": "person_single", "ts": 1782940041.689}
{"event": "armed_running", "pid": 2059078, "preset": "person_single", "ts": 1782940042.692}
{"event": "armed_running", "pid": 2059078, "preset": "person_single", "ts": 1782940043.699}
{"event": "armed_running", "pid": 2059078, "preset": "person_single", "ts": 1782940044.702}
{"event": "armed_running", "pid": 2059078, "preset": "person_single", "ts": 1782940045.705}
{"event": "armed_running", "pid": 2059078, "preset": "person_single", "ts": 1782940046.707}
{"event": "armed_running", "pid": 2059078, "preset": "person_single", "ts": 1782940047.71}
{"event": "armed_running", "pid": 2059078, "preset": "person_single", "ts": 1782940048.717}
{"event": "armed_running", "pid": 2059078, "preset": "person_single", "ts": 1782940049.72}
{"event": "armed_running", "pid": 2059078, "preset": "person_single", "ts": 1782940050.723}
{"event": "armed_running", "pid": 2059078, "preset": "person_single", "ts": 1782940051.725}
{"event": "armed_running", "pid": 2059078, "preset": "person_single", "ts": 1782940052.726}
{"event": "armed_running", "pid": 2059078, "preset": "person_single", "ts": 1782940053.732}
{"event": "armed_running", "pid": 2059078, "preset": "person_single", "ts": 1782940054.733}
{"event": "armed_running", "pid": 2059078, "preset": "person_single", "ts": 1782940055.734}
{"event": "armed_running", "pid": 2059078, "preset": "person_single", "ts": 1782940056.735}
{"event": "armed_running", "pid": 2059078, "preset": "person_single", "ts": 1782940057.736}
{"event": "armed_running", "pid": 2059078, "preset": "person_single", "ts": 1782940058.742}
{"event": "armed_running", "pid": 2059078, "preset": "person_single", "ts": 1782940059.743}
{"event": "armed_running", "pid": 2059078, "preset": "person_single", "ts": 1782940060.745}
{"event": "armed_running", "pid": 2059078, "preset": "person_single", "ts": 1782940061.746}
{"event": "armed_running", "pid": 2059078, "preset": "person_single", "ts": 1782940062.748}
{"event": "armed_running", "pid": 2059078, "preset": "person_single", "ts": 1782940063.771}
{"event": "armed_running", "pid": 2059078, "preset": "person_single", "ts": 1782940064.774}
{"event": "armed_running", "pid": 2059078, "preset": "person_single", "ts": 1782940065.777}
{"event": "armed_running", "pid": 2059078, "preset": "person_single", "ts": 1782940066.781}
{"event": "armed_running", "pid": 2059078, "preset": "person_single", "ts": 1782940067.783}
{"event": "armed_running", "pid": 2059078, "preset": "person_single", "ts": 1782940068.791}
{"event": "armed_running", "pid": 2059078, "preset": "person_single", "ts": 1782940069.794}
{"event": "armed_running", "pid": 2059078, "preset": "person_single", "ts": 1782940070.797}
{"event": "armed_running", "pid": 2059078, "preset": "person_single", "ts": 1782940071.799}
{"event": "armed_running", "pid": 2059078, "preset": "person_single", "ts": 1782940072.802}
{"event": "armed_running", "pid": 2059078, "preset": "person_single", "ts": 1782940073.809}
{"event": "armed_running", "pid": 2059078, "preset": "person_single", "ts": 1782940074.811}
{"event": "armed_running", "pid": 2059078, "preset": "person_single", "ts": 1782940075.814}
{"event": "armed_running", "pid": 2059078, "preset": "person_single", "ts": 1782940076.817}
{"event": "armed_running", "pid": 2059078, "preset": "person_single", "ts": 1782940077.82}
{"event": "armed_running", "pid": 2059078, "preset": "person_single", "ts": 1782940078.826}
{"event": "armed_running", "pid": 2059078, "preset": "person_single", "ts": 1782940079.828}
{"event": "armed_running", "pid": 2059078, "preset": "person_single", "ts": 1782940080.831}
{"event": "armed_running", "pid": 2059078, "preset": "person_single", "ts": 1782940081.834}
{"event": "armed_running", "pid": 2059078, "preset": "person_single", "ts": 1782940082.836}
{"event": "armed_running", "pid": 2059078, "preset": "person_single", "ts": 1782940083.843}
{"event": "armed_running", "pid": 2059078, "preset": "person_single", "ts": 1782940084.846}
{"event": "armed_running", "pid": 2059078, "preset": "person_single", "ts": 1782940085.849}
{"event": "armed_running", "pid": 2059078, "preset": "person_single", "ts": 1782940086.852}
{"event": "armed_running", "pid": 2059078, "preset": "person_single", "ts": 1782940087.855}
{"event": "armed_running", "pid": 2059078, "preset": "person_single", "ts": 1782940088.862}
{"event": "armed_running", "pid": 2059078, "preset": "person_single", "ts": 1782940089.865}
{"event": "armed_running", "pid": 2059078, "preset": "person_single", "ts": 1782940090.867}
{"event": "armed_running", "pid": 2059078, "preset": "person_single", "ts": 1782940091.87}
{"event": "armed_running", "pid": 2059078, "preset": "person_single", "ts": 1782940092.873}
{"event": "armed_running", "pid": 2059078, "preset": "person_single", "ts": 1782940093.88}
{"event": "armed_running", "pid": 2059078, "preset": "person_single", "ts": 1782940094.882}
{"event": "armed_running", "pid": 2059078, "preset": "person_single", "ts": 1782940095.885}
{"event": "armed_running", "pid": 2059078, "preset": "person_single", "ts": 1782940096.888}
{"event": "armed_running", "pid": 2059078, "preset": "person_single", "ts": 1782940097.89}
{"event": "armed_running", "pid": 2059078, "preset": "person_single", "ts": 1782940098.897}
{"event": "armed_running", "pid": 2059078, "preset": "person_single", "ts": 1782940099.9}
{"event": "armed_running", "pid": 2059078, "preset": "person_single", "ts": 1782940100.903}
{"event": "armed_running", "pid": 2059078, "preset": "person_single", "ts": 1782940101.905}
{"event": "armed_running", "pid": 2059078, "preset": "person_single", "ts": 1782940102.908}
{"event": "armed_running", "pid": 2059078, "preset": "person_single", "ts": 1782940103.916}
{"event": "armed_running", "pid": 2059078, "preset": "person_single", "ts": 1782940104.92}
{"event": "armed_running", "pid": 2059078, "preset": "person_single", "ts": 1782940105.923}
{"event": "armed_running", "pid": 2059078, "preset": "person_single", "ts": 1782940106.926}
{"event": "armed_running", "pid": 2059078, "preset": "person_single", "ts": 1782940107.929}
{"event": "armed_running", "pid": 2059078, "preset": "person_single", "ts": 1782940108.937}
{"event": "armed_running", "pid": 2059078, "preset": "person_single", "ts": 1782940109.94}
{"event": "armed_running", "pid": 2059078, "preset": "person_single", "ts": 1782940110.944}
{"event": "armed_running", "pid": 2059078, "preset": "person_single", "ts": 1782940111.947}
{"event": "armed_running", "pid": 2059078, "preset": "person_single", "ts": 1782940112.951}
{"event": "armed_running", "pid": 2059078, "preset": "person_single", "ts": 1782940113.957}
{"event": "armed_running", "pid": 2059078, "preset": "person_single", "ts": 1782940114.96}
{"event": "armed_running", "pid": 2059078, "preset": "person_single", "ts": 1782940115.963}
{"event": "armed_running", "pid": 2059078, "preset": "person_single", "ts": 1782940116.966}
{"event": "armed_running", "pid": 2059078, "preset": "person_single", "ts": 1782940117.969}
{"event": "armed_running", "pid": 2059078, "preset": "person_single", "ts": 1782940118.977}
{"event": "armed_running", "pid": 2059078, "preset": "person_single", "ts": 1782940119.981}
{"event": "armed_running", "pid": 2059078, "preset": "person_single", "ts": 1782940120.984}
{"event": "armed_running", "pid": 2059078, "preset": "person_single", "ts": 1782940121.987}
{"event": "armed_running", "pid": 2059078, "preset": "person_single", "ts": 1782940122.99}
{"event": "armed_running", "pid": 2059078, "preset": "person_single", "ts": 1782940123.999}
{"event": "armed_running", "pid": 2059078, "preset": "person_single", "ts": 1782940125.002}
{"event": "armed_running", "pid": 2059078, "preset": "person_single", "ts": 1782940126.005}
{"event": "armed_running", "pid": 2059078, "preset": "person_single", "ts": 1782940127.007}
{"event": "armed_running", "pid": 2059078, "preset": "person_single", "ts": 1782940128.01}
{"event": "armed_running", "pid": 2059078, "preset": "person_single", "ts": 1782940129.017}
{"event": "armed_running", "pid": 2059078, "preset": "person_single", "ts": 1782940130.02}
{"event": "armed_running", "pid": 2059078, "preset": "person_single", "ts": 1782940131.022}
{"event": "armed_running", "pid": 2059078, "preset": "person_single", "ts": 1782940132.025}
{"event": "armed_running", "pid": 2059078, "preset": "person_single", "ts": 1782940133.028}
{"event": "armed_running", "pid": 2059078, "preset": "person_single", "ts": 1782940134.035}
{"event": "armed_running", "pid": 2059078, "preset": "person_single", "ts": 1782940135.037}
{"event": "armed_running", "pid": 2059078, "preset": "person_single", "ts": 1782940136.04}
{"event": "armed_running", "pid": 2059078, "preset": "person_single", "ts": 1782940137.043}
{"event": "armed_running", "pid": 2059078, "preset": "person_single", "ts": 1782940138.046}
{"event": "armed_running", "pid": 2059078, "preset": "person_single", "ts": 1782940139.054}
{"event": "armed_running", "pid": 2059078, "preset": "person_single", "ts": 1782940140.057}
{"event": "armed_running", "pid": 2059078, "preset": "person_single", "ts": 1782940141.06}
{"event": "armed_running", "pid": 2059078, "preset": "person_single", "ts": 1782940142.063}
{"event": "armed_running", "pid": 2059078, "preset": "person_single", "ts": 1782940143.067}
{"event": "armed_running", "pid": 2059078, "preset": "person_single", "ts": 1782940144.074}
{"event": "armed_running", "pid": 2059078, "preset": "person_single", "ts": 1782940145.077}
{"event": "child_stop", "pid": 2059078, "preset": "person_single", "reason": "signal_2", "ts": 1782940145.277}
{"event": "daemon_stop", "signal": 2, "ts": 1782940145.282}
