{"event": "daemon_start", "pid": 2490, "ts": 1782992167.475}
{"event": "daemon_start", "pid": 2490, "ts": 1782992167.475}
{"armed": false, "event": "idle_disarmed", "preset": "car_single", "single_auto": true, "ts": 1782992167.477}
{"armed": false, "event": "idle_disarmed", "preset": "car_single", "single_auto": true, "ts": 1782992167.477}
{"armed": false, "event": "idle_disarmed", "preset": "car_single", "single_auto": true, "ts": 1782992168.479}
{"armed": false, "event": "idle_disarmed", "preset": "car_single", "single_auto": true, "ts": 1782992168.479}
{"armed": false, "event": "idle_disarmed", "preset": "car_single", "single_auto": true, "ts": 1782992169.48}
{"armed": false, "event": "idle_disarmed", "preset": "car_single", "single_auto": true, "ts": 1782992169.48}
{"armed": false, "event": "idle_disarmed", "preset": "car_single", "single_auto": true, "ts": 1782992170.481}
{"armed": false, "event": "idle_disarmed", "preset": "car_single", "single_auto": true, "ts": 1782992170.481}
{"armed": false, "event": "idle_disarmed", "preset": "car_single", "single_auto": true, "ts": 1782992171.482}
{"armed": false, "event": "idle_disarmed", "preset": "car_single", "single_auto": true, "ts": 1782992171.482}
{"armed": false, "event": "idle_disarmed", "preset": "car_single", "single_auto": true, "ts": 1782992172.483}
{"armed": false, "event": "idle_disarmed", "preset": "car_single", "single_auto": true, "ts": 1782992172.483}
{"armed": false, "event": "idle_disarmed", "preset": "car_single", "single_auto": true, "ts": 1782992173.485}
{"armed": false, "event": "idle_disarmed", "preset": "car_single", "single_auto": true, "ts": 1782992173.485}
{"armed": false, "event": "idle_disarmed", "preset": "car_single", "single_auto": true, "ts": 1782992174.487}
{"armed": false, "event": "idle_disarmed", "preset": "car_single", "single_auto": true, "ts": 1782992174.487}
{"armed": false, "event": "idle_disarmed", "preset": "car_single", "single_auto": true, "ts": 1782992175.488}
{"armed": false, "event": "idle_disarmed", "preset": "car_single", "single_auto": true, "ts": 1782992175.488}
{"armed": false, "event": "idle_disarmed", "preset": "car_single", "single_auto": true, "ts": 1782992176.489}
{"armed": false, "event": "idle_disarmed", "preset": "car_single", "single_auto": true, "ts": 1782992176.489}
{"armed": false, "event": "idle_disarmed", "preset": "car_single", "single_auto": true, "ts": 1782992177.49}
{"armed": false, "event": "idle_disarmed", "preset": "car_single", "single_auto": true, "ts": 1782992177.49}
{"armed": false, "event": "idle_disarmed", "preset": "car_single", "single_auto": true, "ts": 1782992178.491}
{"armed": false, "event": "idle_disarmed", "preset": "car_single", "single_auto": true, "ts": 1782992178.491}
{"armed": false, "event": "idle_disarmed", "preset": "car_single", "single_auto": true, "ts": 1782992179.492}
{"armed": false, "event": "idle_disarmed", "preset": "car_single", "single_auto": true, "ts": 1782992179.492}
{"armed": false, "event": "idle_disarmed", "preset": "car_single", "single_auto": true, "ts": 1782992180.493}
{"armed": false, "event": "idle_disarmed", "preset": "car_single", "single_auto": true, "ts": 1782992180.493}
{"armed": false, "event": "idle_disarmed", "preset": "car_single", "single_auto": true, "ts": 1782992181.494}
{"armed": false, "event": "idle_disarmed", "preset": "car_single", "single_auto": true, "ts": 1782992181.494}
{"armed": false, "event": "idle_disarmed", "preset": "car_single", "single_auto": true, "ts": 1782992182.495}
{"armed": false, "event": "idle_disarmed", "preset": "car_single", "single_auto": true, "ts": 1782992182.495}
{"armed": false, "event": "idle_disarmed", "preset": "car_single", "single_auto": true, "ts": 1782992183.496}
{"armed": false, "event": "idle_disarmed", "preset": "car_single", "single_auto": true, "ts": 1782992183.496}
{"armed": false, "event": "idle_disarmed", "preset": "car_single", "single_auto": true, "ts": 1782992184.497}
{"armed": false, "event": "idle_disarmed", "preset": "car_single", "single_auto": true, "ts": 1782992184.497}
{"armed": false, "event": "idle_disarmed", "preset": "car_single", "single_auto": true, "ts": 1782992185.498}
{"armed": false, "event": "idle_disarmed", "preset": "car_single", "single_auto": true, "ts": 1782992185.498}
{"armed": false, "event": "idle_disarmed", "preset": "car_single", "single_auto": true, "ts": 1782992186.5}
{"armed": false, "event": "idle_disarmed", "preset": "car_single", "single_auto": true, "ts": 1782992186.5}
{"armed": false, "event": "idle_disarmed", "preset": "car_single", "single_auto": true, "ts": 1782992187.503}
{"armed": false, "event": "idle_disarmed", "preset": "car_single", "single_auto": true, "ts": 1782992187.503}
{"armed": false, "event": "idle_disarmed", "preset": "car_single", "single_auto": true, "ts": 1782992188.506}
{"armed": false, "event": "idle_disarmed", "preset": "car_single", "single_auto": true, "ts": 1782992188.506}
{"armed": false, "event": "idle_disarmed", "preset": "car_single", "single_auto": true, "ts": 1782992189.509}
{"armed": false, "event": "idle_disarmed", "preset": "car_single", "single_auto": true, "ts": 1782992189.509}
{"armed": false, "event": "idle_disarmed", "preset": "car_single", "single_auto": true, "ts": 1782992190.513}
{"armed": false, "event": "idle_disarmed", "preset": "car_single", "single_auto": true, "ts": 1782992190.513}
{"armed": false, "event": "idle_disarmed", "preset": "car_single", "single_auto": true, "ts": 1782992191.516}
{"armed": false, "event": "idle_disarmed", "preset": "car_single", "single_auto": true, "ts": 1782992191.516}
{"armed": false, "event": "idle_disarmed", "preset": "car_single", "single_auto": true, "ts": 1782992192.517}
{"armed": false, "event": "idle_disarmed", "preset": "car_single", "single_auto": true, "ts": 1782992192.517}
{"armed": false, "event": "idle_disarmed", "preset": "car_single", "single_auto": true, "ts": 1782992193.518}
{"armed": false, "event": "idle_disarmed", "preset": "car_single", "single_auto": true, "ts": 1782992193.518}
{"armed": false, "event": "idle_disarmed", "preset": "car_single", "single_auto": true, "ts": 1782992194.521}
{"armed": false, "event": "idle_disarmed", "preset": "car_single", "single_auto": true, "ts": 1782992194.521}
{"armed": false, "event": "idle_disarmed", "preset": "car_single", "single_auto": true, "ts": 1782992195.523}
{"armed": false, "event": "idle_disarmed", "preset": "car_single", "single_auto": true, "ts": 1782992195.523}
{"armed": false, "event": "idle_disarmed", "preset": "car_single", "single_auto": true, "ts": 1782992196.524}
{"armed": false, "event": "idle_disarmed", "preset": "car_single", "single_auto": true, "ts": 1782992196.524}
{"armed": false, "event": "idle_disarmed", "preset": "car_single", "single_auto": true, "ts": 1782992197.526}
{"armed": false, "event": "idle_disarmed", "preset": "car_single", "single_auto": true, "ts": 1782992197.526}
{"armed": false, "event": "idle_disarmed", "preset": "car_single", "single_auto": true, "ts": 1782992198.528}
{"armed": false, "event": "idle_disarmed", "preset": "car_single", "single_auto": true, "ts": 1782992198.528}
{"armed": false, "event": "idle_disarmed", "preset": "car_single", "single_auto": true, "ts": 1782992199.529}
{"armed": false, "event": "idle_disarmed", "preset": "car_single", "single_auto": true, "ts": 1782992199.529}
{"armed": false, "event": "idle_disarmed", "preset": "car_single", "single_auto": true, "ts": 1782992200.531}
{"armed": false, "event": "idle_disarmed", "preset": "car_single", "single_auto": true, "ts": 1782992200.531}
{"armed": false, "event": "idle_disarmed", "preset": "car_single", "single_auto": true, "ts": 1782992201.533}
{"armed": false, "event": "idle_disarmed", "preset": "car_single", "single_auto": true, "ts": 1782992201.533}
{"armed": false, "event": "idle_disarmed", "preset": "car_single", "single_auto": true, "ts": 1782992202.534}
{"armed": false, "event": "idle_disarmed", "preset": "car_single", "single_auto": true, "ts": 1782992202.534}
{"armed": false, "event": "idle_disarmed", "preset": "car_single", "single_auto": true, "ts": 1782992203.535}
{"armed": false, "event": "idle_disarmed", "preset": "car_single", "single_auto": true, "ts": 1782992203.535}
{"armed": false, "event": "idle_disarmed", "preset": "car_single", "single_auto": true, "ts": 1782992204.536}
{"armed": false, "event": "idle_disarmed", "preset": "car_single", "single_auto": true, "ts": 1782992204.536}
{"armed": false, "event": "idle_disarmed", "preset": "car_single", "single_auto": true, "ts": 1782992205.537}
{"armed": false, "event": "idle_disarmed", "preset": "car_single", "single_auto": true, "ts": 1782992205.537}
{"armed": false, "event": "idle_disarmed", "preset": "car_single", "single_auto": true, "ts": 1782992206.538}
{"armed": false, "event": "idle_disarmed", "preset": "car_single", "single_auto": true, "ts": 1782992206.538}
{"armed": false, "event": "idle_disarmed", "preset": "car_single", "single_auto": true, "ts": 1782992207.539}
{"armed": false, "event": "idle_disarmed", "preset": "car_single", "single_auto": true, "ts": 1782992207.539}
{"armed": false, "event": "idle_disarmed", "preset": "car_single", "single_auto": true, "ts": 1782992208.54}
{"armed": false, "event": "idle_disarmed", "preset": "car_single", "single_auto": true, "ts": 1782992208.54}
{"armed": false, "event": "idle_disarmed", "preset": "car_single", "single_auto": true, "ts": 1782992209.541}
{"armed": false, "event": "idle_disarmed", "preset": "car_single", "single_auto": true, "ts": 1782992209.541}
{"armed": false, "event": "idle_disarmed", "preset": "car_single", "single_auto": true, "ts": 1782992210.542}
{"armed": false, "event": "idle_disarmed", "preset": "car_single", "single_auto": true, "ts": 1782992210.542}
{"armed": false, "event": "idle_disarmed", "preset": "car_single", "single_auto": true, "ts": 1782992211.543}
{"armed": false, "event": "idle_disarmed", "preset": "car_single", "single_auto": true, "ts": 1782992211.543}
{"armed": false, "event": "idle_disarmed", "preset": "car_single", "single_auto": true, "ts": 1782992212.544}
{"armed": false, "event": "idle_disarmed", "preset": "car_single", "single_auto": true, "ts": 1782992212.544}
{"armed": false, "event": "idle_disarmed", "preset": "car_single", "single_auto": true, "ts": 1782992213.545}
{"armed": false, "event": "idle_disarmed", "preset": "car_single", "single_auto": true, "ts": 1782992213.545}
{"armed": false, "event": "idle_disarmed", "preset": "car_single", "single_auto": true, "ts": 1782992214.546}
{"armed": false, "event": "idle_disarmed", "preset": "car_single", "single_auto": true, "ts": 1782992214.546}
{"armed": false, "event": "idle_disarmed", "preset": "car_single", "single_auto": true, "ts": 1782992215.548}
{"armed": false, "event": "idle_disarmed", "preset": "car_single", "single_auto": true, "ts": 1782992215.548}
{"armed": false, "event": "idle_disarmed", "preset": "car_single", "single_auto": true, "ts": 1782992216.549}
{"armed": false, "event": "idle_disarmed", "preset": "car_single", "single_auto": true, "ts": 1782992216.549}
{"armed": false, "event": "idle_disarmed", "preset": "car_single", "single_auto": true, "ts": 1782992217.55}
{"armed": false, "event": "idle_disarmed", "preset": "car_single", "single_auto": true, "ts": 1782992217.55}
{"armed": false, "event": "idle_disarmed", "preset": "car_single", "single_auto": true, "ts": 1782992218.551}
{"armed": false, "event": "idle_disarmed", "preset": "car_single", "single_auto": true, "ts": 1782992218.551}
{"armed": false, "event": "idle_disarmed", "preset": "car_single", "single_auto": true, "ts": 1782992219.552}
{"armed": false, "event": "idle_disarmed", "preset": "car_single", "single_auto": true, "ts": 1782992219.552}
{"armed": false, "event": "idle_disarmed", "preset": "car_single", "single_auto": true, "ts": 1782992220.553}
{"armed": false, "event": "idle_disarmed", "preset": "car_single", "single_auto": true, "ts": 1782992220.553}
{"armed": false, "event": "idle_disarmed", "preset": "car_single", "single_auto": true, "ts": 1782992221.554}
{"armed": false, "event": "idle_disarmed", "preset": "car_single", "single_auto": true, "ts": 1782992221.554}
{"cmd": ["/usr/bin/python3", "/root/rknpu2/examples/rknn_yolov8_demo_opencv_2_work_2/new_yolo8/apply_ptz_object_preset.py", "--preset", "car_single", "--arm", "force", "--strategy", "preset", "--watch"], "event": "child_start", "pid": 4852, "preset": "car_single", "search_preset": "contract_default_object", "ts": 1782992222.556}
{"cmd": ["/usr/bin/python3", "/root/rknpu2/examples/rknn_yolov8_demo_opencv_2_work_2/new_yolo8/apply_ptz_object_preset.py", "--preset", "car_single", "--arm", "force", "--strategy", "preset", "--watch"], "event": "child_start", "pid": 4852, "preset": "car_single", "search_preset": "contract_default_object", "ts": 1782992222.556}
{"event": "armed_running", "pid": 4852, "preset": "car_single", "search_preset": "contract_default_object", "ts": 1782992223.557}
{"event": "armed_running", "pid": 4852, "preset": "car_single", "search_preset": "contract_default_object", "ts": 1782992223.557}
{"event": "child_stop", "pid": 4852, "preset": "car_single::contract_default_object", "reason": "ptzArmed_false", "ts": 1782992225.559}
{"event": "child_stop", "pid": 4852, "preset": "car_single::contract_default_object", "reason": "ptzArmed_false", "ts": 1782992225.559}
