{"event": "daemon_start", "pid": 254518, "ts": 1783057936.482}
{"event": "daemon_start", "pid": 254518, "ts": 1783057936.482}
{"armed": false, "event": "idle_disarmed", "preset": "airplane_single", "single_auto": true, "ts": 1783057936.483}
{"armed": false, "event": "idle_disarmed", "preset": "airplane_single", "single_auto": true, "ts": 1783057936.483}
{"armed": false, "event": "idle_disarmed", "preset": "airplane_single", "single_auto": true, "ts": 1783057937.484}
{"armed": false, "event": "idle_disarmed", "preset": "airplane_single", "single_auto": true, "ts": 1783057937.484}
{"armed": false, "event": "idle_disarmed", "preset": "airplane_single", "single_auto": true, "ts": 1783057938.484}
{"armed": false, "event": "idle_disarmed", "preset": "airplane_single", "single_auto": true, "ts": 1783057938.484}
{"armed": false, "event": "idle_disarmed", "preset": "airplane_single", "single_auto": true, "ts": 1783057939.486}
{"armed": false, "event": "idle_disarmed", "preset": "airplane_single", "single_auto": true, "ts": 1783057939.486}
{"armed": false, "event": "idle_disarmed", "preset": "airplane_single", "single_auto": true, "ts": 1783057940.487}
{"armed": false, "event": "idle_disarmed", "preset": "airplane_single", "single_auto": true, "ts": 1783057940.487}
{"armed": false, "event": "idle_disarmed", "preset": "airplane_single", "single_auto": true, "ts": 1783057941.488}
{"armed": false, "event": "idle_disarmed", "preset": "airplane_single", "single_auto": true, "ts": 1783057941.488}
{"armed": false, "event": "idle_disarmed", "preset": "airplane_single", "single_auto": true, "ts": 1783057942.489}
{"armed": false, "event": "idle_disarmed", "preset": "airplane_single", "single_auto": true, "ts": 1783057942.489}
{"armed": false, "event": "idle_disarmed", "preset": "airplane_single", "single_auto": true, "ts": 1783057943.49}
{"armed": false, "event": "idle_disarmed", "preset": "airplane_single", "single_auto": true, "ts": 1783057943.49}
{"armed": false, "event": "idle_disarmed", "preset": "car_single", "single_auto": true, "ts": 1783057944.491}
{"armed": false, "event": "idle_disarmed", "preset": "car_single", "single_auto": true, "ts": 1783057944.491}
{"armed": false, "event": "idle_disarmed", "preset": "car_single", "single_auto": true, "ts": 1783057945.492}
{"armed": false, "event": "idle_disarmed", "preset": "car_single", "single_auto": true, "ts": 1783057945.492}
{"armed": false, "event": "idle_disarmed", "preset": "car_single", "single_auto": true, "ts": 1783057946.493}
{"armed": false, "event": "idle_disarmed", "preset": "car_single", "single_auto": true, "ts": 1783057946.493}
{"cmd": ["/usr/bin/python3", "/root/rknpu2/examples/rknn_yolov8_demo_opencv_2_work_2/new_yolo8/apply_ptz_object_preset.py", "--preset", "car_single", "--arm", "force", "--strategy", "preset", "--watch"], "event": "child_start", "pid": 254837, "preset": "car_single", "search_preset": "lost_step_wait", "ts": 1783057947.494}
{"cmd": ["/usr/bin/python3", "/root/rknpu2/examples/rknn_yolov8_demo_opencv_2_work_2/new_yolo8/apply_ptz_object_preset.py", "--preset", "car_single", "--arm", "force", "--strategy", "preset", "--watch"], "event": "child_start", "pid": 254837, "preset": "car_single", "search_preset": "lost_step_wait", "ts": 1783057947.494}
{"event": "armed_running", "pid": 254837, "preset": "car_single", "search_preset": "lost_step_wait", "ts": 1783057948.495}
{"event": "armed_running", "pid": 254837, "preset": "car_single", "search_preset": "lost_step_wait", "ts": 1783057948.495}
{"event": "child_stop", "pid": 254837, "preset": "car_single::lost_step_wait", "reason": "ptzArmed_false", "ts": 1783057959.516}
{"event": "child_stop", "pid": 254837, "preset": "car_single::lost_step_wait", "reason": "ptzArmed_false", "ts": 1783057959.516}
{"archived": "/root/rknpu2/examples/rknn_yolov8_demo_opencv_2_work_2/new_yolo8/logs/session_20260703_055239_ptzArmed_false", "event": "logs_archived", "reason": "ptzArmed_false", "ts": 1783057959.691}
{"archived": "/root/rknpu2/examples/rknn_yolov8_demo_opencv_2_work_2/new_yolo8/logs/session_20260703_055239_ptzArmed_false", "event": "logs_archived", "reason": "ptzArmed_false", "ts": 1783057959.691}
{"armed": false, "event": "idle_disarmed", "preset": "car_single", "single_auto": true, "ts": 1783057959.691}
{"armed": false, "event": "idle_disarmed", "preset": "car_single", "single_auto": true, "ts": 1783057959.691}
{"armed": false, "event": "idle_disarmed", "preset": "car_single", "single_auto": true, "ts": 1783057960.692}
{"armed": false, "event": "idle_disarmed", "preset": "car_single", "single_auto": true, "ts": 1783057960.692}
{"armed": false, "event": "idle_disarmed", "preset": "car_single", "single_auto": true, "ts": 1783057961.693}
{"armed": false, "event": "idle_disarmed", "preset": "car_single", "single_auto": true, "ts": 1783057961.693}
{"armed": false, "event": "idle_disarmed", "preset": "car_single", "single_auto": true, "ts": 1783057962.694}
{"armed": false, "event": "idle_disarmed", "preset": "car_single", "single_auto": true, "ts": 1783057962.694}
{"armed": false, "event": "idle_disarmed", "preset": "airplane_single", "single_auto": true, "ts": 1783057963.695}
{"armed": false, "event": "idle_disarmed", "preset": "airplane_single", "single_auto": true, "ts": 1783057963.695}
{"armed": false, "event": "idle_disarmed", "preset": "airplane_single", "single_auto": true, "ts": 1783057964.697}
{"armed": false, "event": "idle_disarmed", "preset": "airplane_single", "single_auto": true, "ts": 1783057964.697}
{"armed": false, "event": "idle_disarmed", "preset": "airplane_single", "single_auto": true, "ts": 1783057965.699}
{"armed": false, "event": "idle_disarmed", "preset": "airplane_single", "single_auto": true, "ts": 1783057965.699}
{"armed": false, "event": "idle_disarmed", "preset": "airplane_single", "single_auto": true, "ts": 1783057966.7}
{"armed": false, "event": "idle_disarmed", "preset": "airplane_single", "single_auto": true, "ts": 1783057966.7}
{"armed": false, "event": "idle_disarmed", "preset": "airplane_single", "single_auto": true, "ts": 1783057967.701}
{"armed": false, "event": "idle_disarmed", "preset": "airplane_single", "single_auto": true, "ts": 1783057967.701}
{"cmd": ["/usr/bin/python3", "/root/rknpu2/examples/rknn_yolov8_demo_opencv_2_work_2/new_yolo8/apply_ptz_object_preset.py", "--preset", "airplane_single", "--arm", "force", "--strategy", "preset", "--watch"], "event": "child_start", "pid": 255899, "preset": "airplane_single", "search_preset": "lost_step_wait", "ts": 1783057968.703}
{"cmd": ["/usr/bin/python3", "/root/rknpu2/examples/rknn_yolov8_demo_opencv_2_work_2/new_yolo8/apply_ptz_object_preset.py", "--preset", "airplane_single", "--arm", "force", "--strategy", "preset", "--watch"], "event": "child_start", "pid": 255899, "preset": "airplane_single", "search_preset": "lost_step_wait", "ts": 1783057968.703}
{"event": "armed_running", "pid": 255899, "preset": "airplane_single", "search_preset": "lost_step_wait", "ts": 1783057969.704}
{"event": "armed_running", "pid": 255899, "preset": "airplane_single", "search_preset": "lost_step_wait", "ts": 1783057969.704}
{"event": "armed_running", "pid": 255899, "preset": "airplane_single", "search_preset": "lost_step_wait", "ts": 1783057984.721}
{"event": "armed_running", "pid": 255899, "preset": "airplane_single", "search_preset": "lost_step_wait", "ts": 1783057984.721}
{"event": "armed_running", "pid": 255899, "preset": "airplane_single", "search_preset": "lost_step_wait", "ts": 1783057999.747}
{"event": "armed_running", "pid": 255899, "preset": "airplane_single", "search_preset": "lost_step_wait", "ts": 1783057999.747}
{"event": "armed_running", "pid": 255899, "preset": "airplane_single", "search_preset": "lost_step_wait", "ts": 1783058014.785}
{"event": "armed_running", "pid": 255899, "preset": "airplane_single", "search_preset": "lost_step_wait", "ts": 1783058014.785}
{"event": "child_stop", "pid": 255899, "preset": "airplane_single::lost_step_wait", "reason": "ptzArmed_false", "ts": 1783058022.808}
{"event": "child_stop", "pid": 255899, "preset": "airplane_single::lost_step_wait", "reason": "ptzArmed_false", "ts": 1783058022.808}
{"archived": "/root/rknpu2/examples/rknn_yolov8_demo_opencv_2_work_2/new_yolo8/logs/session_20260703_055342_ptzArmed_false", "event": "logs_archived", "reason": "ptzArmed_false", "ts": 1783058023.797}
{"archived": "/root/rknpu2/examples/rknn_yolov8_demo_opencv_2_work_2/new_yolo8/logs/session_20260703_055342_ptzArmed_false", "event": "logs_archived", "reason": "ptzArmed_false", "ts": 1783058023.797}
{"armed": false, "event": "idle_disarmed", "preset": "airplane_single", "single_auto": true, "ts": 1783058023.798}
{"armed": false, "event": "idle_disarmed", "preset": "airplane_single", "single_auto": true, "ts": 1783058023.798}
{"armed": false, "event": "idle_disarmed", "preset": "airplane_single", "single_auto": true, "ts": 1783058024.801}
{"armed": false, "event": "idle_disarmed", "preset": "airplane_single", "single_auto": true, "ts": 1783058024.801}
{"armed": false, "event": "idle_disarmed", "preset": "airplane_single", "single_auto": true, "ts": 1783058025.804}
{"armed": false, "event": "idle_disarmed", "preset": "airplane_single", "single_auto": true, "ts": 1783058025.804}
{"armed": false, "event": "idle_disarmed", "preset": "airplane_single", "single_auto": true, "ts": 1783058026.807}
{"armed": false, "event": "idle_disarmed", "preset": "airplane_single", "single_auto": true, "ts": 1783058026.807}
{"armed": false, "event": "idle_disarmed", "preset": "airplane_single", "single_auto": true, "ts": 1783058027.809}
{"armed": false, "event": "idle_disarmed", "preset": "airplane_single", "single_auto": true, "ts": 1783058027.809}
{"armed": false, "event": "idle_disarmed", "preset": "airplane_single", "single_auto": true, "ts": 1783058028.812}
{"armed": false, "event": "idle_disarmed", "preset": "airplane_single", "single_auto": true, "ts": 1783058028.812}
{"armed": false, "event": "idle_disarmed", "preset": "airplane_single", "single_auto": true, "ts": 1783058029.815}
{"armed": false, "event": "idle_disarmed", "preset": "airplane_single", "single_auto": true, "ts": 1783058029.815}
{"armed": false, "event": "idle_disarmed", "preset": "airplane_single", "single_auto": true, "ts": 1783058030.818}
{"armed": false, "event": "idle_disarmed", "preset": "airplane_single", "single_auto": true, "ts": 1783058030.818}
{"armed": false, "event": "idle_disarmed", "preset": "airplane_single", "single_auto": true, "ts": 1783058031.821}
{"armed": false, "event": "idle_disarmed", "preset": "airplane_single", "single_auto": true, "ts": 1783058031.821}
{"armed": false, "event": "idle_disarmed", "preset": "airplane_single", "single_auto": true, "ts": 1783058032.823}
{"armed": false, "event": "idle_disarmed", "preset": "airplane_single", "single_auto": true, "ts": 1783058032.823}
{"armed": false, "event": "idle_disarmed", "preset": "car_single", "single_auto": true, "ts": 1783058033.826}
{"armed": false, "event": "idle_disarmed", "preset": "car_single", "single_auto": true, "ts": 1783058033.826}
{"armed": false, "event": "idle_disarmed", "preset": "car_single", "single_auto": true, "ts": 1783058034.828}
{"armed": false, "event": "idle_disarmed", "preset": "car_single", "single_auto": true, "ts": 1783058034.828}
{"armed": false, "event": "idle_disarmed", "preset": "car_single", "single_auto": true, "ts": 1783058035.831}
{"armed": false, "event": "idle_disarmed", "preset": "car_single", "single_auto": true, "ts": 1783058035.831}
{"cmd": ["/usr/bin/python3", "/root/rknpu2/examples/rknn_yolov8_demo_opencv_2_work_2/new_yolo8/apply_ptz_object_preset.py", "--preset", "car_single", "--arm", "force", "--strategy", "preset", "--watch"], "event": "child_start", "pid": 260232, "preset": "car_single", "search_preset": "lost_step_wait", "ts": 1783058036.834}
{"cmd": ["/usr/bin/python3", "/root/rknpu2/examples/rknn_yolov8_demo_opencv_2_work_2/new_yolo8/apply_ptz_object_preset.py", "--preset", "car_single", "--arm", "force", "--strategy", "preset", "--watch"], "event": "child_start", "pid": 260232, "preset": "car_single", "search_preset": "lost_step_wait", "ts": 1783058036.834}
{"event": "armed_running", "pid": 260232, "preset": "car_single", "search_preset": "lost_step_wait", "ts": 1783058037.837}
{"event": "armed_running", "pid": 260232, "preset": "car_single", "search_preset": "lost_step_wait", "ts": 1783058037.837}
{"event": "child_stop", "pid": 260232, "preset": "car_single::lost_step_wait", "reason": "ptzArmed_false", "ts": 1783058048.865}
{"event": "child_stop", "pid": 260232, "preset": "car_single::lost_step_wait", "reason": "ptzArmed_false", "ts": 1783058048.865}
