2026-07-02 08:35:35 settings persist daemon start
2026-07-02 08:36:13 settings persist daemon stop
2026-07-02 08:37:16 settings persist daemon start
2026-07-02 08:38:20 persisted settings active=person_single search=lost_step_wait custom=[]
2026-07-02 08:38:38 persisted settings active=person_single search=lost_step_wait custom=[]
2026-07-02 08:38:48 persisted settings active=person_single search=lost_step_wait custom=[]
2026-07-02 08:39:16 persisted settings active=person_single search=lost_step_wait custom=[]
2026-07-02 09:05:21 persisted settings active=cars search=lost_step_wait custom=[]
2026-07-02 09:12:57 persisted settings active=car_single search=lost_step_wait custom=['airplane_single', 'airplanes', 'bird_single', 'birds', 'car_single', 'cars', 'people', 'person_single']
2026-07-02 09:13:25 persisted settings active=car_single search=lost_step_wait custom=['airplane_single', 'airplanes', 'bird_single', 'birds', 'car_single', 'cars', 'people', 'person_single']
2026-07-02 09:19:56 persisted settings active=car_single search=lost_step_wait custom=['airplane_single', 'airplanes', 'bird_single', 'birds', 'car_single', 'cars', 'people', 'person_single']
2026-07-02 09:23:07 persisted settings active=person_single search=lost_step_wait custom=[]
2026-07-02 09:23:09 persisted settings active=person_single search=lost_step_wait custom=[]
2026-07-02 09:23:11 persisted settings active=person_single search=lost_step_wait custom=[]
2026-07-02 09:23:29 persisted settings active=person_single search=lost_step_wait custom=[]
2026-07-02 09:42:30 settings persist daemon stop
2026-07-02 09:42:47 settings persist daemon start
2026-07-02 09:44:11 persisted settings active=car_single search=lost_wide_cycle custom=[]
2026-07-02 09:45:21 persisted settings active=person_single search=lost_step_wait custom=[]
2026-07-02 09:45:59 persisted settings active=car_single search=lost_step_wait custom=['car_single']
2026-07-02 09:46:05 persisted settings active=car_single search=lost_step_wait custom=['car_single']
2026-07-02 09:46:09 persisted settings active=car_single search=lost_step_wait custom=['car_single']
2026-07-02 09:46:11 persisted settings active=car_single search=lost_step_wait custom=['car_single']
2026-07-02 09:46:25 persisted settings active=car_single search=lost_step_wait custom=['car_single']
2026-07-02 09:46:39 persisted settings active=person_single search=lost_step_wait custom=[]
2026-07-02 09:46:49 persisted settings active=person_single search=lost_step_wait custom=[]
2026-07-02 09:49:18 settings persist daemon stop
2026-07-02 09:49:34 settings persist daemon start
2026-07-02 09:57:47 persisted settings active=car_single search=lost_step_wait custom=['airplane_single', 'airplanes', 'bird_single', 'birds', 'car_single', 'cars', 'people', 'person_single']
2026-07-02 10:09:54 persisted settings active=car_single search=lost_step_wait custom=['airplane_single', 'airplanes', 'bird_single', 'birds', 'car_single', 'cars', 'people', 'person_single']
2026-07-02 10:21:14 skip persist: objectPresetsCustom missing or empty
2026-07-02 10:21:16 skip persist: objectPresetsCustom missing or empty
2026-07-02 10:21:18 skip persist: objectPresetsCustom missing or empty
2026-07-02 10:21:20 skip persist: objectPresetsCustom missing or empty
2026-07-02 10:21:22 skip persist: objectPresetsCustom missing or empty
2026-07-02 10:21:24 skip persist: objectPresetsCustom missing or empty
2026-07-02 10:21:26 persisted settings active=cars search=lost_step_wait custom=['cars']
2026-07-02 10:21:40 skip persist: objectPresetsCustom missing or empty
2026-07-02 10:21:42 skip persist: objectPresetsCustom missing or empty
2026-07-02 10:21:44 skip persist: objectPresetsCustom missing or empty
2026-07-02 10:21:46 skip persist: objectPresetsCustom missing or empty
2026-07-02 10:21:48 skip persist: objectPresetsCustom missing or empty
2026-07-02 10:21:50 skip persist: objectPresetsCustom missing or empty
2026-07-02 10:21:52 skip persist: objectPresetsCustom missing or empty
2026-07-02 10:21:54 skip persist: objectPresetsCustom missing or empty
2026-07-02 10:21:56 skip persist: objectPresetsCustom missing or empty
2026-07-02 10:21:58 skip persist: objectPresetsCustom missing or empty
2026-07-02 10:22:00 skip persist: objectPresetsCustom missing or empty
2026-07-02 10:22:02 skip persist: objectPresetsCustom missing or empty
2026-07-02 10:22:04 skip persist: objectPresetsCustom missing or empty
2026-07-02 10:22:06 skip persist: objectPresetsCustom missing or empty
2026-07-02 10:22:08 skip persist: objectPresetsCustom missing or empty
2026-07-02 10:22:10 skip persist: objectPresetsCustom missing or empty
2026-07-02 10:22:12 skip persist: objectPresetsCustom missing or empty
2026-07-02 10:22:14 skip persist: objectPresetsCustom missing or empty
2026-07-02 10:22:16 skip persist: objectPresetsCustom missing or empty
2026-07-02 10:22:18 skip persist: objectPresetsCustom missing or empty
2026-07-02 10:22:20 skip persist: objectPresetsCustom missing or empty
2026-07-02 10:22:22 skip persist: objectPresetsCustom missing or empty
2026-07-02 10:22:24 skip persist: objectPresetsCustom missing or empty
2026-07-02 10:22:26 skip persist: objectPresetsCustom missing or empty
2026-07-02 10:22:28 skip persist: objectPresetsCustom missing or empty
2026-07-02 10:22:30 skip persist: objectPresetsCustom missing or empty
2026-07-02 10:22:32 skip persist: objectPresetsCustom missing or empty
2026-07-02 10:22:34 skip persist: objectPresetsCustom missing or empty
2026-07-02 10:22:36 skip persist: objectPresetsCustom missing or empty
2026-07-02 10:22:38 skip persist: objectPresetsCustom missing or empty
2026-07-02 10:22:40 skip persist: objectPresetsCustom missing or empty
2026-07-02 10:22:42 skip persist: objectPresetsCustom missing or empty
2026-07-02 10:22:44 skip persist: objectPresetsCustom missing or empty
2026-07-02 10:22:46 skip persist: objectPresetsCustom missing or empty
2026-07-02 10:22:48 skip persist: objectPresetsCustom missing or empty
2026-07-02 10:22:50 skip persist: objectPresetsCustom missing or empty
2026-07-02 10:22:52 skip persist: objectPresetsCustom missing or empty
2026-07-02 10:22:54 skip persist: objectPresetsCustom missing or empty
2026-07-02 10:22:56 skip persist: objectPresetsCustom missing or empty
2026-07-02 10:22:58 skip persist: objectPresetsCustom missing or empty
2026-07-02 10:23:00 skip persist: objectPresetsCustom missing or empty
2026-07-02 10:23:02 skip persist: objectPresetsCustom missing or empty
2026-07-02 10:23:04 skip persist: objectPresetsCustom missing or empty
2026-07-02 10:23:06 skip persist: objectPresetsCustom missing or empty
2026-07-02 10:23:08 skip persist: objectPresetsCustom missing or empty
2026-07-02 10:23:10 skip persist: objectPresetsCustom missing or empty
2026-07-02 10:23:12 skip persist: objectPresetsCustom missing or empty
2026-07-02 10:23:14 skip persist: objectPresetsCustom missing or empty
2026-07-02 10:23:16 skip persist: objectPresetsCustom missing or empty
2026-07-02 10:23:18 skip persist: objectPresetsCustom missing or empty
2026-07-02 10:23:20 skip persist: objectPresetsCustom missing or empty
2026-07-02 10:23:22 skip persist: objectPresetsCustom missing or empty
2026-07-02 10:23:24 skip persist: objectPresetsCustom missing or empty
2026-07-02 10:23:26 skip persist: objectPresetsCustom missing or empty
2026-07-02 10:23:28 skip persist: objectPresetsCustom missing or empty
2026-07-02 10:23:30 skip persist: objectPresetsCustom missing or empty
2026-07-02 10:23:32 skip persist: objectPresetsCustom missing or empty
2026-07-02 10:23:34 skip persist: objectPresetsCustom missing or empty
2026-07-02 10:23:36 skip persist: objectPresetsCustom missing or empty
2026-07-02 10:23:38 skip persist: objectPresetsCustom missing or empty
2026-07-02 10:23:40 skip persist: objectPresetsCustom missing or empty
2026-07-02 10:23:42 skip persist: objectPresetsCustom missing or empty
2026-07-02 10:23:44 skip persist: objectPresetsCustom missing or empty
2026-07-02 10:23:46 skip persist: objectPresetsCustom missing or empty
2026-07-02 10:23:48 skip persist: objectPresetsCustom missing or empty
2026-07-02 10:23:50 skip persist: objectPresetsCustom missing or empty
2026-07-02 10:23:52 skip persist: objectPresetsCustom missing or empty
2026-07-02 10:23:54 skip persist: objectPresetsCustom missing or empty
2026-07-02 10:23:56 skip persist: objectPresetsCustom missing or empty
2026-07-02 10:23:58 skip persist: objectPresetsCustom missing or empty
2026-07-02 10:24:00 skip persist: objectPresetsCustom missing or empty
2026-07-02 10:24:02 skip persist: objectPresetsCustom missing or empty
2026-07-02 10:24:04 skip persist: objectPresetsCustom missing or empty
2026-07-02 10:24:06 skip persist: objectPresetsCustom missing or empty
2026-07-02 10:24:08 skip persist: objectPresetsCustom missing or empty
2026-07-02 10:24:10 skip persist: objectPresetsCustom missing or empty
2026-07-02 10:24:12 skip persist: objectPresetsCustom missing or empty
2026-07-02 10:24:14 skip persist: objectPresetsCustom missing or empty
2026-07-02 10:24:16 skip persist: objectPresetsCustom missing or empty
2026-07-02 10:24:18 skip persist: objectPresetsCustom missing or empty
2026-07-02 10:24:20 skip persist: objectPresetsCustom missing or empty
2026-07-02 10:24:22 skip persist: objectPresetsCustom missing or empty
2026-07-02 10:24:24 skip persist: objectPresetsCustom missing or empty
2026-07-02 10:24:26 skip persist: objectPresetsCustom missing or empty
2026-07-02 10:24:28 skip persist: objectPresetsCustom missing or empty
2026-07-02 10:24:30 skip persist: objectPresetsCustom missing or empty
2026-07-02 10:24:32 skip persist: objectPresetsCustom missing or empty
2026-07-02 10:24:34 skip persist: objectPresetsCustom missing or empty
2026-07-02 10:24:36 skip persist: objectPresetsCustom missing or empty
2026-07-02 10:24:38 skip persist: objectPresetsCustom missing or empty
2026-07-02 10:24:40 skip persist: objectPresetsCustom missing or empty
2026-07-02 10:24:42 skip persist: objectPresetsCustom missing or empty
2026-07-02 10:24:44 skip persist: objectPresetsCustom missing or empty
2026-07-02 10:24:46 skip persist: objectPresetsCustom missing or empty
2026-07-02 10:24:48 skip persist: objectPresetsCustom missing or empty
2026-07-02 10:24:50 skip persist: objectPresetsCustom missing or empty
2026-07-02 10:24:52 skip persist: objectPresetsCustom missing or empty
2026-07-02 10:24:54 skip persist: objectPresetsCustom missing or empty
2026-07-02 10:24:56 skip persist: objectPresetsCustom missing or empty
2026-07-02 10:24:58 skip persist: objectPresetsCustom missing or empty
2026-07-02 10:25:00 skip persist: objectPresetsCustom missing or empty
2026-07-02 10:25:02 skip persist: objectPresetsCustom missing or empty
2026-07-02 10:25:04 skip persist: objectPresetsCustom missing or empty
2026-07-02 10:25:06 skip persist: objectPresetsCustom missing or empty
2026-07-02 10:25:08 skip persist: objectPresetsCustom missing or empty
2026-07-02 10:25:10 skip persist: objectPresetsCustom missing or empty
2026-07-02 10:25:12 skip persist: objectPresetsCustom missing or empty
2026-07-02 10:25:14 skip persist: objectPresetsCustom missing or empty
2026-07-02 10:25:16 skip persist: objectPresetsCustom missing or empty
2026-07-02 10:25:18 skip persist: objectPresetsCustom missing or empty
2026-07-02 10:25:20 skip persist: objectPresetsCustom missing or empty
2026-07-02 10:25:22 skip persist: objectPresetsCustom missing or empty
2026-07-02 10:25:24 skip persist: objectPresetsCustom missing or empty
2026-07-02 10:25:26 skip persist: objectPresetsCustom missing or empty
2026-07-02 10:25:28 skip persist: objectPresetsCustom missing or empty
2026-07-02 10:25:30 skip persist: objectPresetsCustom missing or empty
2026-07-02 10:25:32 skip persist: objectPresetsCustom missing or empty
2026-07-02 10:25:34 skip persist: objectPresetsCustom missing or empty
2026-07-02 10:25:36 skip persist: objectPresetsCustom missing or empty
2026-07-02 10:25:38 skip persist: objectPresetsCustom missing or empty
2026-07-02 10:25:40 skip persist: objectPresetsCustom missing or empty
2026-07-02 10:25:42 skip persist: objectPresetsCustom missing or empty
2026-07-02 10:25:44 skip persist: objectPresetsCustom missing or empty
2026-07-02 10:25:46 skip persist: objectPresetsCustom missing or empty
2026-07-02 10:25:48 skip persist: objectPresetsCustom missing or empty
2026-07-02 10:25:50 skip persist: objectPresetsCustom missing or empty
2026-07-02 10:25:52 skip persist: objectPresetsCustom missing or empty
2026-07-02 10:25:54 skip persist: objectPresetsCustom missing or empty
2026-07-02 10:25:56 skip persist: objectPresetsCustom missing or empty
2026-07-02 10:25:58 skip persist: objectPresetsCustom missing or empty
2026-07-02 10:26:00 skip persist: objectPresetsCustom missing or empty
2026-07-02 10:26:02 skip persist: objectPresetsCustom missing or empty
2026-07-02 10:26:04 skip persist: objectPresetsCustom missing or empty
2026-07-02 10:26:06 skip persist: objectPresetsCustom missing or empty
2026-07-02 10:26:08 skip persist: objectPresetsCustom missing or empty
2026-07-02 10:26:10 skip persist: objectPresetsCustom missing or empty
2026-07-02 10:26:12 skip persist: objectPresetsCustom missing or empty
2026-07-02 10:26:14 skip persist: objectPresetsCustom missing or empty
2026-07-02 10:26:16 skip persist: objectPresetsCustom missing or empty
2026-07-02 10:26:18 skip persist: objectPresetsCustom missing or empty
2026-07-02 10:26:20 skip persist: objectPresetsCustom missing or empty
2026-07-02 10:26:22 skip persist: objectPresetsCustom missing or empty
2026-07-02 10:26:24 skip persist: objectPresetsCustom missing or empty
2026-07-02 10:26:26 skip persist: objectPresetsCustom missing or empty
2026-07-02 10:26:28 skip persist: objectPresetsCustom missing or empty
2026-07-02 10:26:30 skip persist: objectPresetsCustom missing or empty
2026-07-02 10:26:32 skip persist: objectPresetsCustom missing or empty
2026-07-02 10:26:34 skip persist: objectPresetsCustom missing or empty
2026-07-02 10:26:36 skip persist: objectPresetsCustom missing or empty
2026-07-02 10:26:38 skip persist: objectPresetsCustom missing or empty
2026-07-02 10:26:40 skip persist: objectPresetsCustom missing or empty
2026-07-02 10:26:42 skip persist: objectPresetsCustom missing or empty
2026-07-02 10:26:44 skip persist: objectPresetsCustom missing or empty
2026-07-02 10:26:46 skip persist: objectPresetsCustom missing or empty
2026-07-02 10:26:48 skip persist: objectPresetsCustom missing or empty
2026-07-02 10:26:50 skip persist: objectPresetsCustom missing or empty
2026-07-02 10:26:52 skip persist: objectPresetsCustom missing or empty
2026-07-02 10:26:54 skip persist: objectPresetsCustom missing or empty
2026-07-02 10:26:56 skip persist: objectPresetsCustom missing or empty
2026-07-02 10:26:58 skip persist: objectPresetsCustom missing or empty
2026-07-02 10:27:00 skip persist: objectPresetsCustom missing or empty
2026-07-02 10:27:02 skip persist: objectPresetsCustom missing or empty
2026-07-02 10:27:04 skip persist: objectPresetsCustom missing or empty
2026-07-02 10:27:06 skip persist: objectPresetsCustom missing or empty
2026-07-02 10:27:08 skip persist: objectPresetsCustom missing or empty
2026-07-02 10:27:10 skip persist: objectPresetsCustom missing or empty
2026-07-02 10:27:12 skip persist: objectPresetsCustom missing or empty
2026-07-02 10:27:14 skip persist: objectPresetsCustom missing or empty
2026-07-02 10:27:16 skip persist: objectPresetsCustom missing or empty
2026-07-02 10:27:18 skip persist: objectPresetsCustom missing or empty
2026-07-02 10:27:20 skip persist: objectPresetsCustom missing or empty
2026-07-02 10:27:22 skip persist: objectPresetsCustom missing or empty
2026-07-02 10:27:24 skip persist: objectPresetsCustom missing or empty
2026-07-02 10:27:26 skip persist: objectPresetsCustom missing or empty
2026-07-02 10:27:28 skip persist: objectPresetsCustom missing or empty
2026-07-02 10:27:30 skip persist: objectPresetsCustom missing or empty
2026-07-02 10:27:32 skip persist: objectPresetsCustom missing or empty
2026-07-02 10:27:34 skip persist: objectPresetsCustom missing or empty
2026-07-02 10:27:36 skip persist: objectPresetsCustom missing or empty
2026-07-02 10:27:38 skip persist: objectPresetsCustom missing or empty
2026-07-02 10:27:40 skip persist: objectPresetsCustom missing or empty
2026-07-02 10:27:42 skip persist: objectPresetsCustom missing or empty
2026-07-02 10:27:44 skip persist: objectPresetsCustom missing or empty
2026-07-02 10:27:46 skip persist: objectPresetsCustom missing or empty
2026-07-02 10:27:48 skip persist: objectPresetsCustom missing or empty
2026-07-02 10:27:50 skip persist: objectPresetsCustom missing or empty
2026-07-02 10:27:52 skip persist: objectPresetsCustom missing or empty
2026-07-02 10:27:54 skip persist: objectPresetsCustom missing or empty
2026-07-02 10:27:56 skip persist: objectPresetsCustom missing or empty
2026-07-02 10:27:58 skip persist: objectPresetsCustom missing or empty
2026-07-02 10:28:00 skip persist: objectPresetsCustom missing or empty
2026-07-02 10:28:02 skip persist: objectPresetsCustom missing or empty
2026-07-02 10:28:04 skip persist: objectPresetsCustom missing or empty
2026-07-02 10:28:06 skip persist: objectPresetsCustom missing or empty
2026-07-02 10:28:08 skip persist: objectPresetsCustom missing or empty
2026-07-02 10:28:10 skip persist: objectPresetsCustom missing or empty
2026-07-02 10:28:12 skip persist: objectPresetsCustom missing or empty
2026-07-02 10:28:14 skip persist: objectPresetsCustom missing or empty
2026-07-02 10:29:54 persisted settings active=car_single search=lost_step_wait custom=['airplane_single', 'airplanes', 'bird_single', 'birds', 'car_single', 'cars', 'people', 'person_single']
2026-07-02 10:29:56 persisted settings active=car_single search=lost_step_wait custom=['airplane_single', 'airplanes', 'bird_single', 'birds', 'car_single', 'cars', 'people', 'person_single']
2026-07-02 10:33:15 skip persist: objectPresetsCustom missing or empty
2026-07-02 10:33:17 skip persist: objectPresetsCustom missing or empty
2026-07-02 10:33:19 skip persist: objectPresetsCustom missing or empty
2026-07-02 10:33:21 skip persist: objectPresetsCustom missing or empty
2026-07-02 10:33:23 skip persist: objectPresetsCustom missing or empty
2026-07-02 10:33:25 skip persist: objectPresetsCustom missing or empty
2026-07-02 10:33:27 skip persist: objectPresetsCustom missing or empty
2026-07-02 10:33:29 skip persist: objectPresetsCustom missing or empty
2026-07-02 10:33:31 skip persist: objectPresetsCustom missing or empty
2026-07-02 10:33:33 skip persist: objectPresetsCustom missing or empty
2026-07-02 10:33:35 skip persist: objectPresetsCustom missing or empty
2026-07-02 10:33:37 skip persist: objectPresetsCustom missing or empty
2026-07-02 10:33:39 skip persist: objectPresetsCustom missing or empty
2026-07-02 10:33:41 skip persist: objectPresetsCustom missing or empty
2026-07-02 10:33:43 skip persist: objectPresetsCustom missing or empty
2026-07-02 10:33:45 skip persist: objectPresetsCustom missing or empty
2026-07-02 10:33:47 skip persist: objectPresetsCustom missing or empty
2026-07-02 10:33:49 skip persist: objectPresetsCustom missing or empty
2026-07-02 10:33:51 skip persist: objectPresetsCustom missing or empty
2026-07-02 10:33:53 skip persist: objectPresetsCustom missing or empty
2026-07-02 10:33:55 skip persist: objectPresetsCustom missing or empty
2026-07-02 10:33:57 skip persist: objectPresetsCustom missing or empty
2026-07-02 10:33:59 skip persist: objectPresetsCustom missing or empty
2026-07-02 10:34:01 skip persist: objectPresetsCustom missing or empty
2026-07-02 10:34:03 skip persist: objectPresetsCustom missing or empty
2026-07-02 10:34:05 skip persist: objectPresetsCustom missing or empty
2026-07-02 10:34:07 skip persist: objectPresetsCustom missing or empty
2026-07-02 10:34:09 skip persist: objectPresetsCustom missing or empty
2026-07-02 10:34:11 skip persist: objectPresetsCustom missing or empty
2026-07-02 10:34:13 skip persist: objectPresetsCustom missing or empty
2026-07-02 10:34:15 skip persist: objectPresetsCustom missing or empty
2026-07-02 10:34:17 skip persist: objectPresetsCustom missing or empty
2026-07-02 10:34:19 settings persist daemon stop
2026-07-02 10:34:35 settings persist daemon start
2026-07-02 10:34:47 skip persist: objectPresetsCustom missing or empty
2026-07-02 10:34:49 skip persist: objectPresetsCustom missing or empty
2026-07-02 10:34:51 skip persist: objectPresetsCustom missing or empty
2026-07-02 10:34:53 skip persist: objectPresetsCustom missing or empty
2026-07-02 10:34:55 skip persist: objectPresetsCustom missing or empty
2026-07-02 10:34:57 skip persist: objectPresetsCustom missing or empty
2026-07-02 10:34:59 skip persist: objectPresetsCustom missing or empty
2026-07-02 10:35:01 skip persist: objectPresetsCustom missing or empty
2026-07-02 10:35:03 skip persist: objectPresetsCustom missing or empty
2026-07-02 10:35:05 skip persist: objectPresetsCustom missing or empty
2026-07-02 10:35:07 skip persist: objectPresetsCustom missing or empty
2026-07-02 10:35:09 skip persist: objectPresetsCustom missing or empty
2026-07-02 10:35:11 skip persist: objectPresetsCustom missing or empty
2026-07-02 10:35:13 skip persist: objectPresetsCustom missing or empty
2026-07-02 10:35:15 skip persist: objectPresetsCustom missing or empty
2026-07-02 10:35:17 skip persist: objectPresetsCustom missing or empty
2026-07-02 10:35:19 skip persist: objectPresetsCustom missing or empty
2026-07-02 10:35:21 skip persist: objectPresetsCustom missing or empty
2026-07-02 10:35:23 skip persist: objectPresetsCustom missing or empty
2026-07-02 10:35:25 skip persist: objectPresetsCustom missing or empty
2026-07-02 10:35:27 skip persist: objectPresetsCustom missing or empty
2026-07-02 10:35:29 skip persist: objectPresetsCustom missing or empty
2026-07-02 10:35:31 skip persist: objectPresetsCustom missing or empty
2026-07-02 10:35:33 skip persist: objectPresetsCustom missing or empty
2026-07-02 10:35:35 skip persist: objectPresetsCustom missing or empty
2026-07-02 10:35:37 skip persist: objectPresetsCustom missing or empty
2026-07-02 10:35:39 skip persist: objectPresetsCustom missing or empty
2026-07-02 10:35:41 skip persist: objectPresetsCustom missing or empty
2026-07-02 10:35:43 skip persist: objectPresetsCustom missing or empty
2026-07-02 10:35:45 skip persist: objectPresetsCustom missing or empty
2026-07-02 10:35:47 skip persist: objectPresetsCustom missing or empty
2026-07-02 10:35:49 skip persist: objectPresetsCustom missing or empty
2026-07-02 10:35:51 skip persist: objectPresetsCustom missing or empty
2026-07-02 10:35:53 skip persist: objectPresetsCustom missing or empty
2026-07-02 10:35:55 skip persist: objectPresetsCustom missing or empty
2026-07-02 10:35:57 skip persist: objectPresetsCustom missing or empty
2026-07-02 10:35:59 skip persist: objectPresetsCustom missing or empty
2026-07-02 10:36:01 skip persist: objectPresetsCustom missing or empty
2026-07-02 10:36:03 skip persist: objectPresetsCustom missing or empty
2026-07-02 10:36:05 skip persist: objectPresetsCustom missing or empty
2026-07-02 10:36:07 skip persist: objectPresetsCustom missing or empty
2026-07-02 10:36:09 skip persist: objectPresetsCustom missing or empty
2026-07-02 10:36:11 skip persist: objectPresetsCustom missing or empty
2026-07-02 10:36:13 skip persist: objectPresetsCustom missing or empty
2026-07-02 10:36:15 skip persist: objectPresetsCustom missing or empty
2026-07-02 10:36:17 skip persist: objectPresetsCustom missing or empty
2026-07-02 10:36:19 skip persist: objectPresetsCustom missing or empty
2026-07-02 10:36:21 skip persist: objectPresetsCustom missing or empty
2026-07-02 10:36:23 skip persist: objectPresetsCustom missing or empty
2026-07-02 10:36:25 skip persist: objectPresetsCustom missing or empty
2026-07-02 10:36:27 skip persist: objectPresetsCustom missing or empty
2026-07-02 10:36:29 skip persist: objectPresetsCustom missing or empty
2026-07-02 10:36:31 skip persist: objectPresetsCustom missing or empty
2026-07-02 10:36:33 skip persist: objectPresetsCustom missing or empty
2026-07-02 10:36:35 skip persist: objectPresetsCustom missing or empty
2026-07-02 10:36:37 skip persist: objectPresetsCustom missing or empty
2026-07-02 10:36:39 skip persist: objectPresetsCustom missing or empty
2026-07-02 10:36:41 skip persist: objectPresetsCustom missing or empty
2026-07-02 10:36:43 skip persist: objectPresetsCustom missing or empty
2026-07-02 10:36:45 skip persist: objectPresetsCustom missing or empty
2026-07-02 10:36:47 skip persist: objectPresetsCustom missing or empty
2026-07-02 10:36:49 skip persist: objectPresetsCustom missing or empty
2026-07-02 10:36:51 skip persist: objectPresetsCustom missing or empty
2026-07-02 10:36:53 skip persist: objectPresetsCustom missing or empty
2026-07-02 10:36:55 skip persist: objectPresetsCustom missing or empty
2026-07-02 10:36:57 skip persist: objectPresetsCustom missing or empty
2026-07-02 10:36:59 skip persist: objectPresetsCustom missing or empty
2026-07-02 10:37:01 skip persist: objectPresetsCustom missing or empty
2026-07-02 10:37:03 skip persist: objectPresetsCustom missing or empty
2026-07-02 10:37:05 skip persist: objectPresetsCustom missing or empty
2026-07-02 10:37:07 skip persist: objectPresetsCustom missing or empty
2026-07-02 10:37:09 skip persist: objectPresetsCustom missing or empty
2026-07-02 10:37:11 skip persist: objectPresetsCustom missing or empty
2026-07-02 10:37:13 skip persist: objectPresetsCustom missing or empty
2026-07-02 10:37:15 skip persist: objectPresetsCustom missing or empty
2026-07-02 10:37:17 skip persist: objectPresetsCustom missing or empty
2026-07-02 10:37:19 skip persist: objectPresetsCustom missing or empty
2026-07-02 10:37:21 skip persist: objectPresetsCustom missing or empty
2026-07-02 10:37:23 skip persist: objectPresetsCustom missing or empty
2026-07-02 10:37:25 skip persist: objectPresetsCustom missing or empty
2026-07-02 10:37:27 skip persist: objectPresetsCustom missing or empty
2026-07-02 10:37:29 skip persist: objectPresetsCustom missing or empty
2026-07-02 10:37:31 skip persist: objectPresetsCustom missing or empty
2026-07-02 10:37:34 skip persist: objectPresetsCustom missing or empty
2026-07-02 10:37:36 skip persist: objectPresetsCustom missing or empty
2026-07-02 10:37:38 skip persist: objectPresetsCustom missing or empty
2026-07-02 10:37:40 skip persist: objectPresetsCustom missing or empty
2026-07-02 10:37:42 skip persist: objectPresetsCustom missing or empty
2026-07-02 10:37:44 skip persist: objectPresetsCustom missing or empty
2026-07-02 10:37:46 skip persist: objectPresetsCustom missing or empty
2026-07-02 10:37:48 skip persist: objectPresetsCustom missing or empty
2026-07-02 10:37:50 skip persist: objectPresetsCustom missing or empty
2026-07-02 10:37:52 skip persist: objectPresetsCustom missing or empty
2026-07-02 10:37:54 skip persist: objectPresetsCustom missing or empty
2026-07-02 10:37:56 skip persist: objectPresetsCustom missing or empty
2026-07-02 10:37:58 skip persist: objectPresetsCustom missing or empty
2026-07-02 10:38:00 skip persist: objectPresetsCustom missing or empty
2026-07-02 10:38:02 skip persist: objectPresetsCustom missing or empty
2026-07-02 10:38:04 skip persist: objectPresetsCustom missing or empty
2026-07-02 10:38:06 skip persist: objectPresetsCustom missing or empty
2026-07-02 10:38:08 skip persist: objectPresetsCustom missing or empty
2026-07-02 10:38:10 skip persist: objectPresetsCustom missing or empty
2026-07-02 10:38:12 skip persist: objectPresetsCustom missing or empty
2026-07-02 10:38:14 skip persist: objectPresetsCustom missing or empty
2026-07-02 10:38:16 skip persist: objectPresetsCustom missing or empty
2026-07-02 10:38:18 skip persist: objectPresetsCustom missing or empty
2026-07-02 10:38:20 skip persist: objectPresetsCustom missing or empty
2026-07-02 10:38:22 skip persist: objectPresetsCustom missing or empty
2026-07-02 10:38:24 skip persist: objectPresetsCustom missing or empty
2026-07-02 10:38:26 skip persist: objectPresetsCustom missing or empty
2026-07-02 10:38:28 skip persist: objectPresetsCustom missing or empty
2026-07-02 10:38:30 skip persist: objectPresetsCustom missing or empty
2026-07-02 10:38:32 skip persist: objectPresetsCustom missing or empty
2026-07-02 10:38:34 skip persist: objectPresetsCustom missing or empty
2026-07-02 10:38:36 skip persist: objectPresetsCustom missing or empty
2026-07-02 10:38:38 skip persist: objectPresetsCustom missing or empty
2026-07-02 10:38:40 skip persist: objectPresetsCustom missing or empty
2026-07-02 10:38:42 skip persist: objectPresetsCustom missing or empty
2026-07-02 10:38:44 skip persist: objectPresetsCustom missing or empty
2026-07-02 10:38:46 skip persist: objectPresetsCustom missing or empty
2026-07-02 10:38:48 skip persist: objectPresetsCustom missing or empty
2026-07-02 10:38:50 skip persist: objectPresetsCustom missing or empty
2026-07-02 10:38:52 skip persist: objectPresetsCustom missing or empty
2026-07-02 10:38:54 skip persist: objectPresetsCustom missing or empty
2026-07-02 10:38:56 skip persist: objectPresetsCustom missing or empty
2026-07-02 10:38:58 skip persist: objectPresetsCustom missing or empty
2026-07-02 10:39:00 skip persist: objectPresetsCustom missing or empty
2026-07-02 10:39:02 skip persist: objectPresetsCustom missing or empty
2026-07-02 10:39:04 skip persist: objectPresetsCustom missing or empty
2026-07-02 10:39:06 skip persist: objectPresetsCustom missing or empty
2026-07-02 10:39:08 skip persist: objectPresetsCustom missing or empty
2026-07-02 10:39:10 skip persist: objectPresetsCustom missing or empty
2026-07-02 10:39:12 skip persist: objectPresetsCustom missing or empty
2026-07-02 10:39:14 skip persist: objectPresetsCustom missing or empty
2026-07-02 10:39:16 skip persist: objectPresetsCustom missing or empty
2026-07-02 10:39:18 skip persist: objectPresetsCustom missing or empty
2026-07-02 10:39:20 skip persist: objectPresetsCustom missing or empty
2026-07-02 10:39:22 skip persist: objectPresetsCustom missing or empty
2026-07-02 10:39:24 skip persist: objectPresetsCustom missing or empty
2026-07-02 10:39:26 skip persist: objectPresetsCustom missing or empty
2026-07-02 10:39:28 skip persist: objectPresetsCustom missing or empty
2026-07-02 10:39:30 skip persist: objectPresetsCustom missing or empty
2026-07-02 10:39:32 skip persist: objectPresetsCustom missing or empty
2026-07-02 10:39:34 skip persist: objectPresetsCustom missing or empty
2026-07-02 10:39:36 skip persist: objectPresetsCustom missing or empty
2026-07-02 10:39:38 skip persist: objectPresetsCustom missing or empty
2026-07-02 10:39:40 skip persist: objectPresetsCustom missing or empty
2026-07-02 10:39:42 skip persist: objectPresetsCustom missing or empty
2026-07-02 10:39:44 skip persist: objectPresetsCustom missing or empty
2026-07-02 10:39:46 skip persist: objectPresetsCustom missing or empty
2026-07-02 10:39:48 skip persist: objectPresetsCustom missing or empty
2026-07-02 10:39:50 skip persist: objectPresetsCustom missing or empty
2026-07-02 10:39:52 skip persist: objectPresetsCustom missing or empty
2026-07-02 10:39:54 skip persist: objectPresetsCustom missing or empty
2026-07-02 10:39:56 skip persist: objectPresetsCustom missing or empty
2026-07-02 10:39:58 skip persist: objectPresetsCustom missing or empty
2026-07-02 10:40:00 skip persist: objectPresetsCustom missing or empty
2026-07-02 10:40:02 skip persist: objectPresetsCustom missing or empty
2026-07-02 10:40:04 skip persist: objectPresetsCustom missing or empty
2026-07-02 10:40:06 skip persist: objectPresetsCustom missing or empty
2026-07-02 10:40:08 skip persist: objectPresetsCustom missing or empty
2026-07-02 10:40:10 skip persist: objectPresetsCustom missing or empty
2026-07-02 10:40:12 skip persist: objectPresetsCustom missing or empty
2026-07-02 10:40:14 skip persist: objectPresetsCustom missing or empty
2026-07-02 10:40:16 skip persist: objectPresetsCustom missing or empty
2026-07-02 10:40:18 skip persist: objectPresetsCustom missing or empty
2026-07-02 10:40:20 skip persist: objectPresetsCustom missing or empty
2026-07-02 10:40:22 skip persist: objectPresetsCustom missing or empty
2026-07-02 10:40:24 skip persist: objectPresetsCustom missing or empty
2026-07-02 10:40:26 skip persist: objectPresetsCustom missing or empty
2026-07-02 10:40:28 skip persist: objectPresetsCustom missing or empty
2026-07-02 10:40:30 skip persist: objectPresetsCustom missing or empty
2026-07-02 10:40:32 skip persist: objectPresetsCustom missing or empty
2026-07-02 10:40:34 skip persist: objectPresetsCustom missing or empty
2026-07-02 10:40:36 skip persist: objectPresetsCustom missing or empty
2026-07-02 10:40:38 skip persist: objectPresetsCustom missing or empty
2026-07-02 10:40:40 skip persist: objectPresetsCustom missing or empty
2026-07-02 10:40:42 skip persist: objectPresetsCustom missing or empty
2026-07-02 10:40:44 skip persist: objectPresetsCustom missing or empty
2026-07-02 10:40:46 skip persist: objectPresetsCustom missing or empty
2026-07-02 10:40:48 skip persist: objectPresetsCustom missing or empty
2026-07-02 10:40:50 skip persist: objectPresetsCustom missing or empty
2026-07-02 10:40:52 skip persist: objectPresetsCustom missing or empty
2026-07-02 10:40:54 skip persist: objectPresetsCustom missing or empty
2026-07-02 10:40:56 skip persist: objectPresetsCustom missing or empty
2026-07-02 10:40:58 skip persist: objectPresetsCustom missing or empty
2026-07-02 10:41:00 skip persist: objectPresetsCustom missing or empty
2026-07-02 10:41:02 skip persist: objectPresetsCustom missing or empty
2026-07-02 10:41:04 skip persist: objectPresetsCustom missing or empty
2026-07-02 10:41:06 skip persist: objectPresetsCustom missing or empty
2026-07-02 10:41:08 skip persist: objectPresetsCustom missing or empty
2026-07-02 10:41:10 skip persist: objectPresetsCustom missing or empty
2026-07-02 10:41:12 skip persist: objectPresetsCustom missing or empty
2026-07-02 10:41:14 skip persist: objectPresetsCustom missing or empty
2026-07-02 10:41:16 skip persist: objectPresetsCustom missing or empty
2026-07-02 10:41:18 skip persist: objectPresetsCustom missing or empty
2026-07-02 10:41:20 skip persist: objectPresetsCustom missing or empty
2026-07-02 10:41:22 skip persist: objectPresetsCustom missing or empty
2026-07-02 10:41:24 skip persist: objectPresetsCustom missing or empty
2026-07-02 10:41:26 skip persist: objectPresetsCustom missing or empty
2026-07-02 10:41:28 skip persist: objectPresetsCustom missing or empty
2026-07-02 10:41:30 skip persist: objectPresetsCustom missing or empty
2026-07-02 10:41:32 skip persist: objectPresetsCustom missing or empty
2026-07-02 10:41:34 skip persist: objectPresetsCustom missing or empty
2026-07-02 10:41:36 skip persist: objectPresetsCustom missing or empty
2026-07-02 10:41:38 skip persist: objectPresetsCustom missing or empty
2026-07-02 10:41:40 skip persist: objectPresetsCustom missing or empty
2026-07-02 10:41:42 skip persist: objectPresetsCustom missing or empty
2026-07-02 10:41:44 skip persist: objectPresetsCustom missing or empty
2026-07-02 10:41:46 skip persist: objectPresetsCustom missing or empty
2026-07-02 10:41:48 skip persist: objectPresetsCustom missing or empty
2026-07-02 10:41:50 skip persist: objectPresetsCustom missing or empty
2026-07-02 10:41:52 skip persist: objectPresetsCustom missing or empty
2026-07-02 10:41:54 skip persist: objectPresetsCustom missing or empty
2026-07-02 10:41:56 skip persist: objectPresetsCustom missing or empty
2026-07-02 10:42:24 settings persist daemon stop
2026-07-02 10:42:46 settings persist daemon start
