{"event": "daemon_start", "pid": 1944, "ts": 1785501592.701}
{"event": "daemon_start", "pid": 1944, "ts": 1785501592.701}
{"armed": false, "event": "idle_disarmed", "preset": "car_single", "single_auto": true, "ts": 1785501592.703}
{"armed": false, "event": "idle_disarmed", "preset": "car_single", "single_auto": true, "ts": 1785501592.703}
{"armed": false, "event": "idle_disarmed", "preset": "car_single", "single_auto": true, "ts": 1785501593.704}
{"armed": false, "event": "idle_disarmed", "preset": "car_single", "single_auto": true, "ts": 1785501593.704}
{"armed": false, "event": "idle_disarmed", "preset": "car_single", "single_auto": true, "ts": 1785501594.705}
{"armed": false, "event": "idle_disarmed", "preset": "car_single", "single_auto": true, "ts": 1785501594.705}
{"armed": false, "event": "idle_disarmed", "preset": "car_single", "single_auto": true, "ts": 1785501595.706}
{"armed": false, "event": "idle_disarmed", "preset": "car_single", "single_auto": true, "ts": 1785501595.706}
{"armed": false, "event": "idle_disarmed", "preset": "car_single", "single_auto": true, "ts": 1785501596.707}
{"armed": false, "event": "idle_disarmed", "preset": "car_single", "single_auto": true, "ts": 1785501596.707}
{"armed": false, "event": "idle_disarmed", "preset": "car_single", "single_auto": true, "ts": 1785501597.708}
{"armed": false, "event": "idle_disarmed", "preset": "car_single", "single_auto": true, "ts": 1785501597.708}
{"armed": false, "event": "idle_disarmed", "preset": "car_single", "single_auto": true, "ts": 1785501598.709}
{"armed": false, "event": "idle_disarmed", "preset": "car_single", "single_auto": true, "ts": 1785501598.709}
{"armed": false, "event": "idle_disarmed", "preset": "car_single", "single_auto": true, "ts": 1785501599.71}
{"armed": false, "event": "idle_disarmed", "preset": "car_single", "single_auto": true, "ts": 1785501599.71}
{"armed": false, "event": "idle_disarmed", "preset": "car_single", "single_auto": true, "ts": 1785501600.711}
{"armed": false, "event": "idle_disarmed", "preset": "car_single", "single_auto": true, "ts": 1785501600.711}
{"armed": false, "event": "idle_disarmed", "preset": "car_single", "single_auto": true, "ts": 1785501601.712}
{"armed": false, "event": "idle_disarmed", "preset": "car_single", "single_auto": true, "ts": 1785501601.712}
{"armed": false, "event": "idle_disarmed", "preset": "car_single", "single_auto": true, "ts": 1785501602.713}
{"armed": false, "event": "idle_disarmed", "preset": "car_single", "single_auto": true, "ts": 1785501602.713}
{"armed": false, "event": "idle_disarmed", "preset": "car_single", "single_auto": true, "ts": 1785501603.714}
{"armed": false, "event": "idle_disarmed", "preset": "car_single", "single_auto": true, "ts": 1785501603.714}
{"armed": false, "event": "idle_disarmed", "preset": "car_single", "single_auto": true, "ts": 1785501604.715}
{"armed": false, "event": "idle_disarmed", "preset": "car_single", "single_auto": true, "ts": 1785501604.715}
{"armed": false, "event": "idle_disarmed", "preset": "car_single", "single_auto": true, "ts": 1785501605.716}
{"armed": false, "event": "idle_disarmed", "preset": "car_single", "single_auto": true, "ts": 1785501605.716}
{"armed": false, "event": "idle_disarmed", "preset": "car_single", "single_auto": true, "ts": 1785501606.717}
{"armed": false, "event": "idle_disarmed", "preset": "car_single", "single_auto": true, "ts": 1785501606.717}
{"armed": false, "event": "idle_disarmed", "preset": "car_single", "single_auto": true, "ts": 1785501607.718}
{"armed": false, "event": "idle_disarmed", "preset": "car_single", "single_auto": true, "ts": 1785501607.718}
{"armed": false, "event": "idle_disarmed", "preset": "car_single", "single_auto": true, "ts": 1785501608.719}
{"armed": false, "event": "idle_disarmed", "preset": "car_single", "single_auto": true, "ts": 1785501608.719}
{"armed": false, "event": "idle_disarmed", "preset": "car_single", "single_auto": true, "ts": 1785501609.72}
{"armed": false, "event": "idle_disarmed", "preset": "car_single", "single_auto": true, "ts": 1785501609.72}
{"armed": false, "event": "idle_disarmed", "preset": "car_single", "single_auto": true, "ts": 1785501610.721}
{"armed": false, "event": "idle_disarmed", "preset": "car_single", "single_auto": true, "ts": 1785501610.721}
{"armed": false, "event": "idle_disarmed", "preset": "car_single", "single_auto": true, "ts": 1785501611.722}
{"armed": false, "event": "idle_disarmed", "preset": "car_single", "single_auto": true, "ts": 1785501611.722}
{"armed": false, "event": "idle_disarmed", "preset": "car_single", "single_auto": true, "ts": 1785501612.723}
{"armed": false, "event": "idle_disarmed", "preset": "car_single", "single_auto": true, "ts": 1785501612.723}
{"armed": false, "event": "idle_disarmed", "preset": "car_single", "single_auto": true, "ts": 1785501613.724}
{"armed": false, "event": "idle_disarmed", "preset": "car_single", "single_auto": true, "ts": 1785501613.724}
{"armed": false, "event": "idle_disarmed", "preset": "car_single", "single_auto": true, "ts": 1785501614.726}
{"armed": false, "event": "idle_disarmed", "preset": "car_single", "single_auto": true, "ts": 1785501614.726}
{"armed": false, "event": "idle_disarmed", "preset": "car_single", "single_auto": true, "ts": 1785501615.728}
{"armed": false, "event": "idle_disarmed", "preset": "car_single", "single_auto": true, "ts": 1785501615.728}
{"armed": false, "event": "idle_disarmed", "preset": "car_single", "single_auto": true, "ts": 1785501616.729}
{"armed": false, "event": "idle_disarmed", "preset": "car_single", "single_auto": true, "ts": 1785501616.729}
{"armed": false, "event": "idle_disarmed", "preset": "car_single", "single_auto": true, "ts": 1785501617.73}
{"armed": false, "event": "idle_disarmed", "preset": "car_single", "single_auto": true, "ts": 1785501617.73}
{"armed": false, "event": "idle_disarmed", "preset": "car_single", "single_auto": true, "ts": 1785501618.731}
{"armed": false, "event": "idle_disarmed", "preset": "car_single", "single_auto": true, "ts": 1785501618.731}
{"armed": false, "event": "idle_disarmed", "preset": "car_single", "single_auto": true, "ts": 1785501619.733}
{"armed": false, "event": "idle_disarmed", "preset": "car_single", "single_auto": true, "ts": 1785501619.733}
{"armed": false, "event": "idle_disarmed", "preset": "car_single", "single_auto": true, "ts": 1785501620.736}
{"armed": false, "event": "idle_disarmed", "preset": "car_single", "single_auto": true, "ts": 1785501620.736}
{"armed": false, "event": "idle_disarmed", "preset": "car_single", "single_auto": true, "ts": 1785501621.739}
{"armed": false, "event": "idle_disarmed", "preset": "car_single", "single_auto": true, "ts": 1785501621.739}
{"armed": false, "event": "idle_disarmed", "preset": "car_single", "single_auto": true, "ts": 1785501622.742}
{"armed": false, "event": "idle_disarmed", "preset": "car_single", "single_auto": true, "ts": 1785501622.742}
{"armed": false, "event": "idle_disarmed", "preset": "car_single", "single_auto": true, "ts": 1785501623.744}
{"armed": false, "event": "idle_disarmed", "preset": "car_single", "single_auto": true, "ts": 1785501623.744}
{"armed": false, "event": "idle_disarmed", "preset": "car_single", "single_auto": true, "ts": 1785501624.745}
{"armed": false, "event": "idle_disarmed", "preset": "car_single", "single_auto": true, "ts": 1785501624.745}
{"armed": false, "event": "idle_disarmed", "preset": "car_single", "single_auto": true, "ts": 1785501625.747}
{"armed": false, "event": "idle_disarmed", "preset": "car_single", "single_auto": true, "ts": 1785501625.747}
{"armed": false, "event": "idle_disarmed", "preset": "car_single", "single_auto": true, "ts": 1785501626.748}
{"armed": false, "event": "idle_disarmed", "preset": "car_single", "single_auto": true, "ts": 1785501626.748}
{"armed": false, "event": "idle_disarmed", "preset": "car_single", "single_auto": true, "ts": 1785501627.749}
{"armed": false, "event": "idle_disarmed", "preset": "car_single", "single_auto": true, "ts": 1785501627.749}
{"armed": false, "event": "idle_disarmed", "preset": "car_single", "single_auto": true, "ts": 1785501628.752}
{"armed": false, "event": "idle_disarmed", "preset": "car_single", "single_auto": true, "ts": 1785501628.752}
{"armed": false, "event": "idle_disarmed", "preset": "car_single", "single_auto": true, "ts": 1785501629.753}
{"armed": false, "event": "idle_disarmed", "preset": "car_single", "single_auto": true, "ts": 1785501629.753}
{"armed": false, "event": "idle_disarmed", "preset": "car_single", "single_auto": true, "ts": 1785501630.754}
{"armed": false, "event": "idle_disarmed", "preset": "car_single", "single_auto": true, "ts": 1785501630.754}
{"armed": false, "event": "idle_disarmed", "preset": "car_single", "single_auto": true, "ts": 1785501631.756}
{"armed": false, "event": "idle_disarmed", "preset": "car_single", "single_auto": true, "ts": 1785501631.756}
{"armed": false, "event": "idle_disarmed", "preset": "car_single", "single_auto": true, "ts": 1785501632.757}
{"armed": false, "event": "idle_disarmed", "preset": "car_single", "single_auto": true, "ts": 1785501632.757}
{"armed": false, "event": "idle_disarmed", "preset": "car_single", "single_auto": true, "ts": 1785501633.758}
{"armed": false, "event": "idle_disarmed", "preset": "car_single", "single_auto": true, "ts": 1785501633.758}
{"armed": false, "event": "idle_disarmed", "preset": "car_single", "single_auto": true, "ts": 1785501634.759}
{"armed": false, "event": "idle_disarmed", "preset": "car_single", "single_auto": true, "ts": 1785501634.759}
{"armed": false, "event": "idle_disarmed", "preset": "car_single", "single_auto": true, "ts": 1785501635.76}
{"armed": false, "event": "idle_disarmed", "preset": "car_single", "single_auto": true, "ts": 1785501635.76}
{"armed": false, "event": "idle_disarmed", "preset": "car_single", "single_auto": true, "ts": 1785501636.761}
{"armed": false, "event": "idle_disarmed", "preset": "car_single", "single_auto": true, "ts": 1785501636.761}
{"armed": false, "event": "idle_disarmed", "preset": "car_single", "single_auto": true, "ts": 1785501637.762}
{"armed": false, "event": "idle_disarmed", "preset": "car_single", "single_auto": true, "ts": 1785501637.762}
{"armed": false, "event": "idle_disarmed", "preset": "car_single", "single_auto": true, "ts": 1785501638.763}
{"armed": false, "event": "idle_disarmed", "preset": "car_single", "single_auto": true, "ts": 1785501638.763}
{"armed": false, "event": "idle_disarmed", "preset": "car_single", "single_auto": true, "ts": 1785501639.765}
{"armed": false, "event": "idle_disarmed", "preset": "car_single", "single_auto": true, "ts": 1785501639.765}
{"armed": false, "event": "idle_disarmed", "preset": "car_single", "single_auto": true, "ts": 1785501640.767}
{"armed": false, "event": "idle_disarmed", "preset": "car_single", "single_auto": true, "ts": 1785501640.767}
{"armed": false, "event": "idle_disarmed", "preset": "car_single", "single_auto": true, "ts": 1785501641.769}
{"armed": false, "event": "idle_disarmed", "preset": "car_single", "single_auto": true, "ts": 1785501641.769}
{"armed": false, "event": "idle_disarmed", "preset": "car_single", "single_auto": true, "ts": 1785501642.771}
{"armed": false, "event": "idle_disarmed", "preset": "car_single", "single_auto": true, "ts": 1785501642.771}
{"armed": false, "event": "idle_disarmed", "preset": "car_single", "single_auto": true, "ts": 1785501643.773}
{"armed": false, "event": "idle_disarmed", "preset": "car_single", "single_auto": true, "ts": 1785501643.773}
{"armed": false, "event": "idle_disarmed", "preset": "car_single", "single_auto": true, "ts": 1785501644.776}
{"armed": false, "event": "idle_disarmed", "preset": "car_single", "single_auto": true, "ts": 1785501644.776}
{"armed": false, "event": "idle_disarmed", "preset": "car_single", "single_auto": true, "ts": 1785501645.778}
{"armed": false, "event": "idle_disarmed", "preset": "car_single", "single_auto": true, "ts": 1785501645.778}
{"armed": false, "event": "idle_disarmed", "preset": "car_single", "single_auto": true, "ts": 1785501646.781}
{"armed": false, "event": "idle_disarmed", "preset": "car_single", "single_auto": true, "ts": 1785501646.781}
{"armed": false, "event": "idle_disarmed", "preset": "car_single", "single_auto": true, "ts": 1785501647.783}
{"armed": false, "event": "idle_disarmed", "preset": "car_single", "single_auto": true, "ts": 1785501647.783}
{"armed": false, "event": "idle_disarmed", "preset": "car_single", "single_auto": true, "ts": 1785501648.786}
{"armed": false, "event": "idle_disarmed", "preset": "car_single", "single_auto": true, "ts": 1785501648.786}
{"armed": false, "event": "idle_disarmed", "preset": "car_single", "single_auto": true, "ts": 1785501649.788}
{"armed": false, "event": "idle_disarmed", "preset": "car_single", "single_auto": true, "ts": 1785501649.788}
{"armed": false, "event": "idle_disarmed", "preset": "car_single", "single_auto": true, "ts": 1785501650.791}
{"armed": false, "event": "idle_disarmed", "preset": "car_single", "single_auto": true, "ts": 1785501650.791}
{"armed": false, "event": "idle_disarmed", "preset": "car_single", "single_auto": true, "ts": 1785501651.793}
{"armed": false, "event": "idle_disarmed", "preset": "car_single", "single_auto": true, "ts": 1785501651.793}
{"armed": false, "event": "idle_disarmed", "preset": "car_single", "single_auto": true, "ts": 1785501652.795}
{"armed": false, "event": "idle_disarmed", "preset": "car_single", "single_auto": true, "ts": 1785501652.795}
{"armed": false, "event": "idle_disarmed", "preset": "car_single", "single_auto": true, "ts": 1785501653.798}
{"armed": false, "event": "idle_disarmed", "preset": "car_single", "single_auto": true, "ts": 1785501653.798}
{"armed": false, "event": "idle_disarmed", "preset": "car_single", "single_auto": true, "ts": 1785501654.801}
{"armed": false, "event": "idle_disarmed", "preset": "car_single", "single_auto": true, "ts": 1785501654.801}
{"armed": false, "event": "idle_disarmed", "preset": "car_single", "single_auto": true, "ts": 1785501655.803}
{"armed": false, "event": "idle_disarmed", "preset": "car_single", "single_auto": true, "ts": 1785501655.803}
{"armed": false, "event": "idle_disarmed", "preset": "car_single", "single_auto": true, "ts": 1785501656.806}
{"armed": false, "event": "idle_disarmed", "preset": "car_single", "single_auto": true, "ts": 1785501656.806}
{"armed": false, "event": "idle_disarmed", "preset": "car_single", "single_auto": true, "ts": 1785501657.809}
{"armed": false, "event": "idle_disarmed", "preset": "car_single", "single_auto": true, "ts": 1785501657.809}
{"armed": false, "event": "idle_disarmed", "preset": "car_single", "single_auto": true, "ts": 1785501658.811}
{"armed": false, "event": "idle_disarmed", "preset": "car_single", "single_auto": true, "ts": 1785501658.811}
{"armed": false, "event": "idle_disarmed", "preset": "car_single", "single_auto": true, "ts": 1785501659.813}
{"armed": false, "event": "idle_disarmed", "preset": "car_single", "single_auto": true, "ts": 1785501659.813}
{"armed": false, "event": "idle_disarmed", "preset": "car_single", "single_auto": true, "ts": 1785501660.816}
{"armed": false, "event": "idle_disarmed", "preset": "car_single", "single_auto": true, "ts": 1785501660.816}
{"armed": false, "event": "idle_disarmed", "preset": "car_single", "single_auto": true, "ts": 1785501661.818}
{"armed": false, "event": "idle_disarmed", "preset": "car_single", "single_auto": true, "ts": 1785501661.818}
{"armed": false, "event": "idle_disarmed", "preset": "car_single", "single_auto": true, "ts": 1785501662.821}
{"armed": false, "event": "idle_disarmed", "preset": "car_single", "single_auto": true, "ts": 1785501662.821}
{"armed": false, "event": "idle_disarmed", "preset": "car_single", "single_auto": true, "ts": 1785501663.823}
{"armed": false, "event": "idle_disarmed", "preset": "car_single", "single_auto": true, "ts": 1785501663.823}
{"armed": false, "event": "idle_disarmed", "preset": "car_single", "single_auto": true, "ts": 1785501664.826}
{"armed": false, "event": "idle_disarmed", "preset": "car_single", "single_auto": true, "ts": 1785501664.826}
{"armed": false, "event": "idle_disarmed", "preset": "car_single", "single_auto": true, "ts": 1785501665.828}
{"armed": false, "event": "idle_disarmed", "preset": "car_single", "single_auto": true, "ts": 1785501665.828}
{"armed": false, "event": "idle_disarmed", "preset": "car_single", "single_auto": true, "ts": 1785501666.831}
{"armed": false, "event": "idle_disarmed", "preset": "car_single", "single_auto": true, "ts": 1785501666.831}
{"armed": false, "event": "idle_disarmed", "preset": "car_single", "single_auto": true, "ts": 1785501667.833}
{"armed": false, "event": "idle_disarmed", "preset": "car_single", "single_auto": true, "ts": 1785501667.833}
{"armed": false, "event": "idle_disarmed", "preset": "car_single", "single_auto": true, "ts": 1785501668.836}
{"armed": false, "event": "idle_disarmed", "preset": "car_single", "single_auto": true, "ts": 1785501668.836}
{"armed": false, "event": "idle_disarmed", "preset": "car_single", "single_auto": true, "ts": 1785501669.838}
{"armed": false, "event": "idle_disarmed", "preset": "car_single", "single_auto": true, "ts": 1785501669.838}
{"armed": false, "event": "idle_disarmed", "preset": "car_single", "single_auto": true, "ts": 1785501670.841}
{"armed": false, "event": "idle_disarmed", "preset": "car_single", "single_auto": true, "ts": 1785501670.841}
{"armed": false, "event": "idle_disarmed", "preset": "car_single", "single_auto": true, "ts": 1785501671.843}
{"armed": false, "event": "idle_disarmed", "preset": "car_single", "single_auto": true, "ts": 1785501671.843}
{"armed": false, "event": "idle_disarmed", "preset": "car_single", "single_auto": true, "ts": 1785501672.845}
{"armed": false, "event": "idle_disarmed", "preset": "car_single", "single_auto": true, "ts": 1785501672.845}
{"armed": false, "event": "idle_disarmed", "preset": "car_single", "single_auto": true, "ts": 1785501673.847}
{"armed": false, "event": "idle_disarmed", "preset": "car_single", "single_auto": true, "ts": 1785501673.847}
{"armed": false, "event": "idle_disarmed", "preset": "car_single", "single_auto": true, "ts": 1785501674.848}
{"armed": false, "event": "idle_disarmed", "preset": "car_single", "single_auto": true, "ts": 1785501674.848}
{"armed": false, "event": "idle_disarmed", "preset": "car_single", "single_auto": true, "ts": 1785501675.849}
{"armed": false, "event": "idle_disarmed", "preset": "car_single", "single_auto": true, "ts": 1785501675.849}
{"armed": false, "event": "idle_disarmed", "preset": "car_single", "single_auto": true, "ts": 1785501676.85}
{"armed": false, "event": "idle_disarmed", "preset": "car_single", "single_auto": true, "ts": 1785501676.85}
{"armed": false, "event": "idle_disarmed", "preset": "car_single", "single_auto": true, "ts": 1785501677.854}
{"armed": false, "event": "idle_disarmed", "preset": "car_single", "single_auto": true, "ts": 1785501677.854}
{"armed": false, "event": "idle_disarmed", "preset": "car_single", "single_auto": true, "ts": 1785501678.856}
{"armed": false, "event": "idle_disarmed", "preset": "car_single", "single_auto": true, "ts": 1785501678.856}
{"armed": false, "event": "idle_disarmed", "preset": "car_single", "single_auto": true, "ts": 1785501679.859}
{"armed": false, "event": "idle_disarmed", "preset": "car_single", "single_auto": true, "ts": 1785501679.859}
{"armed": false, "event": "idle_disarmed", "preset": "car_single", "single_auto": true, "ts": 1785501680.861}
{"armed": false, "event": "idle_disarmed", "preset": "car_single", "single_auto": true, "ts": 1785501680.861}
{"armed": false, "event": "idle_disarmed", "preset": "car_single", "single_auto": true, "ts": 1785501681.864}
{"armed": false, "event": "idle_disarmed", "preset": "car_single", "single_auto": true, "ts": 1785501681.864}
{"armed": false, "event": "idle_disarmed", "preset": "car_single", "single_auto": true, "ts": 1785501682.866}
{"armed": false, "event": "idle_disarmed", "preset": "car_single", "single_auto": true, "ts": 1785501682.866}
{"armed": false, "event": "idle_disarmed", "preset": "car_single", "single_auto": true, "ts": 1785501683.869}
{"armed": false, "event": "idle_disarmed", "preset": "car_single", "single_auto": true, "ts": 1785501683.869}
{"armed": false, "event": "idle_disarmed", "preset": "car_single", "single_auto": true, "ts": 1785501684.871}
{"armed": false, "event": "idle_disarmed", "preset": "car_single", "single_auto": true, "ts": 1785501684.871}
{"armed": false, "event": "idle_disarmed", "preset": "car_single", "single_auto": true, "ts": 1785501685.874}
{"armed": false, "event": "idle_disarmed", "preset": "car_single", "single_auto": true, "ts": 1785501685.874}
{"armed": false, "event": "idle_disarmed", "preset": "car_single", "single_auto": true, "ts": 1785501686.876}
{"armed": false, "event": "idle_disarmed", "preset": "car_single", "single_auto": true, "ts": 1785501686.876}
{"armed": false, "event": "idle_disarmed", "preset": "car_single", "single_auto": true, "ts": 1785501687.877}
{"armed": false, "event": "idle_disarmed", "preset": "car_single", "single_auto": true, "ts": 1785501687.877}
{"armed": false, "event": "idle_disarmed", "preset": "car_single", "single_auto": true, "ts": 1785501688.878}
{"armed": false, "event": "idle_disarmed", "preset": "car_single", "single_auto": true, "ts": 1785501688.878}
{"armed": false, "event": "idle_disarmed", "preset": "car_single", "single_auto": true, "ts": 1785501689.879}
{"armed": false, "event": "idle_disarmed", "preset": "car_single", "single_auto": true, "ts": 1785501689.879}
{"armed": false, "event": "idle_disarmed", "preset": "car_single", "single_auto": true, "ts": 1785501690.88}
{"armed": false, "event": "idle_disarmed", "preset": "car_single", "single_auto": true, "ts": 1785501690.88}
{"armed": false, "event": "idle_disarmed", "preset": "car_single", "single_auto": true, "ts": 1785501691.881}
{"armed": false, "event": "idle_disarmed", "preset": "car_single", "single_auto": true, "ts": 1785501691.881}
{"armed": false, "event": "idle_disarmed", "preset": "car_single", "single_auto": true, "ts": 1785501692.883}
{"armed": false, "event": "idle_disarmed", "preset": "car_single", "single_auto": true, "ts": 1785501692.883}
{"armed": false, "event": "idle_disarmed", "preset": "car_single", "single_auto": true, "ts": 1785501693.884}
{"armed": false, "event": "idle_disarmed", "preset": "car_single", "single_auto": true, "ts": 1785501693.884}
{"armed": false, "event": "idle_disarmed", "preset": "car_single", "single_auto": true, "ts": 1785501694.885}
{"armed": false, "event": "idle_disarmed", "preset": "car_single", "single_auto": true, "ts": 1785501694.885}
{"armed": false, "event": "idle_disarmed", "preset": "car_single", "single_auto": true, "ts": 1785501695.886}
{"armed": false, "event": "idle_disarmed", "preset": "car_single", "single_auto": true, "ts": 1785501695.886}
{"armed": false, "event": "idle_disarmed", "preset": "car_single", "single_auto": true, "ts": 1785501696.887}
{"armed": false, "event": "idle_disarmed", "preset": "car_single", "single_auto": true, "ts": 1785501696.887}
{"armed": false, "event": "idle_disarmed", "preset": "car_single", "single_auto": true, "ts": 1785501697.89}
{"armed": false, "event": "idle_disarmed", "preset": "car_single", "single_auto": true, "ts": 1785501697.89}
{"armed": false, "event": "idle_disarmed", "preset": "car_single", "single_auto": true, "ts": 1785501698.893}
{"armed": false, "event": "idle_disarmed", "preset": "car_single", "single_auto": true, "ts": 1785501698.893}
{"armed": false, "event": "idle_disarmed", "preset": "car_single", "single_auto": true, "ts": 1785501699.896}
{"armed": false, "event": "idle_disarmed", "preset": "car_single", "single_auto": true, "ts": 1785501699.896}
{"armed": false, "event": "idle_disarmed", "preset": "car_single", "single_auto": true, "ts": 1785501700.9}
{"armed": false, "event": "idle_disarmed", "preset": "car_single", "single_auto": true, "ts": 1785501700.9}
{"armed": false, "event": "idle_disarmed", "preset": "car_single", "single_auto": true, "ts": 1785501701.903}
{"armed": false, "event": "idle_disarmed", "preset": "car_single", "single_auto": true, "ts": 1785501701.903}
{"armed": false, "event": "idle_disarmed", "preset": "car_single", "single_auto": true, "ts": 1785501702.906}
{"armed": false, "event": "idle_disarmed", "preset": "car_single", "single_auto": true, "ts": 1785501702.906}
{"armed": false, "event": "idle_disarmed", "preset": "car_single", "single_auto": true, "ts": 1785501703.908}
{"armed": false, "event": "idle_disarmed", "preset": "car_single", "single_auto": true, "ts": 1785501703.908}
{"armed": false, "event": "idle_disarmed", "preset": "car_single", "single_auto": true, "ts": 1785501704.909}
{"armed": false, "event": "idle_disarmed", "preset": "car_single", "single_auto": true, "ts": 1785501704.909}
{"armed": false, "event": "idle_disarmed", "preset": "car_single", "single_auto": true, "ts": 1785501705.91}
{"armed": false, "event": "idle_disarmed", "preset": "car_single", "single_auto": true, "ts": 1785501705.91}
{"armed": false, "event": "idle_disarmed", "preset": "car_single", "single_auto": true, "ts": 1785501706.911}
{"armed": false, "event": "idle_disarmed", "preset": "car_single", "single_auto": true, "ts": 1785501706.911}
{"armed": false, "event": "idle_disarmed", "preset": "car_single", "single_auto": true, "ts": 1785501707.913}
{"armed": false, "event": "idle_disarmed", "preset": "car_single", "single_auto": true, "ts": 1785501707.913}
{"armed": false, "event": "idle_disarmed", "preset": "car_single", "single_auto": true, "ts": 1785501708.915}
{"armed": false, "event": "idle_disarmed", "preset": "car_single", "single_auto": true, "ts": 1785501708.915}
{"armed": false, "event": "idle_disarmed", "preset": "car_single", "single_auto": true, "ts": 1785501709.918}
{"armed": false, "event": "idle_disarmed", "preset": "car_single", "single_auto": true, "ts": 1785501709.918}
{"armed": false, "event": "idle_disarmed", "preset": "car_single", "single_auto": true, "ts": 1785501710.921}
{"armed": false, "event": "idle_disarmed", "preset": "car_single", "single_auto": true, "ts": 1785501710.921}
{"armed": false, "event": "idle_disarmed", "preset": "car_single", "single_auto": true, "ts": 1785501711.924}
{"armed": false, "event": "idle_disarmed", "preset": "car_single", "single_auto": true, "ts": 1785501711.924}
{"armed": false, "event": "idle_disarmed", "preset": "car_single", "single_auto": true, "ts": 1785501712.928}
{"armed": false, "event": "idle_disarmed", "preset": "car_single", "single_auto": true, "ts": 1785501712.928}
{"armed": false, "event": "idle_disarmed", "preset": "car_single", "single_auto": true, "ts": 1785501713.93}
{"armed": false, "event": "idle_disarmed", "preset": "car_single", "single_auto": true, "ts": 1785501713.93}
{"armed": false, "event": "idle_disarmed", "preset": "car_single", "single_auto": true, "ts": 1785501714.932}
{"armed": false, "event": "idle_disarmed", "preset": "car_single", "single_auto": true, "ts": 1785501714.932}
{"armed": false, "event": "idle_disarmed", "preset": "car_single", "single_auto": true, "ts": 1785501715.933}
{"armed": false, "event": "idle_disarmed", "preset": "car_single", "single_auto": true, "ts": 1785501715.933}
{"armed": false, "event": "idle_disarmed", "preset": "car_single", "single_auto": true, "ts": 1785501716.935}
{"armed": false, "event": "idle_disarmed", "preset": "car_single", "single_auto": true, "ts": 1785501716.935}
{"armed": false, "event": "idle_disarmed", "preset": "car_single", "single_auto": true, "ts": 1785501717.938}
{"armed": false, "event": "idle_disarmed", "preset": "car_single", "single_auto": true, "ts": 1785501717.938}
{"cmd": ["/usr/bin/python3", "/root/rknpu2/examples/rknn_yolov8_demo_opencv_2_work_2/new_yolo8/apply_ptz_object_preset.py", "--preset", "car_single", "--arm", "force", "--strategy", "preset", "--watch"], "event": "child_start", "pid": 7640, "preset": "car_single", "search_preset": "lost_step_wait", "ts": 1785501718.943}
{"cmd": ["/usr/bin/python3", "/root/rknpu2/examples/rknn_yolov8_demo_opencv_2_work_2/new_yolo8/apply_ptz_object_preset.py", "--preset", "car_single", "--arm", "force", "--strategy", "preset", "--watch"], "event": "child_start", "pid": 7640, "preset": "car_single", "search_preset": "lost_step_wait", "ts": 1785501718.943}
{"event": "armed_running", "pid": 7640, "preset": "car_single", "search_preset": "lost_step_wait", "ts": 1785501719.945}
{"event": "armed_running", "pid": 7640, "preset": "car_single", "search_preset": "lost_step_wait", "ts": 1785501719.945}
{"event": "armed_running", "pid": 7640, "preset": "car_single", "search_preset": "lost_step_wait", "ts": 1785501734.966}
{"event": "armed_running", "pid": 7640, "preset": "car_single", "search_preset": "lost_step_wait", "ts": 1785501734.966}
{"event": "armed_running", "pid": 7640, "preset": "car_single", "search_preset": "lost_step_wait", "ts": 1785501750.001}
{"event": "armed_running", "pid": 7640, "preset": "car_single", "search_preset": "lost_step_wait", "ts": 1785501750.001}
{"event": "child_stop", "pid": 7640, "preset": "car_single::lost_step_wait", "reason": "ptzArmed_false", "ts": 1785501764.032}
{"event": "child_stop", "pid": 7640, "preset": "car_single::lost_step_wait", "reason": "ptzArmed_false", "ts": 1785501764.032}
{"archived": "/root/rknpu2/examples/rknn_yolov8_demo_opencv_2_work_2/new_yolo8/logs/session_20260731_124244_ptzArmed_false", "event": "logs_archived", "reason": "ptzArmed_false", "ts": 1785501764.177}
{"archived": "/root/rknpu2/examples/rknn_yolov8_demo_opencv_2_work_2/new_yolo8/logs/session_20260731_124244_ptzArmed_false", "event": "logs_archived", "reason": "ptzArmed_false", "ts": 1785501764.177}
{"armed": false, "event": "idle_disarmed", "preset": "car_single", "single_auto": true, "ts": 1785501764.177}
{"armed": false, "event": "idle_disarmed", "preset": "car_single", "single_auto": true, "ts": 1785501764.177}
{"armed": false, "event": "idle_disarmed", "preset": "car_single", "single_auto": true, "ts": 1785501765.179}
{"armed": false, "event": "idle_disarmed", "preset": "car_single", "single_auto": true, "ts": 1785501765.179}
{"armed": false, "event": "idle_disarmed", "preset": "car_single", "single_auto": true, "ts": 1785501766.181}
{"armed": false, "event": "idle_disarmed", "preset": "car_single", "single_auto": true, "ts": 1785501766.181}
{"armed": false, "event": "idle_disarmed", "preset": "car_single", "single_auto": true, "ts": 1785501767.183}
{"armed": false, "event": "idle_disarmed", "preset": "car_single", "single_auto": true, "ts": 1785501767.183}
{"armed": false, "event": "idle_disarmed", "preset": "car_single", "single_auto": true, "ts": 1785501768.186}
{"armed": false, "event": "idle_disarmed", "preset": "car_single", "single_auto": true, "ts": 1785501768.186}
{"armed": false, "event": "idle_disarmed", "preset": "car_single", "single_auto": true, "ts": 1785501769.188}
{"armed": false, "event": "idle_disarmed", "preset": "car_single", "single_auto": true, "ts": 1785501769.188}
{"armed": false, "event": "idle_disarmed", "preset": "car_single", "single_auto": true, "ts": 1785501770.19}
{"armed": false, "event": "idle_disarmed", "preset": "car_single", "single_auto": true, "ts": 1785501770.19}
{"armed": false, "event": "idle_disarmed", "preset": "car_single", "single_auto": true, "ts": 1785501771.193}
{"armed": false, "event": "idle_disarmed", "preset": "car_single", "single_auto": true, "ts": 1785501771.193}
{"armed": false, "event": "idle_disarmed", "preset": "car_single", "single_auto": true, "ts": 1785501772.195}
{"armed": false, "event": "idle_disarmed", "preset": "car_single", "single_auto": true, "ts": 1785501772.195}
{"armed": false, "event": "idle_disarmed", "preset": "car_single", "single_auto": true, "ts": 1785501773.197}
{"armed": false, "event": "idle_disarmed", "preset": "car_single", "single_auto": true, "ts": 1785501773.197}
{"armed": false, "event": "idle_disarmed", "preset": "car_single", "single_auto": true, "ts": 1785501774.199}
{"armed": false, "event": "idle_disarmed", "preset": "car_single", "single_auto": true, "ts": 1785501774.199}
{"armed": false, "event": "idle_disarmed", "preset": "car_single", "single_auto": true, "ts": 1785501775.201}
{"armed": false, "event": "idle_disarmed", "preset": "car_single", "single_auto": true, "ts": 1785501775.201}
{"armed": false, "event": "idle_disarmed", "preset": "car_single", "single_auto": true, "ts": 1785501776.204}
{"armed": false, "event": "idle_disarmed", "preset": "car_single", "single_auto": true, "ts": 1785501776.204}
{"armed": false, "event": "idle_disarmed", "preset": "car_single", "single_auto": true, "ts": 1785501777.206}
{"armed": false, "event": "idle_disarmed", "preset": "car_single", "single_auto": true, "ts": 1785501777.206}
{"armed": false, "event": "idle_disarmed", "preset": "car_single", "single_auto": true, "ts": 1785501778.208}
{"armed": false, "event": "idle_disarmed", "preset": "car_single", "single_auto": true, "ts": 1785501778.208}
{"armed": false, "event": "idle_disarmed", "preset": "car_single", "single_auto": true, "ts": 1785501779.21}
{"armed": false, "event": "idle_disarmed", "preset": "car_single", "single_auto": true, "ts": 1785501779.21}
{"armed": false, "event": "idle_disarmed", "preset": "car_single", "single_auto": true, "ts": 1785501780.212}
{"armed": false, "event": "idle_disarmed", "preset": "car_single", "single_auto": true, "ts": 1785501780.212}
{"armed": false, "event": "idle_disarmed", "preset": "car_single", "single_auto": true, "ts": 1785501781.214}
{"armed": false, "event": "idle_disarmed", "preset": "car_single", "single_auto": true, "ts": 1785501781.214}
{"armed": false, "event": "idle_disarmed", "preset": "car_single", "single_auto": true, "ts": 1785501782.216}
{"armed": false, "event": "idle_disarmed", "preset": "car_single", "single_auto": true, "ts": 1785501782.216}
{"armed": false, "event": "idle_disarmed", "preset": "car_single", "single_auto": true, "ts": 1785501783.218}
{"armed": false, "event": "idle_disarmed", "preset": "car_single", "single_auto": true, "ts": 1785501783.218}
{"armed": false, "event": "idle_disarmed", "preset": "car_single", "single_auto": true, "ts": 1785501784.22}
{"armed": false, "event": "idle_disarmed", "preset": "car_single", "single_auto": true, "ts": 1785501784.22}
{"armed": false, "event": "idle_disarmed", "preset": "car_single", "single_auto": true, "ts": 1785501785.221}
{"armed": false, "event": "idle_disarmed", "preset": "car_single", "single_auto": true, "ts": 1785501785.221}
{"armed": false, "event": "idle_disarmed", "preset": "car_single", "single_auto": true, "ts": 1785501786.223}
{"armed": false, "event": "idle_disarmed", "preset": "car_single", "single_auto": true, "ts": 1785501786.223}
{"armed": false, "event": "idle_disarmed", "preset": "car_single", "single_auto": true, "ts": 1785501787.226}
{"armed": false, "event": "idle_disarmed", "preset": "car_single", "single_auto": true, "ts": 1785501787.226}
{"armed": false, "event": "idle_disarmed", "preset": "car_single", "single_auto": true, "ts": 1785501788.228}
{"armed": false, "event": "idle_disarmed", "preset": "car_single", "single_auto": true, "ts": 1785501788.228}
{"armed": false, "event": "idle_disarmed", "preset": "car_single", "single_auto": true, "ts": 1785501789.23}
{"armed": false, "event": "idle_disarmed", "preset": "car_single", "single_auto": true, "ts": 1785501789.23}
{"armed": false, "event": "idle_disarmed", "preset": "car_single", "single_auto": true, "ts": 1785501790.231}
{"armed": false, "event": "idle_disarmed", "preset": "car_single", "single_auto": true, "ts": 1785501790.231}
{"armed": false, "event": "idle_disarmed", "preset": "car_single", "single_auto": true, "ts": 1785501791.233}
{"armed": false, "event": "idle_disarmed", "preset": "car_single", "single_auto": true, "ts": 1785501791.233}
{"armed": false, "event": "idle_disarmed", "preset": "car_single", "single_auto": true, "ts": 1785501792.236}
{"armed": false, "event": "idle_disarmed", "preset": "car_single", "single_auto": true, "ts": 1785501792.236}
{"armed": false, "event": "idle_disarmed", "preset": "car_single", "single_auto": true, "ts": 1785501793.238}
{"armed": false, "event": "idle_disarmed", "preset": "car_single", "single_auto": true, "ts": 1785501793.238}
{"armed": false, "event": "idle_disarmed", "preset": "car_single", "single_auto": true, "ts": 1785501794.24}
{"armed": false, "event": "idle_disarmed", "preset": "car_single", "single_auto": true, "ts": 1785501794.24}
{"armed": false, "event": "idle_disarmed", "preset": "car_single", "single_auto": true, "ts": 1785501795.242}
{"armed": false, "event": "idle_disarmed", "preset": "car_single", "single_auto": true, "ts": 1785501795.242}
{"armed": false, "event": "idle_disarmed", "preset": "car_single", "single_auto": true, "ts": 1785501796.244}
{"armed": false, "event": "idle_disarmed", "preset": "car_single", "single_auto": true, "ts": 1785501796.244}
{"armed": false, "event": "idle_disarmed", "preset": "car_single", "single_auto": true, "ts": 1785501797.246}
{"armed": false, "event": "idle_disarmed", "preset": "car_single", "single_auto": true, "ts": 1785501797.246}
{"armed": false, "event": "idle_disarmed", "preset": "car_single", "single_auto": true, "ts": 1785501798.248}
{"armed": false, "event": "idle_disarmed", "preset": "car_single", "single_auto": true, "ts": 1785501798.248}
{"armed": false, "event": "idle_disarmed", "preset": "car_single", "single_auto": true, "ts": 1785501799.25}
{"armed": false, "event": "idle_disarmed", "preset": "car_single", "single_auto": true, "ts": 1785501799.25}
{"armed": false, "event": "idle_disarmed", "preset": "car_single", "single_auto": true, "ts": 1785501800.253}
{"armed": false, "event": "idle_disarmed", "preset": "car_single", "single_auto": true, "ts": 1785501800.253}
{"armed": false, "event": "idle_disarmed", "preset": "car_single", "single_auto": true, "ts": 1785501801.255}
{"armed": false, "event": "idle_disarmed", "preset": "car_single", "single_auto": true, "ts": 1785501801.255}
{"armed": false, "event": "idle_disarmed", "preset": "car_single", "single_auto": true, "ts": 1785501802.257}
{"armed": false, "event": "idle_disarmed", "preset": "car_single", "single_auto": true, "ts": 1785501802.257}
{"armed": false, "event": "idle_disarmed", "preset": "car_single", "single_auto": true, "ts": 1785501803.259}
{"armed": false, "event": "idle_disarmed", "preset": "car_single", "single_auto": true, "ts": 1785501803.259}
{"armed": false, "event": "idle_disarmed", "preset": "car_single", "single_auto": true, "ts": 1785501804.261}
{"armed": false, "event": "idle_disarmed", "preset": "car_single", "single_auto": true, "ts": 1785501804.261}
{"cmd": ["/usr/bin/python3", "/root/rknpu2/examples/rknn_yolov8_demo_opencv_2_work_2/new_yolo8/apply_ptz_object_preset.py", "--preset", "car_single", "--arm", "force", "--strategy", "preset", "--watch"], "event": "child_start", "pid": 11871, "preset": "car_single", "search_preset": "lost_step_wait", "ts": 1785501805.264}
{"cmd": ["/usr/bin/python3", "/root/rknpu2/examples/rknn_yolov8_demo_opencv_2_work_2/new_yolo8/apply_ptz_object_preset.py", "--preset", "car_single", "--arm", "force", "--strategy", "preset", "--watch"], "event": "child_start", "pid": 11871, "preset": "car_single", "search_preset": "lost_step_wait", "ts": 1785501805.264}
{"event": "armed_running", "pid": 11871, "preset": "car_single", "search_preset": "lost_step_wait", "ts": 1785501806.266}
{"event": "armed_running", "pid": 11871, "preset": "car_single", "search_preset": "lost_step_wait", "ts": 1785501806.266}
{"event": "armed_running", "pid": 11871, "preset": "car_single", "search_preset": "lost_step_wait", "ts": 1785501821.297}
{"event": "armed_running", "pid": 11871, "preset": "car_single", "search_preset": "lost_step_wait", "ts": 1785501821.297}
{"event": "armed_running", "pid": 11871, "preset": "car_single", "search_preset": "lost_step_wait", "ts": 1785501836.321}
{"event": "armed_running", "pid": 11871, "preset": "car_single", "search_preset": "lost_step_wait", "ts": 1785501836.321}
{"event": "armed_running", "pid": 11871, "preset": "car_single", "search_preset": "lost_step_wait", "ts": 1785501851.354}
{"event": "armed_running", "pid": 11871, "preset": "car_single", "search_preset": "lost_step_wait", "ts": 1785501851.354}
{"event": "armed_running", "pid": 11871, "preset": "car_single", "search_preset": "lost_step_wait", "ts": 1785501866.387}
{"event": "armed_running", "pid": 11871, "preset": "car_single", "search_preset": "lost_step_wait", "ts": 1785501866.387}
{"event": "armed_running", "pid": 11871, "preset": "car_single", "search_preset": "lost_step_wait", "ts": 1785501881.419}
{"event": "armed_running", "pid": 11871, "preset": "car_single", "search_preset": "lost_step_wait", "ts": 1785501881.419}
{"event": "armed_running", "pid": 11871, "preset": "car_single", "search_preset": "lost_step_wait", "ts": 1785501896.452}
{"event": "armed_running", "pid": 11871, "preset": "car_single", "search_preset": "lost_step_wait", "ts": 1785501896.452}
{"event": "armed_running", "pid": 11871, "preset": "car_single", "search_preset": "lost_step_wait", "ts": 1785501911.485}
{"event": "armed_running", "pid": 11871, "preset": "car_single", "search_preset": "lost_step_wait", "ts": 1785501911.485}
{"event": "armed_running", "pid": 11871, "preset": "car_single", "search_preset": "lost_step_wait", "ts": 1785501926.517}
{"event": "armed_running", "pid": 11871, "preset": "car_single", "search_preset": "lost_step_wait", "ts": 1785501926.517}
{"event": "armed_running", "pid": 11871, "preset": "car_single", "search_preset": "lost_step_wait", "ts": 1785501941.549}
{"event": "armed_running", "pid": 11871, "preset": "car_single", "search_preset": "lost_step_wait", "ts": 1785501941.549}
{"event": "armed_running", "pid": 11871, "preset": "car_single", "search_preset": "lost_step_wait", "ts": 1785501956.582}
{"event": "armed_running", "pid": 11871, "preset": "car_single", "search_preset": "lost_step_wait", "ts": 1785501956.582}
{"event": "armed_running", "pid": 11871, "preset": "car_single", "search_preset": "lost_step_wait", "ts": 1785501971.614}
{"event": "armed_running", "pid": 11871, "preset": "car_single", "search_preset": "lost_step_wait", "ts": 1785501971.614}
{"event": "armed_running", "pid": 11871, "preset": "car_single", "search_preset": "lost_step_wait", "ts": 1785501986.647}
{"event": "armed_running", "pid": 11871, "preset": "car_single", "search_preset": "lost_step_wait", "ts": 1785501986.647}
{"event": "armed_running", "pid": 11871, "preset": "car_single", "search_preset": "lost_step_wait", "ts": 1785502001.679}
{"event": "armed_running", "pid": 11871, "preset": "car_single", "search_preset": "lost_step_wait", "ts": 1785502001.679}
{"event": "armed_running", "pid": 11871, "preset": "car_single", "search_preset": "lost_step_wait", "ts": 1785502016.712}
{"event": "armed_running", "pid": 11871, "preset": "car_single", "search_preset": "lost_step_wait", "ts": 1785502016.712}
{"event": "armed_running", "pid": 11871, "preset": "car_single", "search_preset": "lost_step_wait", "ts": 1785502031.745}
{"event": "armed_running", "pid": 11871, "preset": "car_single", "search_preset": "lost_step_wait", "ts": 1785502031.745}
{"event": "armed_running", "pid": 11871, "preset": "car_single", "search_preset": "lost_step_wait", "ts": 1785502046.778}
{"event": "armed_running", "pid": 11871, "preset": "car_single", "search_preset": "lost_step_wait", "ts": 1785502046.778}
{"event": "armed_running", "pid": 11871, "preset": "car_single", "search_preset": "lost_step_wait", "ts": 1785502061.811}
{"event": "armed_running", "pid": 11871, "preset": "car_single", "search_preset": "lost_step_wait", "ts": 1785502061.811}
{"event": "armed_running", "pid": 11871, "preset": "car_single", "search_preset": "lost_step_wait", "ts": 1785502076.842}
{"event": "armed_running", "pid": 11871, "preset": "car_single", "search_preset": "lost_step_wait", "ts": 1785502076.842}
{"event": "armed_running", "pid": 11871, "preset": "car_single", "search_preset": "lost_step_wait", "ts": 1785502091.875}
{"event": "armed_running", "pid": 11871, "preset": "car_single", "search_preset": "lost_step_wait", "ts": 1785502091.875}
{"event": "armed_running", "pid": 11871, "preset": "car_single", "search_preset": "lost_step_wait", "ts": 1785502106.908}
{"event": "armed_running", "pid": 11871, "preset": "car_single", "search_preset": "lost_step_wait", "ts": 1785502106.908}
{"event": "armed_running", "pid": 11871, "preset": "car_single", "search_preset": "lost_step_wait", "ts": 1785502121.939}
{"event": "armed_running", "pid": 11871, "preset": "car_single", "search_preset": "lost_step_wait", "ts": 1785502121.939}
{"event": "armed_running", "pid": 11871, "preset": "car_single", "search_preset": "lost_step_wait", "ts": 1785502136.971}
{"event": "armed_running", "pid": 11871, "preset": "car_single", "search_preset": "lost_step_wait", "ts": 1785502136.971}
{"event": "armed_running", "pid": 11871, "preset": "car_single", "search_preset": "lost_step_wait", "ts": 1785502152.003}
{"event": "armed_running", "pid": 11871, "preset": "car_single", "search_preset": "lost_step_wait", "ts": 1785502152.003}
{"event": "armed_running", "pid": 11871, "preset": "car_single", "search_preset": "lost_step_wait", "ts": 1785502167.036}
{"event": "armed_running", "pid": 11871, "preset": "car_single", "search_preset": "lost_step_wait", "ts": 1785502167.036}
{"event": "armed_running", "pid": 11871, "preset": "car_single", "search_preset": "lost_step_wait", "ts": 1785502182.069}
{"event": "armed_running", "pid": 11871, "preset": "car_single", "search_preset": "lost_step_wait", "ts": 1785502182.069}
{"event": "armed_running", "pid": 11871, "preset": "car_single", "search_preset": "lost_step_wait", "ts": 1785502197.102}
{"event": "armed_running", "pid": 11871, "preset": "car_single", "search_preset": "lost_step_wait", "ts": 1785502197.102}
{"event": "child_stop", "pid": 11871, "preset": "car_single::lost_step_wait", "reason": "ptzArmed_false", "ts": 1785502204.116}
{"event": "child_stop", "pid": 11871, "preset": "car_single::lost_step_wait", "reason": "ptzArmed_false", "ts": 1785502204.116}
