{"event": "daemon_start", "pid": 1923, "ts": 1783052663.683}
{"event": "daemon_start", "pid": 1923, "ts": 1783052663.683}
{"cmd": ["/usr/bin/python3", "/root/rknpu2/examples/rknn_yolov8_demo_opencv_2_work_2/new_yolo8/apply_ptz_object_preset.py", "--preset", "person_single", "--arm", "force", "--strategy", "preset", "--watch"], "event": "child_start", "pid": 1932, "preset": "person_single", "search_preset": "lost_step_wait", "ts": 1783052663.686}
{"cmd": ["/usr/bin/python3", "/root/rknpu2/examples/rknn_yolov8_demo_opencv_2_work_2/new_yolo8/apply_ptz_object_preset.py", "--preset", "person_single", "--arm", "force", "--strategy", "preset", "--watch"], "event": "child_start", "pid": 1932, "preset": "person_single", "search_preset": "lost_step_wait", "ts": 1783052663.686}
{"event": "armed_running", "pid": 1932, "preset": "person_single", "search_preset": "lost_step_wait", "ts": 1783052664.687}
{"event": "armed_running", "pid": 1932, "preset": "person_single", "search_preset": "lost_step_wait", "ts": 1783052664.687}
{"event": "armed_running", "pid": 1932, "preset": "person_single", "search_preset": "lost_step_wait", "ts": 1783052679.703}
{"event": "armed_running", "pid": 1932, "preset": "person_single", "search_preset": "lost_step_wait", "ts": 1783052679.703}
{"event": "child_stop", "pid": 1932, "preset": "person_single::lost_step_wait", "reason": "ptzArmed_false", "ts": 1783052684.708}
{"event": "child_stop", "pid": 1932, "preset": "person_single::lost_step_wait", "reason": "ptzArmed_false", "ts": 1783052684.708}
{"archived": "/root/rknpu2/examples/rknn_yolov8_demo_opencv_2_work_2/new_yolo8/logs/session_20260703_042444_ptzArmed_false", "event": "logs_archived", "reason": "ptzArmed_false", "ts": 1783052684.83}
{"archived": "/root/rknpu2/examples/rknn_yolov8_demo_opencv_2_work_2/new_yolo8/logs/session_20260703_042444_ptzArmed_false", "event": "logs_archived", "reason": "ptzArmed_false", "ts": 1783052684.83}
{"armed": false, "event": "idle_disarmed", "preset": "person_single", "single_auto": true, "ts": 1783052684.831}
{"armed": false, "event": "idle_disarmed", "preset": "person_single", "single_auto": true, "ts": 1783052684.831}
{"armed": false, "event": "idle_disarmed", "preset": "person_single", "single_auto": true, "ts": 1783052685.833}
{"armed": false, "event": "idle_disarmed", "preset": "person_single", "single_auto": true, "ts": 1783052685.833}
{"armed": false, "event": "idle_disarmed", "preset": "person_single", "single_auto": true, "ts": 1783052686.836}
{"armed": false, "event": "idle_disarmed", "preset": "person_single", "single_auto": true, "ts": 1783052686.836}
{"armed": false, "event": "idle_disarmed", "preset": "person_single", "single_auto": true, "ts": 1783052687.839}
{"armed": false, "event": "idle_disarmed", "preset": "person_single", "single_auto": true, "ts": 1783052687.839}
{"armed": false, "event": "idle_disarmed", "preset": "person_single", "single_auto": true, "ts": 1783052688.842}
{"armed": false, "event": "idle_disarmed", "preset": "person_single", "single_auto": true, "ts": 1783052688.842}
{"armed": false, "event": "idle_disarmed", "preset": "person_single", "single_auto": true, "ts": 1783052689.844}
{"armed": false, "event": "idle_disarmed", "preset": "person_single", "single_auto": true, "ts": 1783052689.844}
{"armed": false, "event": "idle_disarmed", "preset": "person_single", "single_auto": true, "ts": 1783052690.847}
{"armed": false, "event": "idle_disarmed", "preset": "person_single", "single_auto": true, "ts": 1783052690.847}
{"armed": false, "event": "idle_disarmed", "preset": "person_single", "single_auto": true, "ts": 1783052691.849}
{"armed": false, "event": "idle_disarmed", "preset": "person_single", "single_auto": true, "ts": 1783052691.849}
{"armed": false, "event": "idle_disarmed", "preset": "person_single", "single_auto": true, "ts": 1783052692.852}
{"armed": false, "event": "idle_disarmed", "preset": "person_single", "single_auto": true, "ts": 1783052692.852}
{"armed": false, "event": "idle_disarmed", "preset": "person_single", "single_auto": true, "ts": 1783052693.855}
{"armed": false, "event": "idle_disarmed", "preset": "person_single", "single_auto": true, "ts": 1783052693.855}
{"armed": false, "event": "idle_disarmed", "preset": "person_single", "single_auto": true, "ts": 1783052694.857}
{"armed": false, "event": "idle_disarmed", "preset": "person_single", "single_auto": true, "ts": 1783052694.857}
{"armed": false, "event": "idle_disarmed", "preset": "person_single", "single_auto": true, "ts": 1783052695.86}
{"armed": false, "event": "idle_disarmed", "preset": "person_single", "single_auto": true, "ts": 1783052695.86}
{"armed": false, "event": "idle_disarmed", "preset": "person_single", "single_auto": true, "ts": 1783052696.863}
{"armed": false, "event": "idle_disarmed", "preset": "person_single", "single_auto": true, "ts": 1783052696.863}
{"armed": false, "event": "idle_disarmed", "preset": "person_single", "single_auto": true, "ts": 1783052697.865}
{"armed": false, "event": "idle_disarmed", "preset": "person_single", "single_auto": true, "ts": 1783052697.865}
{"armed": false, "event": "idle_disarmed", "preset": "person_single", "single_auto": true, "ts": 1783052698.868}
{"armed": false, "event": "idle_disarmed", "preset": "person_single", "single_auto": true, "ts": 1783052698.868}
{"armed": false, "event": "idle_disarmed", "preset": "person_single", "single_auto": true, "ts": 1783052699.871}
{"armed": false, "event": "idle_disarmed", "preset": "person_single", "single_auto": true, "ts": 1783052699.871}
{"armed": false, "event": "idle_disarmed", "preset": "person_single", "single_auto": true, "ts": 1783052700.873}
{"armed": false, "event": "idle_disarmed", "preset": "person_single", "single_auto": true, "ts": 1783052700.873}
{"armed": false, "event": "idle_disarmed", "preset": "person_single", "single_auto": true, "ts": 1783052701.876}
{"armed": false, "event": "idle_disarmed", "preset": "person_single", "single_auto": true, "ts": 1783052701.876}
{"armed": false, "event": "idle_disarmed", "preset": "person_single", "single_auto": true, "ts": 1783052702.878}
{"armed": false, "event": "idle_disarmed", "preset": "person_single", "single_auto": true, "ts": 1783052702.878}
{"armed": false, "event": "idle_disarmed", "preset": "person_single", "single_auto": true, "ts": 1783052703.881}
{"armed": false, "event": "idle_disarmed", "preset": "person_single", "single_auto": true, "ts": 1783052703.881}
{"armed": false, "event": "idle_disarmed", "preset": "person_single", "single_auto": true, "ts": 1783052704.883}
{"armed": false, "event": "idle_disarmed", "preset": "person_single", "single_auto": true, "ts": 1783052704.883}
{"armed": false, "event": "idle_disarmed", "preset": "person_single", "single_auto": true, "ts": 1783052705.886}
{"armed": false, "event": "idle_disarmed", "preset": "person_single", "single_auto": true, "ts": 1783052705.886}
{"armed": false, "event": "idle_disarmed", "preset": "person_single", "single_auto": true, "ts": 1783052706.889}
{"armed": false, "event": "idle_disarmed", "preset": "person_single", "single_auto": true, "ts": 1783052706.889}
{"armed": false, "event": "idle_disarmed", "preset": "person_single", "single_auto": true, "ts": 1783052707.891}
{"armed": false, "event": "idle_disarmed", "preset": "person_single", "single_auto": true, "ts": 1783052707.891}
{"armed": false, "event": "idle_disarmed", "preset": "person_single", "single_auto": true, "ts": 1783052708.894}
{"armed": false, "event": "idle_disarmed", "preset": "person_single", "single_auto": true, "ts": 1783052708.894}
{"armed": false, "event": "idle_disarmed", "preset": "person_single", "single_auto": true, "ts": 1783052709.897}
{"armed": false, "event": "idle_disarmed", "preset": "person_single", "single_auto": true, "ts": 1783052709.897}
{"armed": false, "event": "idle_disarmed", "preset": "person_single", "single_auto": true, "ts": 1783052710.899}
{"armed": false, "event": "idle_disarmed", "preset": "person_single", "single_auto": true, "ts": 1783052710.899}
{"armed": false, "event": "idle_disarmed", "preset": "person_single", "single_auto": true, "ts": 1783052711.902}
{"armed": false, "event": "idle_disarmed", "preset": "person_single", "single_auto": true, "ts": 1783052711.902}
{"armed": false, "event": "idle_disarmed", "preset": "person_single", "single_auto": true, "ts": 1783052712.904}
{"armed": false, "event": "idle_disarmed", "preset": "person_single", "single_auto": true, "ts": 1783052712.904}
{"armed": false, "event": "idle_disarmed", "preset": "person_single", "single_auto": true, "ts": 1783052713.907}
{"armed": false, "event": "idle_disarmed", "preset": "person_single", "single_auto": true, "ts": 1783052713.907}
{"armed": false, "event": "idle_disarmed", "preset": "person_single", "single_auto": true, "ts": 1783052714.909}
{"armed": false, "event": "idle_disarmed", "preset": "person_single", "single_auto": true, "ts": 1783052714.909}
{"armed": false, "event": "idle_disarmed", "preset": "person_single", "single_auto": true, "ts": 1783052715.912}
{"armed": false, "event": "idle_disarmed", "preset": "person_single", "single_auto": true, "ts": 1783052715.912}
{"armed": false, "event": "idle_disarmed", "preset": "person_single", "single_auto": true, "ts": 1783052716.914}
{"armed": false, "event": "idle_disarmed", "preset": "person_single", "single_auto": true, "ts": 1783052716.914}
{"armed": false, "event": "idle_disarmed", "preset": "person_single", "single_auto": true, "ts": 1783052717.917}
{"armed": false, "event": "idle_disarmed", "preset": "person_single", "single_auto": true, "ts": 1783052717.917}
{"armed": false, "event": "idle_disarmed", "preset": "person_single", "single_auto": true, "ts": 1783052718.92}
{"armed": false, "event": "idle_disarmed", "preset": "person_single", "single_auto": true, "ts": 1783052718.92}
{"armed": false, "event": "idle_disarmed", "preset": "person_single", "single_auto": true, "ts": 1783052719.923}
{"armed": false, "event": "idle_disarmed", "preset": "person_single", "single_auto": true, "ts": 1783052719.923}
{"armed": false, "event": "idle_disarmed", "preset": "person_single", "single_auto": true, "ts": 1783052720.926}
{"armed": false, "event": "idle_disarmed", "preset": "person_single", "single_auto": true, "ts": 1783052720.926}
{"armed": false, "event": "idle_disarmed", "preset": "person_single", "single_auto": true, "ts": 1783052721.929}
{"armed": false, "event": "idle_disarmed", "preset": "person_single", "single_auto": true, "ts": 1783052721.929}
{"armed": false, "event": "idle_disarmed", "preset": "person_single", "single_auto": true, "ts": 1783052722.933}
{"armed": false, "event": "idle_disarmed", "preset": "person_single", "single_auto": true, "ts": 1783052722.933}
{"armed": false, "event": "idle_disarmed", "preset": "person_single", "single_auto": true, "ts": 1783052723.936}
{"armed": false, "event": "idle_disarmed", "preset": "person_single", "single_auto": true, "ts": 1783052723.936}
{"armed": false, "event": "idle_disarmed", "preset": "person_single", "single_auto": true, "ts": 1783052724.94}
{"armed": false, "event": "idle_disarmed", "preset": "person_single", "single_auto": true, "ts": 1783052724.94}
{"armed": false, "event": "idle_disarmed", "preset": "person_single", "single_auto": true, "ts": 1783052725.943}
{"armed": false, "event": "idle_disarmed", "preset": "person_single", "single_auto": true, "ts": 1783052725.943}
{"armed": false, "event": "idle_disarmed", "preset": "person_single", "single_auto": true, "ts": 1783052726.946}
{"armed": false, "event": "idle_disarmed", "preset": "person_single", "single_auto": true, "ts": 1783052726.946}
{"armed": false, "event": "idle_disarmed", "preset": "person_single", "single_auto": true, "ts": 1783052727.949}
{"armed": false, "event": "idle_disarmed", "preset": "person_single", "single_auto": true, "ts": 1783052727.949}
{"armed": false, "event": "idle_disarmed", "preset": "person_single", "single_auto": true, "ts": 1783052728.952}
{"armed": false, "event": "idle_disarmed", "preset": "person_single", "single_auto": true, "ts": 1783052728.952}
{"armed": false, "event": "idle_disarmed", "preset": "person_single", "single_auto": true, "ts": 1783052729.956}
{"armed": false, "event": "idle_disarmed", "preset": "person_single", "single_auto": true, "ts": 1783052729.956}
{"armed": false, "event": "idle_disarmed", "preset": "person_single", "single_auto": true, "ts": 1783052730.959}
{"armed": false, "event": "idle_disarmed", "preset": "person_single", "single_auto": true, "ts": 1783052730.959}
{"armed": false, "event": "idle_disarmed", "preset": "person_single", "single_auto": true, "ts": 1783052731.962}
{"armed": false, "event": "idle_disarmed", "preset": "person_single", "single_auto": true, "ts": 1783052731.962}
{"armed": false, "event": "idle_disarmed", "preset": "person_single", "single_auto": true, "ts": 1783052732.964}
{"armed": false, "event": "idle_disarmed", "preset": "person_single", "single_auto": true, "ts": 1783052732.964}
{"armed": false, "event": "idle_disarmed", "preset": "person_single", "single_auto": true, "ts": 1783052733.967}
{"armed": false, "event": "idle_disarmed", "preset": "person_single", "single_auto": true, "ts": 1783052733.967}
{"armed": false, "event": "idle_disarmed", "preset": "person_single", "single_auto": true, "ts": 1783052734.969}
{"armed": false, "event": "idle_disarmed", "preset": "person_single", "single_auto": true, "ts": 1783052734.969}
{"armed": false, "event": "idle_disarmed", "preset": "person_single", "single_auto": true, "ts": 1783052735.971}
{"armed": false, "event": "idle_disarmed", "preset": "person_single", "single_auto": true, "ts": 1783052735.971}
{"armed": false, "event": "idle_disarmed", "preset": "person_single", "single_auto": true, "ts": 1783052736.974}
{"armed": false, "event": "idle_disarmed", "preset": "person_single", "single_auto": true, "ts": 1783052736.974}
{"armed": false, "event": "idle_disarmed", "preset": "person_single", "single_auto": true, "ts": 1783052737.976}
{"armed": false, "event": "idle_disarmed", "preset": "person_single", "single_auto": true, "ts": 1783052737.976}
{"armed": false, "event": "idle_disarmed", "preset": "person_single", "single_auto": true, "ts": 1783052738.978}
{"armed": false, "event": "idle_disarmed", "preset": "person_single", "single_auto": true, "ts": 1783052738.978}
{"armed": false, "event": "idle_disarmed", "preset": "person_single", "single_auto": true, "ts": 1783052739.981}
{"armed": false, "event": "idle_disarmed", "preset": "person_single", "single_auto": true, "ts": 1783052739.981}
{"armed": false, "event": "idle_disarmed", "preset": "person_single", "single_auto": true, "ts": 1783052740.984}
{"armed": false, "event": "idle_disarmed", "preset": "person_single", "single_auto": true, "ts": 1783052740.984}
{"armed": false, "event": "idle_disarmed", "preset": "person_single", "single_auto": true, "ts": 1783052741.986}
{"armed": false, "event": "idle_disarmed", "preset": "person_single", "single_auto": true, "ts": 1783052741.986}
{"armed": false, "event": "idle_disarmed", "preset": "person_single", "single_auto": true, "ts": 1783052742.989}
{"armed": false, "event": "idle_disarmed", "preset": "person_single", "single_auto": true, "ts": 1783052742.989}
{"armed": false, "event": "idle_disarmed", "preset": "person_single", "single_auto": true, "ts": 1783052743.991}
{"armed": false, "event": "idle_disarmed", "preset": "person_single", "single_auto": true, "ts": 1783052743.991}
{"armed": false, "event": "idle_disarmed", "preset": "person_single", "single_auto": true, "ts": 1783052744.994}
{"armed": false, "event": "idle_disarmed", "preset": "person_single", "single_auto": true, "ts": 1783052744.994}
{"armed": false, "event": "idle_disarmed", "preset": "person_single", "single_auto": true, "ts": 1783052746.0}
{"armed": false, "event": "idle_disarmed", "preset": "person_single", "single_auto": true, "ts": 1783052746.0}
{"armed": false, "event": "idle_disarmed", "preset": "person_single", "single_auto": true, "ts": 1783052747.003}
{"armed": false, "event": "idle_disarmed", "preset": "person_single", "single_auto": true, "ts": 1783052747.003}
{"armed": false, "event": "idle_disarmed", "preset": "person_single", "single_auto": true, "ts": 1783052748.005}
{"armed": false, "event": "idle_disarmed", "preset": "person_single", "single_auto": true, "ts": 1783052748.005}
{"armed": false, "event": "idle_disarmed", "preset": "person_single", "single_auto": true, "ts": 1783052749.008}
{"armed": false, "event": "idle_disarmed", "preset": "person_single", "single_auto": true, "ts": 1783052749.008}
{"armed": false, "event": "idle_disarmed", "preset": "person_single", "single_auto": true, "ts": 1783052750.01}
{"armed": false, "event": "idle_disarmed", "preset": "person_single", "single_auto": true, "ts": 1783052750.01}
{"armed": false, "event": "idle_disarmed", "preset": "person_single", "single_auto": true, "ts": 1783052751.013}
{"armed": false, "event": "idle_disarmed", "preset": "person_single", "single_auto": true, "ts": 1783052751.013}
{"armed": false, "event": "idle_disarmed", "preset": "person_single", "single_auto": true, "ts": 1783052752.016}
{"armed": false, "event": "idle_disarmed", "preset": "person_single", "single_auto": true, "ts": 1783052752.016}
{"armed": false, "event": "idle_disarmed", "preset": "person_single", "single_auto": true, "ts": 1783052753.018}
{"armed": false, "event": "idle_disarmed", "preset": "person_single", "single_auto": true, "ts": 1783052753.018}
{"armed": false, "event": "idle_disarmed", "preset": "person_single", "single_auto": true, "ts": 1783052754.021}
{"armed": false, "event": "idle_disarmed", "preset": "person_single", "single_auto": true, "ts": 1783052754.021}
{"armed": false, "event": "idle_disarmed", "preset": "person_single", "single_auto": true, "ts": 1783052755.023}
{"armed": false, "event": "idle_disarmed", "preset": "person_single", "single_auto": true, "ts": 1783052755.023}
{"armed": false, "event": "idle_disarmed", "preset": "person_single", "single_auto": true, "ts": 1783052756.026}
{"armed": false, "event": "idle_disarmed", "preset": "person_single", "single_auto": true, "ts": 1783052756.026}
{"armed": false, "event": "idle_disarmed", "preset": "person_single", "single_auto": true, "ts": 1783052757.028}
{"armed": false, "event": "idle_disarmed", "preset": "person_single", "single_auto": true, "ts": 1783052757.028}
{"armed": false, "event": "idle_disarmed", "preset": "person_single", "single_auto": true, "ts": 1783052758.031}
{"armed": false, "event": "idle_disarmed", "preset": "person_single", "single_auto": true, "ts": 1783052758.031}
{"armed": false, "event": "idle_disarmed", "preset": "person_single", "single_auto": true, "ts": 1783052759.033}
{"armed": false, "event": "idle_disarmed", "preset": "person_single", "single_auto": true, "ts": 1783052759.033}
{"armed": false, "event": "idle_disarmed", "preset": "person_single", "single_auto": true, "ts": 1783052760.036}
{"armed": false, "event": "idle_disarmed", "preset": "person_single", "single_auto": true, "ts": 1783052760.036}
{"armed": false, "event": "idle_disarmed", "preset": "person_single", "single_auto": true, "ts": 1783052761.038}
{"armed": false, "event": "idle_disarmed", "preset": "person_single", "single_auto": true, "ts": 1783052761.038}
{"armed": false, "event": "idle_disarmed", "preset": "person_single", "single_auto": true, "ts": 1783052762.041}
{"armed": false, "event": "idle_disarmed", "preset": "person_single", "single_auto": true, "ts": 1783052762.041}
{"armed": false, "event": "idle_disarmed", "preset": "person_single", "single_auto": true, "ts": 1783052763.043}
{"armed": false, "event": "idle_disarmed", "preset": "person_single", "single_auto": true, "ts": 1783052763.043}
{"armed": false, "event": "idle_disarmed", "preset": "person_single", "single_auto": true, "ts": 1783052764.046}
{"armed": false, "event": "idle_disarmed", "preset": "person_single", "single_auto": true, "ts": 1783052764.046}
{"armed": false, "event": "idle_disarmed", "preset": "person_single", "single_auto": true, "ts": 1783052765.048}
{"armed": false, "event": "idle_disarmed", "preset": "person_single", "single_auto": true, "ts": 1783052765.048}
{"armed": false, "event": "idle_disarmed", "preset": "person_single", "single_auto": true, "ts": 1783052766.051}
{"armed": false, "event": "idle_disarmed", "preset": "person_single", "single_auto": true, "ts": 1783052766.051}
{"armed": false, "event": "idle_disarmed", "preset": "person_single", "single_auto": true, "ts": 1783052767.053}
{"armed": false, "event": "idle_disarmed", "preset": "person_single", "single_auto": true, "ts": 1783052767.053}
{"armed": false, "event": "idle_disarmed", "preset": "person_single", "single_auto": true, "ts": 1783052768.055}
{"armed": false, "event": "idle_disarmed", "preset": "person_single", "single_auto": true, "ts": 1783052768.055}
{"armed": false, "event": "idle_disarmed", "preset": "person_single", "single_auto": true, "ts": 1783052769.058}
{"armed": false, "event": "idle_disarmed", "preset": "person_single", "single_auto": true, "ts": 1783052769.058}
{"armed": false, "event": "idle_disarmed", "preset": "person_single", "single_auto": true, "ts": 1783052770.061}
{"armed": false, "event": "idle_disarmed", "preset": "person_single", "single_auto": true, "ts": 1783052770.061}
{"armed": false, "event": "idle_disarmed", "preset": "person_single", "single_auto": true, "ts": 1783052771.063}
{"armed": false, "event": "idle_disarmed", "preset": "person_single", "single_auto": true, "ts": 1783052771.063}
{"armed": false, "event": "idle_disarmed", "preset": "person_single", "single_auto": true, "ts": 1783052772.066}
{"armed": false, "event": "idle_disarmed", "preset": "person_single", "single_auto": true, "ts": 1783052772.066}
{"armed": false, "event": "idle_disarmed", "preset": "person_single", "single_auto": true, "ts": 1783052773.068}
{"armed": false, "event": "idle_disarmed", "preset": "person_single", "single_auto": true, "ts": 1783052773.068}
{"armed": false, "event": "idle_disarmed", "preset": "person_single", "single_auto": true, "ts": 1783052774.071}
{"armed": false, "event": "idle_disarmed", "preset": "person_single", "single_auto": true, "ts": 1783052774.071}
{"armed": false, "event": "idle_disarmed", "preset": "person_single", "single_auto": true, "ts": 1783052775.073}
{"armed": false, "event": "idle_disarmed", "preset": "person_single", "single_auto": true, "ts": 1783052775.073}
{"armed": false, "event": "idle_disarmed", "preset": "person_single", "single_auto": true, "ts": 1783052776.076}
{"armed": false, "event": "idle_disarmed", "preset": "person_single", "single_auto": true, "ts": 1783052776.076}
{"armed": false, "event": "idle_disarmed", "preset": "person_single", "single_auto": true, "ts": 1783052777.079}
{"armed": false, "event": "idle_disarmed", "preset": "person_single", "single_auto": true, "ts": 1783052777.079}
{"armed": false, "event": "idle_disarmed", "preset": "person_single", "single_auto": true, "ts": 1783052778.081}
{"armed": false, "event": "idle_disarmed", "preset": "person_single", "single_auto": true, "ts": 1783052778.081}
{"armed": false, "event": "idle_disarmed", "preset": "person_single", "single_auto": true, "ts": 1783052779.083}
{"armed": false, "event": "idle_disarmed", "preset": "person_single", "single_auto": true, "ts": 1783052779.083}
{"armed": false, "event": "idle_disarmed", "preset": "person_single", "single_auto": true, "ts": 1783052780.086}
{"armed": false, "event": "idle_disarmed", "preset": "person_single", "single_auto": true, "ts": 1783052780.086}
{"armed": false, "event": "idle_disarmed", "preset": "person_single", "single_auto": true, "ts": 1783052781.088}
{"armed": false, "event": "idle_disarmed", "preset": "person_single", "single_auto": true, "ts": 1783052781.088}
{"armed": false, "event": "idle_disarmed", "preset": "person_single", "single_auto": true, "ts": 1783052782.091}
{"armed": false, "event": "idle_disarmed", "preset": "person_single", "single_auto": true, "ts": 1783052782.091}
{"armed": false, "event": "idle_disarmed", "preset": "person_single", "single_auto": true, "ts": 1783052783.093}
{"armed": false, "event": "idle_disarmed", "preset": "person_single", "single_auto": true, "ts": 1783052783.093}
{"armed": false, "event": "idle_disarmed", "preset": "person_single", "single_auto": true, "ts": 1783052784.095}
{"armed": false, "event": "idle_disarmed", "preset": "person_single", "single_auto": true, "ts": 1783052784.095}
{"armed": false, "event": "idle_disarmed", "preset": "person_single", "single_auto": true, "ts": 1783052785.097}
{"armed": false, "event": "idle_disarmed", "preset": "person_single", "single_auto": true, "ts": 1783052785.097}
{"armed": false, "event": "idle_disarmed", "preset": "person_single", "single_auto": true, "ts": 1783052786.098}
{"armed": false, "event": "idle_disarmed", "preset": "person_single", "single_auto": true, "ts": 1783052786.098}
{"armed": false, "event": "idle_disarmed", "preset": "person_single", "single_auto": true, "ts": 1783052787.1}
{"armed": false, "event": "idle_disarmed", "preset": "person_single", "single_auto": true, "ts": 1783052787.1}
{"armed": false, "event": "idle_disarmed", "preset": "person_single", "single_auto": true, "ts": 1783052788.102}
{"armed": false, "event": "idle_disarmed", "preset": "person_single", "single_auto": true, "ts": 1783052788.102}
{"armed": false, "event": "idle_disarmed", "preset": "person_single", "single_auto": true, "ts": 1783052789.105}
{"armed": false, "event": "idle_disarmed", "preset": "person_single", "single_auto": true, "ts": 1783052789.105}
{"armed": false, "event": "idle_disarmed", "preset": "person_single", "single_auto": true, "ts": 1783052790.108}
{"armed": false, "event": "idle_disarmed", "preset": "person_single", "single_auto": true, "ts": 1783052790.108}
{"armed": false, "event": "idle_disarmed", "preset": "person_single", "single_auto": true, "ts": 1783052791.111}
{"armed": false, "event": "idle_disarmed", "preset": "person_single", "single_auto": true, "ts": 1783052791.111}
{"armed": false, "event": "idle_disarmed", "preset": "person_single", "single_auto": true, "ts": 1783052792.115}
{"armed": false, "event": "idle_disarmed", "preset": "person_single", "single_auto": true, "ts": 1783052792.115}
{"armed": false, "event": "idle_disarmed", "preset": "person_single", "single_auto": true, "ts": 1783052793.118}
{"armed": false, "event": "idle_disarmed", "preset": "person_single", "single_auto": true, "ts": 1783052793.118}
{"armed": false, "event": "idle_disarmed", "preset": "person_single", "single_auto": true, "ts": 1783052794.121}
{"armed": false, "event": "idle_disarmed", "preset": "person_single", "single_auto": true, "ts": 1783052794.121}
{"armed": false, "event": "idle_disarmed", "preset": "person_single", "single_auto": true, "ts": 1783052795.125}
{"armed": false, "event": "idle_disarmed", "preset": "person_single", "single_auto": true, "ts": 1783052795.125}
{"armed": false, "event": "idle_disarmed", "preset": "person_single", "single_auto": true, "ts": 1783052796.128}
{"armed": false, "event": "idle_disarmed", "preset": "person_single", "single_auto": true, "ts": 1783052796.128}
{"armed": false, "event": "idle_disarmed", "preset": "person_single", "single_auto": true, "ts": 1783052797.131}
{"armed": false, "event": "idle_disarmed", "preset": "person_single", "single_auto": true, "ts": 1783052797.131}
{"armed": false, "event": "idle_disarmed", "preset": "person_single", "single_auto": true, "ts": 1783052798.134}
{"armed": false, "event": "idle_disarmed", "preset": "person_single", "single_auto": true, "ts": 1783052798.134}
{"armed": false, "event": "idle_disarmed", "preset": "person_single", "single_auto": true, "ts": 1783052799.137}
{"armed": false, "event": "idle_disarmed", "preset": "person_single", "single_auto": true, "ts": 1783052799.137}
{"armed": false, "event": "idle_disarmed", "preset": "person_single", "single_auto": true, "ts": 1783052800.141}
{"armed": false, "event": "idle_disarmed", "preset": "person_single", "single_auto": true, "ts": 1783052800.141}
{"armed": false, "event": "idle_disarmed", "preset": "person_single", "single_auto": true, "ts": 1783052801.144}
{"armed": false, "event": "idle_disarmed", "preset": "person_single", "single_auto": true, "ts": 1783052801.144}
{"armed": false, "event": "idle_disarmed", "preset": "person_single", "single_auto": true, "ts": 1783052802.147}
{"armed": false, "event": "idle_disarmed", "preset": "person_single", "single_auto": true, "ts": 1783052802.147}
{"armed": false, "event": "idle_disarmed", "preset": "person_single", "single_auto": true, "ts": 1783052803.15}
{"armed": false, "event": "idle_disarmed", "preset": "person_single", "single_auto": true, "ts": 1783052803.15}
{"armed": false, "event": "idle_disarmed", "preset": "person_single", "single_auto": true, "ts": 1783052804.154}
{"armed": false, "event": "idle_disarmed", "preset": "person_single", "single_auto": true, "ts": 1783052804.154}
{"armed": false, "event": "idle_disarmed", "preset": "person_single", "single_auto": true, "ts": 1783052805.157}
{"armed": false, "event": "idle_disarmed", "preset": "person_single", "single_auto": true, "ts": 1783052805.157}
{"armed": false, "event": "idle_disarmed", "preset": "person_single", "single_auto": true, "ts": 1783052806.16}
{"armed": false, "event": "idle_disarmed", "preset": "person_single", "single_auto": true, "ts": 1783052806.16}
{"armed": false, "event": "idle_disarmed", "preset": "person_single", "single_auto": true, "ts": 1783052807.163}
{"armed": false, "event": "idle_disarmed", "preset": "person_single", "single_auto": true, "ts": 1783052807.163}
{"armed": false, "event": "idle_disarmed", "preset": "person_single", "single_auto": true, "ts": 1783052808.166}
{"armed": false, "event": "idle_disarmed", "preset": "person_single", "single_auto": true, "ts": 1783052808.166}
{"armed": false, "event": "idle_disarmed", "preset": "person_single", "single_auto": true, "ts": 1783052809.17}
{"armed": false, "event": "idle_disarmed", "preset": "person_single", "single_auto": true, "ts": 1783052809.17}
{"armed": false, "event": "idle_disarmed", "preset": "person_single", "single_auto": true, "ts": 1783052810.173}
{"armed": false, "event": "idle_disarmed", "preset": "person_single", "single_auto": true, "ts": 1783052810.173}
{"armed": false, "event": "idle_disarmed", "preset": "person_single", "single_auto": true, "ts": 1783052811.175}
{"armed": false, "event": "idle_disarmed", "preset": "person_single", "single_auto": true, "ts": 1783052811.175}
{"armed": false, "event": "idle_disarmed", "preset": "person_single", "single_auto": true, "ts": 1783052812.178}
{"armed": false, "event": "idle_disarmed", "preset": "person_single", "single_auto": true, "ts": 1783052812.178}
{"armed": false, "event": "idle_disarmed", "preset": "person_single", "single_auto": true, "ts": 1783052813.18}
{"armed": false, "event": "idle_disarmed", "preset": "person_single", "single_auto": true, "ts": 1783052813.18}
{"armed": false, "event": "idle_disarmed", "preset": "person_single", "single_auto": true, "ts": 1783052814.182}
{"armed": false, "event": "idle_disarmed", "preset": "person_single", "single_auto": true, "ts": 1783052814.182}
{"armed": false, "event": "idle_disarmed", "preset": "person_single", "single_auto": true, "ts": 1783052815.186}
{"armed": false, "event": "idle_disarmed", "preset": "person_single", "single_auto": true, "ts": 1783052815.186}
{"armed": false, "event": "idle_disarmed", "preset": "person_single", "single_auto": true, "ts": 1783052816.189}
{"armed": false, "event": "idle_disarmed", "preset": "person_single", "single_auto": true, "ts": 1783052816.189}
{"armed": false, "event": "idle_disarmed", "preset": "person_single", "single_auto": true, "ts": 1783052817.192}
{"armed": false, "event": "idle_disarmed", "preset": "person_single", "single_auto": true, "ts": 1783052817.192}
{"armed": false, "event": "idle_disarmed", "preset": "person_single", "single_auto": true, "ts": 1783052818.195}
{"armed": false, "event": "idle_disarmed", "preset": "person_single", "single_auto": true, "ts": 1783052818.195}
{"armed": false, "event": "idle_disarmed", "preset": "person_single", "single_auto": true, "ts": 1783052819.198}
{"armed": false, "event": "idle_disarmed", "preset": "person_single", "single_auto": true, "ts": 1783052819.198}
{"armed": false, "event": "idle_disarmed", "preset": "person_single", "single_auto": true, "ts": 1783052820.202}
{"armed": false, "event": "idle_disarmed", "preset": "person_single", "single_auto": true, "ts": 1783052820.202}
{"armed": false, "event": "idle_disarmed", "preset": "person_single", "single_auto": true, "ts": 1783052821.205}
{"armed": false, "event": "idle_disarmed", "preset": "person_single", "single_auto": true, "ts": 1783052821.205}
{"armed": false, "event": "idle_disarmed", "preset": "person_single", "single_auto": true, "ts": 1783052822.208}
{"armed": false, "event": "idle_disarmed", "preset": "person_single", "single_auto": true, "ts": 1783052822.208}
{"armed": false, "event": "idle_disarmed", "preset": "person_single", "single_auto": true, "ts": 1783052823.211}
{"armed": false, "event": "idle_disarmed", "preset": "person_single", "single_auto": true, "ts": 1783052823.211}
{"armed": false, "event": "idle_disarmed", "preset": "person_single", "single_auto": true, "ts": 1783052824.215}
{"armed": false, "event": "idle_disarmed", "preset": "person_single", "single_auto": true, "ts": 1783052824.215}
{"armed": false, "event": "idle_disarmed", "preset": "person_single", "single_auto": true, "ts": 1783052825.218}
{"armed": false, "event": "idle_disarmed", "preset": "person_single", "single_auto": true, "ts": 1783052825.218}
{"armed": false, "event": "idle_disarmed", "preset": "person_single", "single_auto": true, "ts": 1783052826.221}
{"armed": false, "event": "idle_disarmed", "preset": "person_single", "single_auto": true, "ts": 1783052826.221}
{"armed": false, "event": "idle_disarmed", "preset": "person_single", "single_auto": true, "ts": 1783052827.223}
{"armed": false, "event": "idle_disarmed", "preset": "person_single", "single_auto": true, "ts": 1783052827.223}
{"armed": false, "event": "idle_disarmed", "preset": "person_single", "single_auto": true, "ts": 1783052828.224}
{"armed": false, "event": "idle_disarmed", "preset": "person_single", "single_auto": true, "ts": 1783052828.224}
{"armed": false, "event": "idle_disarmed", "preset": "person_single", "single_auto": true, "ts": 1783052829.226}
{"armed": false, "event": "idle_disarmed", "preset": "person_single", "single_auto": true, "ts": 1783052829.226}
{"armed": false, "event": "idle_disarmed", "preset": "person_single", "single_auto": true, "ts": 1783052830.23}
{"armed": false, "event": "idle_disarmed", "preset": "person_single", "single_auto": true, "ts": 1783052830.23}
{"armed": false, "event": "idle_disarmed", "preset": "person_single", "single_auto": true, "ts": 1783052831.233}
{"armed": false, "event": "idle_disarmed", "preset": "person_single", "single_auto": true, "ts": 1783052831.233}
{"armed": false, "event": "idle_disarmed", "preset": "person_single", "single_auto": true, "ts": 1783052832.236}
{"armed": false, "event": "idle_disarmed", "preset": "person_single", "single_auto": true, "ts": 1783052832.236}
{"armed": false, "event": "idle_disarmed", "preset": "person_single", "single_auto": true, "ts": 1783052833.239}
{"armed": false, "event": "idle_disarmed", "preset": "person_single", "single_auto": true, "ts": 1783052833.239}
{"armed": false, "event": "idle_disarmed", "preset": "person_single", "single_auto": true, "ts": 1783052834.242}
{"armed": false, "event": "idle_disarmed", "preset": "person_single", "single_auto": true, "ts": 1783052834.242}
{"armed": false, "event": "idle_disarmed", "preset": "person_single", "single_auto": true, "ts": 1783052835.246}
{"armed": false, "event": "idle_disarmed", "preset": "person_single", "single_auto": true, "ts": 1783052835.246}
{"armed": false, "event": "idle_disarmed", "preset": "person_single", "single_auto": true, "ts": 1783052836.248}
{"armed": false, "event": "idle_disarmed", "preset": "person_single", "single_auto": true, "ts": 1783052836.248}
{"armed": false, "event": "idle_disarmed", "preset": "person_single", "single_auto": true, "ts": 1783052837.25}
{"armed": false, "event": "idle_disarmed", "preset": "person_single", "single_auto": true, "ts": 1783052837.25}
{"armed": false, "event": "idle_disarmed", "preset": "person_single", "single_auto": true, "ts": 1783052838.253}
{"armed": false, "event": "idle_disarmed", "preset": "person_single", "single_auto": true, "ts": 1783052838.253}
{"armed": false, "event": "idle_disarmed", "preset": "person_single", "single_auto": true, "ts": 1783052839.255}
{"armed": false, "event": "idle_disarmed", "preset": "person_single", "single_auto": true, "ts": 1783052839.255}
{"armed": false, "event": "idle_disarmed", "preset": "person_single", "single_auto": true, "ts": 1783052840.258}
{"armed": false, "event": "idle_disarmed", "preset": "person_single", "single_auto": true, "ts": 1783052840.258}
{"armed": false, "event": "idle_disarmed", "preset": "person_single", "single_auto": true, "ts": 1783052841.261}
{"armed": false, "event": "idle_disarmed", "preset": "person_single", "single_auto": true, "ts": 1783052841.261}
{"armed": false, "event": "idle_disarmed", "preset": "person_single", "single_auto": true, "ts": 1783052842.264}
{"armed": false, "event": "idle_disarmed", "preset": "person_single", "single_auto": true, "ts": 1783052842.264}
{"armed": false, "event": "idle_disarmed", "preset": "person_single", "single_auto": true, "ts": 1783052843.267}
{"armed": false, "event": "idle_disarmed", "preset": "person_single", "single_auto": true, "ts": 1783052843.267}
{"armed": false, "event": "idle_disarmed", "preset": "person_single", "single_auto": true, "ts": 1783052844.27}
{"armed": false, "event": "idle_disarmed", "preset": "person_single", "single_auto": true, "ts": 1783052844.27}
{"armed": false, "event": "idle_disarmed", "preset": "person_single", "single_auto": true, "ts": 1783052845.273}
{"armed": false, "event": "idle_disarmed", "preset": "person_single", "single_auto": true, "ts": 1783052845.273}
{"armed": false, "event": "idle_disarmed", "preset": "person_single", "single_auto": true, "ts": 1783052846.275}
{"armed": false, "event": "idle_disarmed", "preset": "person_single", "single_auto": true, "ts": 1783052846.275}
{"armed": false, "event": "idle_disarmed", "preset": "person_single", "single_auto": true, "ts": 1783052847.276}
{"armed": false, "event": "idle_disarmed", "preset": "person_single", "single_auto": true, "ts": 1783052847.276}
{"armed": false, "event": "idle_disarmed", "preset": "person_single", "single_auto": true, "ts": 1783052848.277}
{"armed": false, "event": "idle_disarmed", "preset": "person_single", "single_auto": true, "ts": 1783052848.277}
{"armed": false, "event": "idle_disarmed", "preset": "person_single", "single_auto": true, "ts": 1783052849.278}
{"armed": false, "event": "idle_disarmed", "preset": "person_single", "single_auto": true, "ts": 1783052849.278}
{"armed": false, "event": "idle_disarmed", "preset": "person_single", "single_auto": true, "ts": 1783052850.28}
{"armed": false, "event": "idle_disarmed", "preset": "person_single", "single_auto": true, "ts": 1783052850.28}
{"armed": false, "event": "idle_disarmed", "preset": "person_single", "single_auto": true, "ts": 1783052851.283}
{"armed": false, "event": "idle_disarmed", "preset": "person_single", "single_auto": true, "ts": 1783052851.283}
{"armed": false, "event": "idle_disarmed", "preset": "person_single", "single_auto": true, "ts": 1783052852.287}
{"armed": false, "event": "idle_disarmed", "preset": "person_single", "single_auto": true, "ts": 1783052852.287}
{"armed": false, "event": "idle_disarmed", "preset": "person_single", "single_auto": true, "ts": 1783052853.29}
{"armed": false, "event": "idle_disarmed", "preset": "person_single", "single_auto": true, "ts": 1783052853.29}
{"armed": false, "event": "idle_disarmed", "preset": "person_single", "single_auto": true, "ts": 1783052854.293}
{"armed": false, "event": "idle_disarmed", "preset": "person_single", "single_auto": true, "ts": 1783052854.293}
{"armed": false, "event": "idle_disarmed", "preset": "person_single", "single_auto": true, "ts": 1783052855.296}
{"armed": false, "event": "idle_disarmed", "preset": "person_single", "single_auto": true, "ts": 1783052855.296}
{"armed": false, "event": "idle_disarmed", "preset": "person_single", "single_auto": true, "ts": 1783052856.298}
{"armed": false, "event": "idle_disarmed", "preset": "person_single", "single_auto": true, "ts": 1783052856.298}
{"armed": false, "event": "idle_disarmed", "preset": "person_single", "single_auto": true, "ts": 1783052857.301}
{"armed": false, "event": "idle_disarmed", "preset": "person_single", "single_auto": true, "ts": 1783052857.301}
{"armed": false, "event": "idle_disarmed", "preset": "person_single", "single_auto": true, "ts": 1783052858.303}
{"armed": false, "event": "idle_disarmed", "preset": "person_single", "single_auto": true, "ts": 1783052858.303}
{"armed": false, "event": "idle_disarmed", "preset": "person_single", "single_auto": true, "ts": 1783052859.306}
{"armed": false, "event": "idle_disarmed", "preset": "person_single", "single_auto": true, "ts": 1783052859.306}
{"armed": false, "event": "idle_disarmed", "preset": "person_single", "single_auto": true, "ts": 1783052860.308}
{"armed": false, "event": "idle_disarmed", "preset": "person_single", "single_auto": true, "ts": 1783052860.308}
{"armed": false, "event": "idle_disarmed", "preset": "person_single", "single_auto": true, "ts": 1783052861.311}
{"armed": false, "event": "idle_disarmed", "preset": "person_single", "single_auto": true, "ts": 1783052861.311}
{"armed": false, "event": "idle_disarmed", "preset": "person_single", "single_auto": true, "ts": 1783052862.314}
{"armed": false, "event": "idle_disarmed", "preset": "person_single", "single_auto": true, "ts": 1783052862.314}
{"armed": false, "event": "idle_disarmed", "preset": "person_single", "single_auto": true, "ts": 1783052863.316}
{"armed": false, "event": "idle_disarmed", "preset": "person_single", "single_auto": true, "ts": 1783052863.316}
{"armed": false, "event": "idle_disarmed", "preset": "person_single", "single_auto": true, "ts": 1783052864.319}
{"armed": false, "event": "idle_disarmed", "preset": "person_single", "single_auto": true, "ts": 1783052864.319}
{"armed": false, "event": "idle_disarmed", "preset": "person_single", "single_auto": true, "ts": 1783052865.321}
{"armed": false, "event": "idle_disarmed", "preset": "person_single", "single_auto": true, "ts": 1783052865.321}
{"armed": false, "event": "idle_disarmed", "preset": "person_single", "single_auto": true, "ts": 1783052866.323}
{"armed": false, "event": "idle_disarmed", "preset": "person_single", "single_auto": true, "ts": 1783052866.323}
{"armed": false, "event": "idle_disarmed", "preset": "person_single", "single_auto": true, "ts": 1783052867.326}
{"armed": false, "event": "idle_disarmed", "preset": "person_single", "single_auto": true, "ts": 1783052867.326}
{"armed": false, "event": "idle_disarmed", "preset": "person_single", "single_auto": true, "ts": 1783052868.328}
{"armed": false, "event": "idle_disarmed", "preset": "person_single", "single_auto": true, "ts": 1783052868.328}
{"armed": false, "event": "idle_disarmed", "preset": "person_single", "single_auto": true, "ts": 1783052869.331}
{"armed": false, "event": "idle_disarmed", "preset": "person_single", "single_auto": true, "ts": 1783052869.331}
{"armed": false, "event": "idle_disarmed", "preset": "person_single", "single_auto": true, "ts": 1783052870.333}
{"armed": false, "event": "idle_disarmed", "preset": "person_single", "single_auto": true, "ts": 1783052870.333}
{"armed": false, "event": "idle_disarmed", "preset": "person_single", "single_auto": true, "ts": 1783052871.336}
{"armed": false, "event": "idle_disarmed", "preset": "person_single", "single_auto": true, "ts": 1783052871.336}
{"armed": false, "event": "idle_disarmed", "preset": "person_single", "single_auto": true, "ts": 1783052872.338}
{"armed": false, "event": "idle_disarmed", "preset": "person_single", "single_auto": true, "ts": 1783052872.338}
{"armed": false, "event": "idle_disarmed", "preset": "person_single", "single_auto": true, "ts": 1783052873.341}
{"armed": false, "event": "idle_disarmed", "preset": "person_single", "single_auto": true, "ts": 1783052873.341}
{"armed": false, "event": "idle_disarmed", "preset": "person_single", "single_auto": true, "ts": 1783052874.343}
{"armed": false, "event": "idle_disarmed", "preset": "person_single", "single_auto": true, "ts": 1783052874.343}
{"armed": false, "event": "idle_disarmed", "preset": "person_single", "single_auto": true, "ts": 1783052875.346}
{"armed": false, "event": "idle_disarmed", "preset": "person_single", "single_auto": true, "ts": 1783052875.346}
{"armed": false, "event": "idle_disarmed", "preset": "person_single", "single_auto": true, "ts": 1783052876.348}
{"armed": false, "event": "idle_disarmed", "preset": "person_single", "single_auto": true, "ts": 1783052876.348}
{"armed": false, "event": "idle_disarmed", "preset": "person_single", "single_auto": true, "ts": 1783052877.351}
{"armed": false, "event": "idle_disarmed", "preset": "person_single", "single_auto": true, "ts": 1783052877.351}
{"armed": false, "event": "idle_disarmed", "preset": "person_single", "single_auto": true, "ts": 1783052878.353}
{"armed": false, "event": "idle_disarmed", "preset": "person_single", "single_auto": true, "ts": 1783052878.353}
{"armed": false, "event": "idle_disarmed", "preset": "person_single", "single_auto": true, "ts": 1783052879.356}
{"armed": false, "event": "idle_disarmed", "preset": "person_single", "single_auto": true, "ts": 1783052879.356}
{"armed": false, "event": "idle_disarmed", "preset": "person_single", "single_auto": true, "ts": 1783052880.358}
{"armed": false, "event": "idle_disarmed", "preset": "person_single", "single_auto": true, "ts": 1783052880.358}
{"armed": false, "event": "idle_disarmed", "preset": "person_single", "single_auto": true, "ts": 1783052881.361}
{"armed": false, "event": "idle_disarmed", "preset": "person_single", "single_auto": true, "ts": 1783052881.361}
{"armed": false, "event": "idle_disarmed", "preset": "person_single", "single_auto": true, "ts": 1783052882.363}
{"armed": false, "event": "idle_disarmed", "preset": "person_single", "single_auto": true, "ts": 1783052882.363}
{"armed": false, "event": "idle_disarmed", "preset": "person_single", "single_auto": true, "ts": 1783052883.365}
{"armed": false, "event": "idle_disarmed", "preset": "person_single", "single_auto": true, "ts": 1783052883.365}
{"armed": false, "event": "idle_disarmed", "preset": "person_single", "single_auto": true, "ts": 1783052884.368}
{"armed": false, "event": "idle_disarmed", "preset": "person_single", "single_auto": true, "ts": 1783052884.368}
{"armed": false, "event": "idle_disarmed", "preset": "person_single", "single_auto": true, "ts": 1783052885.371}
{"armed": false, "event": "idle_disarmed", "preset": "person_single", "single_auto": true, "ts": 1783052885.371}
{"armed": false, "event": "idle_disarmed", "preset": "person_single", "single_auto": true, "ts": 1783052886.373}
{"armed": false, "event": "idle_disarmed", "preset": "person_single", "single_auto": true, "ts": 1783052886.373}
{"armed": false, "event": "idle_disarmed", "preset": "person_single", "single_auto": true, "ts": 1783052887.376}
{"armed": false, "event": "idle_disarmed", "preset": "person_single", "single_auto": true, "ts": 1783052887.376}
{"armed": false, "event": "idle_disarmed", "preset": "person_single", "single_auto": true, "ts": 1783052888.378}
{"armed": false, "event": "idle_disarmed", "preset": "person_single", "single_auto": true, "ts": 1783052888.378}
{"armed": false, "event": "idle_disarmed", "preset": "person_single", "single_auto": true, "ts": 1783052889.381}
{"armed": false, "event": "idle_disarmed", "preset": "person_single", "single_auto": true, "ts": 1783052889.381}
{"armed": false, "event": "idle_disarmed", "preset": "person_single", "single_auto": true, "ts": 1783052890.383}
{"armed": false, "event": "idle_disarmed", "preset": "person_single", "single_auto": true, "ts": 1783052890.383}
{"armed": false, "event": "idle_disarmed", "preset": "person_single", "single_auto": true, "ts": 1783052891.386}
{"armed": false, "event": "idle_disarmed", "preset": "person_single", "single_auto": true, "ts": 1783052891.386}
{"armed": false, "event": "idle_disarmed", "preset": "person_single", "single_auto": true, "ts": 1783052892.388}
{"armed": false, "event": "idle_disarmed", "preset": "person_single", "single_auto": true, "ts": 1783052892.388}
{"armed": false, "event": "idle_disarmed", "preset": "person_single", "single_auto": true, "ts": 1783052893.391}
{"armed": false, "event": "idle_disarmed", "preset": "person_single", "single_auto": true, "ts": 1783052893.391}
{"armed": false, "event": "idle_disarmed", "preset": "person_single", "single_auto": true, "ts": 1783052894.393}
{"armed": false, "event": "idle_disarmed", "preset": "person_single", "single_auto": true, "ts": 1783052894.393}
{"armed": false, "event": "idle_disarmed", "preset": "person_single", "single_auto": true, "ts": 1783052895.396}
{"armed": false, "event": "idle_disarmed", "preset": "person_single", "single_auto": true, "ts": 1783052895.396}
{"armed": false, "event": "idle_disarmed", "preset": "person_single", "single_auto": true, "ts": 1783052896.4}
{"armed": false, "event": "idle_disarmed", "preset": "person_single", "single_auto": true, "ts": 1783052896.4}
{"armed": false, "event": "idle_disarmed", "preset": "person_single", "single_auto": true, "ts": 1783052897.402}
{"armed": false, "event": "idle_disarmed", "preset": "person_single", "single_auto": true, "ts": 1783052897.402}
{"armed": false, "event": "idle_disarmed", "preset": "person_single", "single_auto": true, "ts": 1783052898.405}
{"armed": false, "event": "idle_disarmed", "preset": "person_single", "single_auto": true, "ts": 1783052898.405}
{"armed": false, "event": "idle_disarmed", "preset": "person_single", "single_auto": true, "ts": 1783052899.407}
{"armed": false, "event": "idle_disarmed", "preset": "person_single", "single_auto": true, "ts": 1783052899.407}
{"armed": false, "event": "idle_disarmed", "preset": "person_single", "single_auto": true, "ts": 1783052900.41}
{"armed": false, "event": "idle_disarmed", "preset": "person_single", "single_auto": true, "ts": 1783052900.41}
{"armed": false, "event": "idle_disarmed", "preset": "person_single", "single_auto": true, "ts": 1783052901.413}
{"armed": false, "event": "idle_disarmed", "preset": "person_single", "single_auto": true, "ts": 1783052901.413}
{"armed": false, "event": "idle_disarmed", "preset": "person_single", "single_auto": true, "ts": 1783052902.416}
{"armed": false, "event": "idle_disarmed", "preset": "person_single", "single_auto": true, "ts": 1783052902.416}
{"armed": false, "event": "idle_disarmed", "preset": "person_single", "single_auto": true, "ts": 1783052903.42}
{"armed": false, "event": "idle_disarmed", "preset": "person_single", "single_auto": true, "ts": 1783052903.42}
{"armed": false, "event": "idle_disarmed", "preset": "person_single", "single_auto": true, "ts": 1783052904.423}
{"armed": false, "event": "idle_disarmed", "preset": "person_single", "single_auto": true, "ts": 1783052904.423}
{"armed": false, "event": "idle_disarmed", "preset": "person_single", "single_auto": true, "ts": 1783052905.426}
{"armed": false, "event": "idle_disarmed", "preset": "person_single", "single_auto": true, "ts": 1783052905.426}
{"armed": false, "event": "idle_disarmed", "preset": "person_single", "single_auto": true, "ts": 1783052906.429}
{"armed": false, "event": "idle_disarmed", "preset": "person_single", "single_auto": true, "ts": 1783052906.429}
{"armed": false, "event": "idle_disarmed", "preset": "person_single", "single_auto": true, "ts": 1783052907.433}
{"armed": false, "event": "idle_disarmed", "preset": "person_single", "single_auto": true, "ts": 1783052907.433}
{"armed": false, "event": "idle_disarmed", "preset": "person_single", "single_auto": true, "ts": 1783052908.436}
{"armed": false, "event": "idle_disarmed", "preset": "person_single", "single_auto": true, "ts": 1783052908.436}
{"armed": false, "event": "idle_disarmed", "preset": "person_single", "single_auto": true, "ts": 1783052909.439}
{"armed": false, "event": "idle_disarmed", "preset": "person_single", "single_auto": true, "ts": 1783052909.439}
{"armed": false, "event": "idle_disarmed", "preset": "person_single", "single_auto": true, "ts": 1783052910.441}
{"armed": false, "event": "idle_disarmed", "preset": "person_single", "single_auto": true, "ts": 1783052910.441}
{"armed": false, "event": "idle_disarmed", "preset": "person_single", "single_auto": true, "ts": 1783052911.444}
{"armed": false, "event": "idle_disarmed", "preset": "person_single", "single_auto": true, "ts": 1783052911.444}
{"armed": false, "event": "idle_disarmed", "preset": "person_single", "single_auto": true, "ts": 1783052912.446}
{"armed": false, "event": "idle_disarmed", "preset": "person_single", "single_auto": true, "ts": 1783052912.446}
{"armed": false, "event": "idle_disarmed", "preset": "person_single", "single_auto": true, "ts": 1783052913.449}
{"armed": false, "event": "idle_disarmed", "preset": "person_single", "single_auto": true, "ts": 1783052913.449}
{"armed": false, "event": "idle_disarmed", "preset": "person_single", "single_auto": true, "ts": 1783052914.451}
{"armed": false, "event": "idle_disarmed", "preset": "person_single", "single_auto": true, "ts": 1783052914.451}
{"armed": false, "event": "idle_disarmed", "preset": "person_single", "single_auto": true, "ts": 1783052915.454}
{"armed": false, "event": "idle_disarmed", "preset": "person_single", "single_auto": true, "ts": 1783052915.454}
{"armed": false, "event": "idle_disarmed", "preset": "person_single", "single_auto": true, "ts": 1783052916.456}
{"armed": false, "event": "idle_disarmed", "preset": "person_single", "single_auto": true, "ts": 1783052916.456}
{"armed": false, "event": "idle_disarmed", "preset": "person_single", "single_auto": true, "ts": 1783052917.459}
{"armed": false, "event": "idle_disarmed", "preset": "person_single", "single_auto": true, "ts": 1783052917.459}
{"armed": false, "event": "idle_disarmed", "preset": "person_single", "single_auto": true, "ts": 1783052918.461}
{"armed": false, "event": "idle_disarmed", "preset": "person_single", "single_auto": true, "ts": 1783052918.461}
{"armed": false, "event": "idle_disarmed", "preset": "person_single", "single_auto": true, "ts": 1783052919.464}
{"armed": false, "event": "idle_disarmed", "preset": "person_single", "single_auto": true, "ts": 1783052919.464}
{"armed": false, "event": "idle_disarmed", "preset": "person_single", "single_auto": true, "ts": 1783052920.466}
{"armed": false, "event": "idle_disarmed", "preset": "person_single", "single_auto": true, "ts": 1783052920.466}
{"armed": false, "event": "idle_disarmed", "preset": "person_single", "single_auto": true, "ts": 1783052921.469}
{"armed": false, "event": "idle_disarmed", "preset": "person_single", "single_auto": true, "ts": 1783052921.469}
{"armed": false, "event": "idle_disarmed", "preset": "person_single", "single_auto": true, "ts": 1783052922.471}
{"armed": false, "event": "idle_disarmed", "preset": "person_single", "single_auto": true, "ts": 1783052922.471}
{"armed": false, "event": "idle_disarmed", "preset": "person_single", "single_auto": true, "ts": 1783052923.474}
{"armed": false, "event": "idle_disarmed", "preset": "person_single", "single_auto": true, "ts": 1783052923.474}
{"armed": false, "event": "idle_disarmed", "preset": "person_single", "single_auto": true, "ts": 1783052924.477}
{"armed": false, "event": "idle_disarmed", "preset": "person_single", "single_auto": true, "ts": 1783052924.477}
{"armed": false, "event": "idle_disarmed", "preset": "person_single", "single_auto": true, "ts": 1783052925.479}
{"armed": false, "event": "idle_disarmed", "preset": "person_single", "single_auto": true, "ts": 1783052925.479}
{"armed": false, "event": "idle_disarmed", "preset": "person_single", "single_auto": true, "ts": 1783052926.482}
{"armed": false, "event": "idle_disarmed", "preset": "person_single", "single_auto": true, "ts": 1783052926.482}
{"armed": false, "event": "idle_disarmed", "preset": "person_single", "single_auto": true, "ts": 1783052927.484}
{"armed": false, "event": "idle_disarmed", "preset": "person_single", "single_auto": true, "ts": 1783052927.484}
{"armed": false, "event": "idle_disarmed", "preset": "person_single", "single_auto": true, "ts": 1783052928.487}
{"armed": false, "event": "idle_disarmed", "preset": "person_single", "single_auto": true, "ts": 1783052928.487}
{"armed": false, "event": "idle_disarmed", "preset": "person_single", "single_auto": true, "ts": 1783052929.489}
{"armed": false, "event": "idle_disarmed", "preset": "person_single", "single_auto": true, "ts": 1783052929.489}
{"armed": false, "event": "idle_disarmed", "preset": "person_single", "single_auto": true, "ts": 1783052930.492}
{"armed": false, "event": "idle_disarmed", "preset": "person_single", "single_auto": true, "ts": 1783052930.492}
{"armed": false, "event": "idle_disarmed", "preset": "person_single", "single_auto": true, "ts": 1783052931.495}
{"armed": false, "event": "idle_disarmed", "preset": "person_single", "single_auto": true, "ts": 1783052931.495}
{"armed": false, "event": "idle_disarmed", "preset": "person_single", "single_auto": true, "ts": 1783052932.497}
{"armed": false, "event": "idle_disarmed", "preset": "person_single", "single_auto": true, "ts": 1783052932.497}
{"armed": false, "event": "idle_disarmed", "preset": "person_single", "single_auto": true, "ts": 1783052933.5}
{"armed": false, "event": "idle_disarmed", "preset": "person_single", "single_auto": true, "ts": 1783052933.5}
{"armed": false, "event": "idle_disarmed", "preset": "person_single", "single_auto": true, "ts": 1783052934.502}
{"armed": false, "event": "idle_disarmed", "preset": "person_single", "single_auto": true, "ts": 1783052934.502}
{"armed": false, "event": "idle_disarmed", "preset": "person_single", "single_auto": true, "ts": 1783052935.505}
{"armed": false, "event": "idle_disarmed", "preset": "person_single", "single_auto": true, "ts": 1783052935.505}
{"armed": false, "event": "idle_disarmed", "preset": "person_single", "single_auto": true, "ts": 1783052936.507}
{"armed": false, "event": "idle_disarmed", "preset": "person_single", "single_auto": true, "ts": 1783052936.507}
{"armed": false, "event": "idle_disarmed", "preset": "person_single", "single_auto": true, "ts": 1783052937.51}
{"armed": false, "event": "idle_disarmed", "preset": "person_single", "single_auto": true, "ts": 1783052937.51}
{"armed": false, "event": "idle_disarmed", "preset": "person_single", "single_auto": true, "ts": 1783052938.513}
{"armed": false, "event": "idle_disarmed", "preset": "person_single", "single_auto": true, "ts": 1783052938.513}
{"armed": false, "event": "idle_disarmed", "preset": "person_single", "single_auto": true, "ts": 1783052939.515}
{"armed": false, "event": "idle_disarmed", "preset": "person_single", "single_auto": true, "ts": 1783052939.515}
{"armed": false, "event": "idle_disarmed", "preset": "person_single", "single_auto": true, "ts": 1783052940.518}
{"armed": false, "event": "idle_disarmed", "preset": "person_single", "single_auto": true, "ts": 1783052940.518}
{"armed": false, "event": "idle_disarmed", "preset": "person_single", "single_auto": true, "ts": 1783052941.52}
{"armed": false, "event": "idle_disarmed", "preset": "person_single", "single_auto": true, "ts": 1783052941.52}
{"armed": false, "event": "idle_disarmed", "preset": "person_single", "single_auto": true, "ts": 1783052942.523}
{"armed": false, "event": "idle_disarmed", "preset": "person_single", "single_auto": true, "ts": 1783052942.523}
{"armed": false, "event": "idle_disarmed", "preset": "person_single", "single_auto": true, "ts": 1783052943.525}
{"armed": false, "event": "idle_disarmed", "preset": "person_single", "single_auto": true, "ts": 1783052943.525}
{"armed": false, "event": "idle_disarmed", "preset": "person_single", "single_auto": true, "ts": 1783052944.528}
{"armed": false, "event": "idle_disarmed", "preset": "person_single", "single_auto": true, "ts": 1783052944.528}
{"armed": false, "event": "idle_disarmed", "preset": "person_single", "single_auto": true, "ts": 1783052945.53}
{"armed": false, "event": "idle_disarmed", "preset": "person_single", "single_auto": true, "ts": 1783052945.53}
{"armed": false, "event": "idle_disarmed", "preset": "person_single", "single_auto": true, "ts": 1783052946.533}
{"armed": false, "event": "idle_disarmed", "preset": "person_single", "single_auto": true, "ts": 1783052946.533}
{"armed": false, "event": "idle_disarmed", "preset": "person_single", "single_auto": true, "ts": 1783052947.535}
{"armed": false, "event": "idle_disarmed", "preset": "person_single", "single_auto": true, "ts": 1783052947.535}
{"armed": false, "event": "idle_disarmed", "preset": "person_single", "single_auto": true, "ts": 1783052948.538}
{"armed": false, "event": "idle_disarmed", "preset": "person_single", "single_auto": true, "ts": 1783052948.538}
{"armed": false, "event": "idle_disarmed", "preset": "person_single", "single_auto": true, "ts": 1783052949.541}
{"armed": false, "event": "idle_disarmed", "preset": "person_single", "single_auto": true, "ts": 1783052949.541}
{"armed": false, "event": "idle_disarmed", "preset": "person_single", "single_auto": true, "ts": 1783052950.543}
{"armed": false, "event": "idle_disarmed", "preset": "person_single", "single_auto": true, "ts": 1783052950.543}
{"armed": false, "event": "idle_disarmed", "preset": "person_single", "single_auto": true, "ts": 1783052951.546}
{"armed": false, "event": "idle_disarmed", "preset": "person_single", "single_auto": true, "ts": 1783052951.546}
{"armed": false, "event": "idle_disarmed", "preset": "person_single", "single_auto": true, "ts": 1783052952.548}
{"armed": false, "event": "idle_disarmed", "preset": "person_single", "single_auto": true, "ts": 1783052952.548}
{"armed": false, "event": "idle_disarmed", "preset": "person_single", "single_auto": true, "ts": 1783052953.551}
{"armed": false, "event": "idle_disarmed", "preset": "person_single", "single_auto": true, "ts": 1783052953.551}
{"armed": false, "event": "idle_disarmed", "preset": "person_single", "single_auto": true, "ts": 1783052954.554}
{"armed": false, "event": "idle_disarmed", "preset": "person_single", "single_auto": true, "ts": 1783052954.554}
{"armed": false, "event": "idle_disarmed", "preset": "person_single", "single_auto": true, "ts": 1783052955.556}
{"armed": false, "event": "idle_disarmed", "preset": "person_single", "single_auto": true, "ts": 1783052955.556}
{"armed": false, "event": "idle_disarmed", "preset": "person_single", "single_auto": true, "ts": 1783052956.559}
{"armed": false, "event": "idle_disarmed", "preset": "person_single", "single_auto": true, "ts": 1783052956.559}
{"armed": false, "event": "idle_disarmed", "preset": "person_single", "single_auto": true, "ts": 1783052957.562}
{"armed": false, "event": "idle_disarmed", "preset": "person_single", "single_auto": true, "ts": 1783052957.562}
{"armed": false, "event": "idle_disarmed", "preset": "person_single", "single_auto": true, "ts": 1783052958.564}
{"armed": false, "event": "idle_disarmed", "preset": "person_single", "single_auto": true, "ts": 1783052958.564}
{"armed": false, "event": "idle_disarmed", "preset": "person_single", "single_auto": true, "ts": 1783052959.566}
{"armed": false, "event": "idle_disarmed", "preset": "person_single", "single_auto": true, "ts": 1783052959.566}
{"armed": false, "event": "idle_disarmed", "preset": "person_single", "single_auto": true, "ts": 1783052960.569}
{"armed": false, "event": "idle_disarmed", "preset": "person_single", "single_auto": true, "ts": 1783052960.569}
{"armed": false, "event": "idle_disarmed", "preset": "person_single", "single_auto": true, "ts": 1783052961.571}
{"armed": false, "event": "idle_disarmed", "preset": "person_single", "single_auto": true, "ts": 1783052961.571}
{"armed": false, "event": "idle_disarmed", "preset": "person_single", "single_auto": true, "ts": 1783052962.574}
{"armed": false, "event": "idle_disarmed", "preset": "person_single", "single_auto": true, "ts": 1783052962.574}
{"armed": false, "event": "idle_disarmed", "preset": "person_single", "single_auto": true, "ts": 1783052963.576}
{"armed": false, "event": "idle_disarmed", "preset": "person_single", "single_auto": true, "ts": 1783052963.576}
{"armed": false, "event": "idle_disarmed", "preset": "person_single", "single_auto": true, "ts": 1783052964.579}
{"armed": false, "event": "idle_disarmed", "preset": "person_single", "single_auto": true, "ts": 1783052964.579}
{"armed": false, "event": "idle_disarmed", "preset": "person_single", "single_auto": true, "ts": 1783052965.581}
{"armed": false, "event": "idle_disarmed", "preset": "person_single", "single_auto": true, "ts": 1783052965.581}
{"armed": false, "event": "idle_disarmed", "preset": "person_single", "single_auto": true, "ts": 1783052966.584}
{"armed": false, "event": "idle_disarmed", "preset": "person_single", "single_auto": true, "ts": 1783052966.584}
{"armed": false, "event": "idle_disarmed", "preset": "person_single", "single_auto": true, "ts": 1783052967.586}
{"armed": false, "event": "idle_disarmed", "preset": "person_single", "single_auto": true, "ts": 1783052967.586}
{"armed": false, "event": "idle_disarmed", "preset": "person_single", "single_auto": true, "ts": 1783052968.589}
{"armed": false, "event": "idle_disarmed", "preset": "person_single", "single_auto": true, "ts": 1783052968.589}
{"armed": false, "event": "idle_disarmed", "preset": "person_single", "single_auto": true, "ts": 1783052969.591}
{"armed": false, "event": "idle_disarmed", "preset": "person_single", "single_auto": true, "ts": 1783052969.591}
{"armed": false, "event": "idle_disarmed", "preset": "person_single", "single_auto": true, "ts": 1783052970.594}
{"armed": false, "event": "idle_disarmed", "preset": "person_single", "single_auto": true, "ts": 1783052970.594}
{"armed": false, "event": "idle_disarmed", "preset": "person_single", "single_auto": true, "ts": 1783052971.596}
{"armed": false, "event": "idle_disarmed", "preset": "person_single", "single_auto": true, "ts": 1783052971.596}
{"armed": false, "event": "idle_disarmed", "preset": "person_single", "single_auto": true, "ts": 1783052972.599}
{"armed": false, "event": "idle_disarmed", "preset": "person_single", "single_auto": true, "ts": 1783052972.599}
{"armed": false, "event": "idle_disarmed", "preset": "person_single", "single_auto": true, "ts": 1783052973.601}
{"armed": false, "event": "idle_disarmed", "preset": "person_single", "single_auto": true, "ts": 1783052973.601}
{"armed": false, "event": "idle_disarmed", "preset": "person_single", "single_auto": true, "ts": 1783052974.604}
{"armed": false, "event": "idle_disarmed", "preset": "person_single", "single_auto": true, "ts": 1783052974.604}
{"armed": false, "event": "idle_disarmed", "preset": "person_single", "single_auto": true, "ts": 1783052975.606}
{"armed": false, "event": "idle_disarmed", "preset": "person_single", "single_auto": true, "ts": 1783052975.606}
{"armed": false, "event": "idle_disarmed", "preset": "person_single", "single_auto": true, "ts": 1783052976.609}
{"armed": false, "event": "idle_disarmed", "preset": "person_single", "single_auto": true, "ts": 1783052976.609}
{"armed": false, "event": "idle_disarmed", "preset": "person_single", "single_auto": true, "ts": 1783052977.612}
{"armed": false, "event": "idle_disarmed", "preset": "person_single", "single_auto": true, "ts": 1783052977.612}
{"armed": false, "event": "idle_disarmed", "preset": "person_single", "single_auto": true, "ts": 1783052978.614}
{"armed": false, "event": "idle_disarmed", "preset": "person_single", "single_auto": true, "ts": 1783052978.614}
{"armed": false, "event": "idle_disarmed", "preset": "person_single", "single_auto": true, "ts": 1783052979.616}
{"armed": false, "event": "idle_disarmed", "preset": "person_single", "single_auto": true, "ts": 1783052979.616}
{"armed": false, "event": "idle_disarmed", "preset": "person_single", "single_auto": true, "ts": 1783052980.618}
{"armed": false, "event": "idle_disarmed", "preset": "person_single", "single_auto": true, "ts": 1783052980.618}
{"armed": false, "event": "idle_disarmed", "preset": "person_single", "single_auto": true, "ts": 1783052981.621}
{"armed": false, "event": "idle_disarmed", "preset": "person_single", "single_auto": true, "ts": 1783052981.621}
{"armed": false, "event": "idle_disarmed", "preset": "person_single", "single_auto": true, "ts": 1783052982.623}
{"armed": false, "event": "idle_disarmed", "preset": "person_single", "single_auto": true, "ts": 1783052982.623}
{"armed": false, "event": "idle_disarmed", "preset": "person_single", "single_auto": true, "ts": 1783052983.625}
{"armed": false, "event": "idle_disarmed", "preset": "person_single", "single_auto": true, "ts": 1783052983.625}
{"armed": false, "event": "idle_disarmed", "preset": "person_single", "single_auto": true, "ts": 1783052984.627}
{"armed": false, "event": "idle_disarmed", "preset": "person_single", "single_auto": true, "ts": 1783052984.627}
{"armed": false, "event": "idle_disarmed", "preset": "person_single", "single_auto": true, "ts": 1783052985.63}
{"armed": false, "event": "idle_disarmed", "preset": "person_single", "single_auto": true, "ts": 1783052985.63}
{"armed": false, "event": "idle_disarmed", "preset": "person_single", "single_auto": true, "ts": 1783052986.633}
{"armed": false, "event": "idle_disarmed", "preset": "person_single", "single_auto": true, "ts": 1783052986.633}
{"armed": false, "event": "idle_disarmed", "preset": "person_single", "single_auto": true, "ts": 1783052987.635}
{"armed": false, "event": "idle_disarmed", "preset": "person_single", "single_auto": true, "ts": 1783052987.635}
{"armed": false, "event": "idle_disarmed", "preset": "person_single", "single_auto": true, "ts": 1783052988.638}
{"armed": false, "event": "idle_disarmed", "preset": "person_single", "single_auto": true, "ts": 1783052988.638}
{"armed": false, "event": "idle_disarmed", "preset": "person_single", "single_auto": true, "ts": 1783052989.64}
{"armed": false, "event": "idle_disarmed", "preset": "person_single", "single_auto": true, "ts": 1783052989.64}
{"armed": false, "event": "idle_disarmed", "preset": "person_single", "single_auto": true, "ts": 1783052990.643}
{"armed": false, "event": "idle_disarmed", "preset": "person_single", "single_auto": true, "ts": 1783052990.643}
{"armed": false, "event": "idle_disarmed", "preset": "person_single", "single_auto": true, "ts": 1783052991.645}
{"armed": false, "event": "idle_disarmed", "preset": "person_single", "single_auto": true, "ts": 1783052991.645}
{"armed": false, "event": "idle_disarmed", "preset": "person_single", "single_auto": true, "ts": 1783052992.648}
{"armed": false, "event": "idle_disarmed", "preset": "person_single", "single_auto": true, "ts": 1783052992.648}
{"armed": false, "event": "idle_disarmed", "preset": "person_single", "single_auto": true, "ts": 1783052993.65}
{"armed": false, "event": "idle_disarmed", "preset": "person_single", "single_auto": true, "ts": 1783052993.65}
{"armed": false, "event": "idle_disarmed", "preset": "person_single", "single_auto": true, "ts": 1783052994.653}
{"armed": false, "event": "idle_disarmed", "preset": "person_single", "single_auto": true, "ts": 1783052994.653}
{"armed": false, "event": "idle_disarmed", "preset": "person_single", "single_auto": true, "ts": 1783052995.656}
{"armed": false, "event": "idle_disarmed", "preset": "person_single", "single_auto": true, "ts": 1783052995.656}
{"armed": false, "event": "idle_disarmed", "preset": "person_single", "single_auto": true, "ts": 1783052996.658}
{"armed": false, "event": "idle_disarmed", "preset": "person_single", "single_auto": true, "ts": 1783052996.658}
{"armed": false, "event": "idle_disarmed", "preset": "person_single", "single_auto": true, "ts": 1783052997.661}
{"armed": false, "event": "idle_disarmed", "preset": "person_single", "single_auto": true, "ts": 1783052997.661}
{"armed": false, "event": "idle_disarmed", "preset": "person_single", "single_auto": true, "ts": 1783052998.663}
{"armed": false, "event": "idle_disarmed", "preset": "person_single", "single_auto": true, "ts": 1783052998.663}
{"armed": false, "event": "idle_disarmed", "preset": "person_single", "single_auto": true, "ts": 1783052999.667}
{"armed": false, "event": "idle_disarmed", "preset": "person_single", "single_auto": true, "ts": 1783052999.667}
{"armed": false, "event": "idle_disarmed", "preset": "person_single", "single_auto": true, "ts": 1783053000.67}
{"armed": false, "event": "idle_disarmed", "preset": "person_single", "single_auto": true, "ts": 1783053000.67}
{"armed": false, "event": "idle_disarmed", "preset": "person_single", "single_auto": true, "ts": 1783053001.673}
{"armed": false, "event": "idle_disarmed", "preset": "person_single", "single_auto": true, "ts": 1783053001.673}
{"armed": false, "event": "idle_disarmed", "preset": "person_single", "single_auto": true, "ts": 1783053002.676}
{"armed": false, "event": "idle_disarmed", "preset": "person_single", "single_auto": true, "ts": 1783053002.676}
{"armed": false, "event": "idle_disarmed", "preset": "person_single", "single_auto": true, "ts": 1783053003.68}
{"armed": false, "event": "idle_disarmed", "preset": "person_single", "single_auto": true, "ts": 1783053003.68}
{"armed": false, "event": "idle_disarmed", "preset": "person_single", "single_auto": true, "ts": 1783053004.683}
{"armed": false, "event": "idle_disarmed", "preset": "person_single", "single_auto": true, "ts": 1783053004.683}
{"armed": false, "event": "idle_disarmed", "preset": "person_single", "single_auto": true, "ts": 1783053005.686}
{"armed": false, "event": "idle_disarmed", "preset": "person_single", "single_auto": true, "ts": 1783053005.686}
{"armed": false, "event": "idle_disarmed", "preset": "person_single", "single_auto": true, "ts": 1783053006.689}
{"armed": false, "event": "idle_disarmed", "preset": "person_single", "single_auto": true, "ts": 1783053006.689}
{"armed": false, "event": "idle_disarmed", "preset": "person_single", "single_auto": true, "ts": 1783053007.693}
{"armed": false, "event": "idle_disarmed", "preset": "person_single", "single_auto": true, "ts": 1783053007.693}
{"armed": false, "event": "idle_disarmed", "preset": "person_single", "single_auto": true, "ts": 1783053008.696}
{"armed": false, "event": "idle_disarmed", "preset": "person_single", "single_auto": true, "ts": 1783053008.696}
{"armed": false, "event": "idle_disarmed", "preset": "person_single", "single_auto": true, "ts": 1783053009.699}
{"armed": false, "event": "idle_disarmed", "preset": "person_single", "single_auto": true, "ts": 1783053009.699}
{"armed": false, "event": "idle_disarmed", "preset": "person_single", "single_auto": true, "ts": 1783053010.702}
{"armed": false, "event": "idle_disarmed", "preset": "person_single", "single_auto": true, "ts": 1783053010.702}
{"armed": false, "event": "idle_disarmed", "preset": "person_single", "single_auto": true, "ts": 1783053011.706}
{"armed": false, "event": "idle_disarmed", "preset": "person_single", "single_auto": true, "ts": 1783053011.706}
{"armed": false, "event": "idle_disarmed", "preset": "person_single", "single_auto": true, "ts": 1783053012.707}
{"armed": false, "event": "idle_disarmed", "preset": "person_single", "single_auto": true, "ts": 1783053012.707}
{"armed": false, "event": "idle_disarmed", "preset": "person_single", "single_auto": true, "ts": 1783053013.708}
{"armed": false, "event": "idle_disarmed", "preset": "person_single", "single_auto": true, "ts": 1783053013.708}
{"armed": false, "event": "idle_disarmed", "preset": "person_single", "single_auto": true, "ts": 1783053014.711}
{"armed": false, "event": "idle_disarmed", "preset": "person_single", "single_auto": true, "ts": 1783053014.711}
{"armed": false, "event": "idle_disarmed", "preset": "person_single", "single_auto": true, "ts": 1783053015.714}
{"armed": false, "event": "idle_disarmed", "preset": "person_single", "single_auto": true, "ts": 1783053015.714}
{"armed": false, "event": "idle_disarmed", "preset": "person_single", "single_auto": true, "ts": 1783053016.717}
{"armed": false, "event": "idle_disarmed", "preset": "person_single", "single_auto": true, "ts": 1783053016.717}
{"armed": false, "event": "idle_disarmed", "preset": "person_single", "single_auto": true, "ts": 1783053017.72}
{"armed": false, "event": "idle_disarmed", "preset": "person_single", "single_auto": true, "ts": 1783053017.72}
{"armed": false, "event": "idle_disarmed", "preset": "person_single", "single_auto": true, "ts": 1783053018.722}
{"armed": false, "event": "idle_disarmed", "preset": "person_single", "single_auto": true, "ts": 1783053018.722}
{"armed": false, "event": "idle_disarmed", "preset": "person_single", "single_auto": true, "ts": 1783053019.725}
{"armed": false, "event": "idle_disarmed", "preset": "person_single", "single_auto": true, "ts": 1783053019.725}
{"armed": false, "event": "idle_disarmed", "preset": "person_single", "single_auto": true, "ts": 1783053020.727}
{"armed": false, "event": "idle_disarmed", "preset": "person_single", "single_auto": true, "ts": 1783053020.727}
{"armed": false, "event": "idle_disarmed", "preset": "person_single", "single_auto": true, "ts": 1783053021.73}
{"armed": false, "event": "idle_disarmed", "preset": "person_single", "single_auto": true, "ts": 1783053021.73}
{"armed": false, "event": "idle_disarmed", "preset": "person_single", "single_auto": true, "ts": 1783053022.733}
{"armed": false, "event": "idle_disarmed", "preset": "person_single", "single_auto": true, "ts": 1783053022.733}
{"armed": false, "event": "idle_disarmed", "preset": "person_single", "single_auto": true, "ts": 1783053023.736}
{"armed": false, "event": "idle_disarmed", "preset": "person_single", "single_auto": true, "ts": 1783053023.736}
{"armed": false, "event": "idle_disarmed", "preset": "person_single", "single_auto": true, "ts": 1783053024.739}
{"armed": false, "event": "idle_disarmed", "preset": "person_single", "single_auto": true, "ts": 1783053024.739}
{"armed": false, "event": "idle_disarmed", "preset": "person_single", "single_auto": true, "ts": 1783053025.743}
{"armed": false, "event": "idle_disarmed", "preset": "person_single", "single_auto": true, "ts": 1783053025.743}
{"armed": false, "event": "idle_disarmed", "preset": "person_single", "single_auto": true, "ts": 1783053026.746}
{"armed": false, "event": "idle_disarmed", "preset": "person_single", "single_auto": true, "ts": 1783053026.746}
{"armed": false, "event": "idle_disarmed", "preset": "person_single", "single_auto": true, "ts": 1783053027.749}
{"armed": false, "event": "idle_disarmed", "preset": "person_single", "single_auto": true, "ts": 1783053027.749}
{"armed": false, "event": "idle_disarmed", "preset": "person_single", "single_auto": true, "ts": 1783053028.752}
{"armed": false, "event": "idle_disarmed", "preset": "person_single", "single_auto": true, "ts": 1783053028.752}
{"armed": false, "event": "idle_disarmed", "preset": "person_single", "single_auto": true, "ts": 1783053029.756}
{"armed": false, "event": "idle_disarmed", "preset": "person_single", "single_auto": true, "ts": 1783053029.756}
{"armed": false, "event": "idle_disarmed", "preset": "person_single", "single_auto": true, "ts": 1783053030.759}
{"armed": false, "event": "idle_disarmed", "preset": "person_single", "single_auto": true, "ts": 1783053030.759}
{"armed": false, "event": "idle_disarmed", "preset": "person_single", "single_auto": true, "ts": 1783053031.762}
{"armed": false, "event": "idle_disarmed", "preset": "person_single", "single_auto": true, "ts": 1783053031.762}
{"armed": false, "event": "idle_disarmed", "preset": "person_single", "single_auto": true, "ts": 1783053032.765}
{"armed": false, "event": "idle_disarmed", "preset": "person_single", "single_auto": true, "ts": 1783053032.765}
{"armed": false, "event": "idle_disarmed", "preset": "person_single", "single_auto": true, "ts": 1783053033.769}
{"armed": false, "event": "idle_disarmed", "preset": "person_single", "single_auto": true, "ts": 1783053033.769}
{"armed": false, "event": "idle_disarmed", "preset": "person_single", "single_auto": true, "ts": 1783053034.772}
{"armed": false, "event": "idle_disarmed", "preset": "person_single", "single_auto": true, "ts": 1783053034.772}
{"armed": false, "event": "idle_disarmed", "preset": "person_single", "single_auto": true, "ts": 1783053035.775}
{"armed": false, "event": "idle_disarmed", "preset": "person_single", "single_auto": true, "ts": 1783053035.775}
{"armed": false, "event": "idle_disarmed", "preset": "person_single", "single_auto": true, "ts": 1783053036.778}
{"armed": false, "event": "idle_disarmed", "preset": "person_single", "single_auto": true, "ts": 1783053036.778}
{"armed": false, "event": "idle_disarmed", "preset": "person_single", "single_auto": true, "ts": 1783053037.78}
{"armed": false, "event": "idle_disarmed", "preset": "person_single", "single_auto": true, "ts": 1783053037.78}
{"armed": false, "event": "idle_disarmed", "preset": "person_single", "single_auto": true, "ts": 1783053038.781}
{"armed": false, "event": "idle_disarmed", "preset": "person_single", "single_auto": true, "ts": 1783053038.781}
{"armed": false, "event": "idle_disarmed", "preset": "person_single", "single_auto": true, "ts": 1783053039.784}
{"armed": false, "event": "idle_disarmed", "preset": "person_single", "single_auto": true, "ts": 1783053039.784}
{"armed": false, "event": "idle_disarmed", "preset": "person_single", "single_auto": true, "ts": 1783053040.787}
{"armed": false, "event": "idle_disarmed", "preset": "person_single", "single_auto": true, "ts": 1783053040.787}
{"armed": false, "event": "idle_disarmed", "preset": "person_single", "single_auto": true, "ts": 1783053041.79}
{"armed": false, "event": "idle_disarmed", "preset": "person_single", "single_auto": true, "ts": 1783053041.79}
{"armed": false, "event": "idle_disarmed", "preset": "person_single", "single_auto": true, "ts": 1783053042.793}
{"armed": false, "event": "idle_disarmed", "preset": "person_single", "single_auto": true, "ts": 1783053042.793}
{"armed": false, "event": "idle_disarmed", "preset": "person_single", "single_auto": true, "ts": 1783053043.797}
{"armed": false, "event": "idle_disarmed", "preset": "person_single", "single_auto": true, "ts": 1783053043.797}
{"armed": false, "event": "idle_disarmed", "preset": "person_single", "single_auto": true, "ts": 1783053044.8}
{"armed": false, "event": "idle_disarmed", "preset": "person_single", "single_auto": true, "ts": 1783053044.8}
{"armed": false, "event": "idle_disarmed", "preset": "person_single", "single_auto": true, "ts": 1783053045.803}
{"armed": false, "event": "idle_disarmed", "preset": "person_single", "single_auto": true, "ts": 1783053045.803}
{"armed": false, "event": "idle_disarmed", "preset": "person_single", "single_auto": true, "ts": 1783053046.805}
{"armed": false, "event": "idle_disarmed", "preset": "person_single", "single_auto": true, "ts": 1783053046.805}
{"armed": false, "event": "idle_disarmed", "preset": "person_single", "single_auto": true, "ts": 1783053047.808}
{"armed": false, "event": "idle_disarmed", "preset": "person_single", "single_auto": true, "ts": 1783053047.808}
{"armed": false, "event": "idle_disarmed", "preset": "person_single", "single_auto": true, "ts": 1783053048.81}
{"armed": false, "event": "idle_disarmed", "preset": "person_single", "single_auto": true, "ts": 1783053048.81}
{"armed": false, "event": "idle_disarmed", "preset": "person_single", "single_auto": true, "ts": 1783053049.813}
{"armed": false, "event": "idle_disarmed", "preset": "person_single", "single_auto": true, "ts": 1783053049.813}
{"armed": false, "event": "idle_disarmed", "preset": "person_single", "single_auto": true, "ts": 1783053050.816}
{"armed": false, "event": "idle_disarmed", "preset": "person_single", "single_auto": true, "ts": 1783053050.816}
{"armed": false, "event": "idle_disarmed", "preset": "person_single", "single_auto": true, "ts": 1783053051.819}
{"armed": false, "event": "idle_disarmed", "preset": "person_single", "single_auto": true, "ts": 1783053051.819}
{"armed": false, "event": "idle_disarmed", "preset": "person_single", "single_auto": true, "ts": 1783053052.822}
{"armed": false, "event": "idle_disarmed", "preset": "person_single", "single_auto": true, "ts": 1783053052.822}
{"armed": false, "event": "idle_disarmed", "preset": "person_single", "single_auto": true, "ts": 1783053053.825}
{"armed": false, "event": "idle_disarmed", "preset": "person_single", "single_auto": true, "ts": 1783053053.825}
{"armed": false, "event": "idle_disarmed", "preset": "person_single", "single_auto": true, "ts": 1783053054.828}
{"armed": false, "event": "idle_disarmed", "preset": "person_single", "single_auto": true, "ts": 1783053054.828}
{"armed": false, "event": "idle_disarmed", "preset": "person_single", "single_auto": true, "ts": 1783053055.83}
{"armed": false, "event": "idle_disarmed", "preset": "person_single", "single_auto": true, "ts": 1783053055.83}
{"armed": false, "event": "idle_disarmed", "preset": "person_single", "single_auto": true, "ts": 1783053056.832}
{"armed": false, "event": "idle_disarmed", "preset": "person_single", "single_auto": true, "ts": 1783053056.832}
{"armed": false, "event": "idle_disarmed", "preset": "person_single", "single_auto": true, "ts": 1783053057.834}
{"armed": false, "event": "idle_disarmed", "preset": "person_single", "single_auto": true, "ts": 1783053057.834}
{"armed": false, "event": "idle_disarmed", "preset": "person_single", "single_auto": true, "ts": 1783053058.837}
{"armed": false, "event": "idle_disarmed", "preset": "person_single", "single_auto": true, "ts": 1783053058.837}
{"armed": false, "event": "idle_disarmed", "preset": "person_single", "single_auto": true, "ts": 1783053059.839}
{"armed": false, "event": "idle_disarmed", "preset": "person_single", "single_auto": true, "ts": 1783053059.839}
{"armed": false, "event": "idle_disarmed", "preset": "person_single", "single_auto": true, "ts": 1783053060.842}
{"armed": false, "event": "idle_disarmed", "preset": "person_single", "single_auto": true, "ts": 1783053060.842}
{"armed": false, "event": "idle_disarmed", "preset": "person_single", "single_auto": true, "ts": 1783053061.844}
{"armed": false, "event": "idle_disarmed", "preset": "person_single", "single_auto": true, "ts": 1783053061.844}
{"armed": false, "event": "idle_disarmed", "preset": "person_single", "single_auto": true, "ts": 1783053062.847}
{"armed": false, "event": "idle_disarmed", "preset": "person_single", "single_auto": true, "ts": 1783053062.847}
{"armed": false, "event": "idle_disarmed", "preset": "person_single", "single_auto": true, "ts": 1783053063.849}
{"armed": false, "event": "idle_disarmed", "preset": "person_single", "single_auto": true, "ts": 1783053063.849}
{"armed": false, "event": "idle_disarmed", "preset": "person_single", "single_auto": true, "ts": 1783053064.852}
{"armed": false, "event": "idle_disarmed", "preset": "person_single", "single_auto": true, "ts": 1783053064.852}
{"armed": false, "event": "idle_disarmed", "preset": "person_single", "single_auto": true, "ts": 1783053065.854}
{"armed": false, "event": "idle_disarmed", "preset": "person_single", "single_auto": true, "ts": 1783053065.854}
{"armed": false, "event": "idle_disarmed", "preset": "person_single", "single_auto": true, "ts": 1783053066.857}
{"armed": false, "event": "idle_disarmed", "preset": "person_single", "single_auto": true, "ts": 1783053066.857}
{"armed": false, "event": "idle_disarmed", "preset": "person_single", "single_auto": true, "ts": 1783053067.859}
{"armed": false, "event": "idle_disarmed", "preset": "person_single", "single_auto": true, "ts": 1783053067.859}
{"armed": false, "event": "idle_disarmed", "preset": "person_single", "single_auto": true, "ts": 1783053068.862}
{"armed": false, "event": "idle_disarmed", "preset": "person_single", "single_auto": true, "ts": 1783053068.862}
{"armed": false, "event": "idle_disarmed", "preset": "person_single", "single_auto": true, "ts": 1783053069.865}
{"armed": false, "event": "idle_disarmed", "preset": "person_single", "single_auto": true, "ts": 1783053069.865}
{"armed": false, "event": "idle_disarmed", "preset": "person_single", "single_auto": true, "ts": 1783053070.867}
{"armed": false, "event": "idle_disarmed", "preset": "person_single", "single_auto": true, "ts": 1783053070.867}
{"archived": "/root/rknpu2/examples/rknn_yolov8_demo_opencv_2_work_2/new_yolo8/logs/session_20260703_043111_daemon_signal_15", "event": "logs_archived", "reason": "daemon_signal_15", "ts": 1783053071.242}
{"archived": "/root/rknpu2/examples/rknn_yolov8_demo_opencv_2_work_2/new_yolo8/logs/session_20260703_043111_daemon_signal_15", "event": "logs_archived", "reason": "daemon_signal_15", "ts": 1783053071.242}
{"event": "daemon_stop", "signal": 15, "ts": 1783053071.243}
{"event": "daemon_stop", "signal": 15, "ts": 1783053071.243}
{"event": "daemon_start", "pid": 21939, "ts": 1783053088.069}
{"event": "daemon_start", "pid": 21939, "ts": 1783053088.069}
{"armed": false, "event": "idle_disarmed", "preset": "person_single", "single_auto": true, "ts": 1783053088.07}
{"armed": false, "event": "idle_disarmed", "preset": "person_single", "single_auto": true, "ts": 1783053088.07}
{"armed": false, "event": "idle_disarmed", "preset": "person_single", "single_auto": true, "ts": 1783053089.071}
{"armed": false, "event": "idle_disarmed", "preset": "person_single", "single_auto": true, "ts": 1783053089.071}
