{"armed": false, "event": "idle_disarmed", "preset": "car_single", "single_auto": true, "ts": 1782985580.325}
{"armed": false, "event": "idle_disarmed", "preset": "car_single", "single_auto": true, "ts": 1782985581.328}
{"armed": false, "event": "idle_disarmed", "preset": "car_single", "single_auto": true, "ts": 1782985582.331}
{"armed": false, "event": "idle_disarmed", "preset": "car_single", "single_auto": true, "ts": 1782985583.333}
{"armed": false, "event": "idle_disarmed", "preset": "car_single", "single_auto": true, "ts": 1782985584.335}
{"cmd": ["/usr/bin/python3", "/root/rknpu2/examples/rknn_yolov8_demo_opencv_2_work_2/new_yolo8/apply_ptz_object_preset.py", "--preset", "car_single", "--arm", "force", "--strategy", "preset", "--watch"], "event": "child_start", "pid": 229093, "preset": "car_single", "search_preset": "lost_step_wait", "ts": 1782985585.339}
{"event": "child_stop", "pid": 229093, "preset": "car_single::lost_step_wait", "reason": "ptzArmed_false", "ts": 1782985586.341}
{"archived": "/root/rknpu2/examples/rknn_yolov8_demo_opencv_2_work_2/new_yolo8/logs/session_20260702_094626_ptzArmed_false", "event": "logs_archived", "reason": "ptzArmed_false", "ts": 1782985586.395}
{"armed": false, "event": "idle_disarmed", "preset": "car_single", "single_auto": true, "ts": 1782985586.396}
{"armed": false, "event": "idle_disarmed", "preset": "car_single", "single_auto": true, "ts": 1782985587.398}
{"armed": false, "event": "idle_disarmed", "preset": "car_single", "single_auto": true, "ts": 1782985588.401}
{"armed": false, "event": "idle_disarmed", "preset": "car_single", "single_auto": true, "ts": 1782985589.403}
{"armed": false, "event": "idle_disarmed", "preset": "car_single", "single_auto": true, "ts": 1782985590.406}
{"armed": false, "event": "idle_disarmed", "preset": "cars", "single_auto": false, "ts": 1782985591.408}
{"armed": false, "event": "idle_disarmed", "preset": "cars", "single_auto": false, "ts": 1782985592.411}
{"armed": false, "event": "idle_disarmed", "preset": "car_single", "single_auto": true, "ts": 1782985593.413}
{"armed": false, "event": "idle_disarmed", "preset": "car_single", "single_auto": true, "ts": 1782985594.415}
{"armed": false, "event": "idle_disarmed", "preset": "cars", "single_auto": false, "ts": 1782985595.418}
{"armed": false, "event": "idle_disarmed", "preset": "cars", "single_auto": false, "ts": 1782985596.42}
{"armed": false, "event": "idle_disarmed", "preset": "car_single", "single_auto": true, "ts": 1782985597.422}
{"armed": false, "event": "idle_disarmed", "preset": "car_single", "single_auto": true, "ts": 1782985598.424}
{"armed": false, "event": "idle_disarmed", "preset": "car_single", "single_auto": true, "ts": 1782985599.427}
{"armed": false, "event": "idle_disarmed", "preset": "person_single", "single_auto": true, "ts": 1782985600.429}
{"armed": false, "event": "idle_disarmed", "preset": "person_single", "single_auto": true, "ts": 1782985601.432}
{"armed": false, "event": "idle_disarmed", "preset": "person_single", "single_auto": true, "ts": 1782985602.434}
{"armed": false, "event": "idle_disarmed", "preset": "car_single", "single_auto": true, "ts": 1782985603.436}
{"armed": false, "event": "idle_disarmed", "preset": "car_single", "single_auto": true, "ts": 1782985604.439}
{"armed": false, "event": "idle_disarmed", "preset": "car_single", "single_auto": true, "ts": 1782985605.441}
{"armed": false, "event": "idle_disarmed", "preset": "car_single", "single_auto": true, "ts": 1782985606.444}
{"armed": false, "event": "idle_disarmed", "preset": "car_single", "single_auto": true, "ts": 1782985607.446}
{"armed": false, "event": "idle_disarmed", "preset": "car_single", "single_auto": true, "ts": 1782985608.449}
{"armed": false, "event": "idle_disarmed", "preset": "car_single", "single_auto": true, "ts": 1782985609.451}
{"armed": false, "event": "idle_disarmed", "preset": "person_single", "single_auto": true, "ts": 1782985610.454}
{"armed": false, "event": "idle_disarmed", "preset": "person_single", "single_auto": true, "ts": 1782985611.456}
{"armed": false, "event": "idle_disarmed", "preset": "car_single", "single_auto": true, "ts": 1782985612.458}
{"armed": false, "event": "idle_disarmed", "preset": "car_single", "single_auto": true, "ts": 1782985613.461}
{"armed": false, "event": "idle_disarmed", "preset": "car_single", "single_auto": true, "ts": 1782985614.463}
{"armed": false, "event": "idle_disarmed", "preset": "car_single", "single_auto": true, "ts": 1782985615.466}
{"armed": false, "event": "idle_disarmed", "preset": "car_single", "single_auto": true, "ts": 1782985616.468}
{"armed": false, "event": "idle_disarmed", "preset": "car_single", "single_auto": true, "ts": 1782985617.471}
{"armed": false, "event": "idle_disarmed", "preset": "car_single", "single_auto": true, "ts": 1782985618.473}
{"armed": false, "event": "idle_disarmed", "preset": "car_single", "single_auto": true, "ts": 1782985619.476}
{"armed": false, "event": "idle_disarmed", "preset": "car_single", "single_auto": true, "ts": 1782985620.478}
{"armed": false, "event": "idle_disarmed", "preset": "car_single", "single_auto": true, "ts": 1782985621.48}
{"armed": false, "event": "idle_disarmed", "preset": "car_single", "single_auto": true, "ts": 1782985622.483}
{"armed": false, "event": "idle_disarmed", "preset": "car_single", "single_auto": true, "ts": 1782985623.486}
{"armed": false, "event": "idle_disarmed", "preset": "car_single", "single_auto": true, "ts": 1782985624.488}
{"armed": false, "event": "idle_disarmed", "preset": "car_single", "single_auto": true, "ts": 1782985625.491}
{"armed": false, "event": "idle_disarmed", "preset": "car_single", "single_auto": true, "ts": 1782985626.493}
{"armed": false, "event": "idle_disarmed", "preset": "car_single", "single_auto": true, "ts": 1782985627.496}
{"armed": false, "event": "idle_disarmed", "preset": "car_single", "single_auto": true, "ts": 1782985628.498}
{"armed": false, "event": "idle_disarmed", "preset": "car_single", "single_auto": true, "ts": 1782985629.5}
{"armed": false, "event": "idle_disarmed", "preset": "car_single", "single_auto": true, "ts": 1782985630.503}
{"armed": false, "event": "idle_disarmed", "preset": "car_single", "single_auto": true, "ts": 1782985631.505}
{"armed": false, "event": "idle_disarmed", "preset": "car_single", "single_auto": true, "ts": 1782985632.508}
{"armed": false, "event": "idle_disarmed", "preset": "car_single", "single_auto": true, "ts": 1782985633.511}
{"armed": false, "event": "idle_disarmed", "preset": "car_single", "single_auto": true, "ts": 1782985634.513}
{"armed": false, "event": "idle_disarmed", "preset": "car_single", "single_auto": true, "ts": 1782985635.516}
{"armed": false, "event": "idle_disarmed", "preset": "car_single", "single_auto": true, "ts": 1782985636.518}
{"armed": false, "event": "idle_disarmed", "preset": "car_single", "single_auto": true, "ts": 1782985637.521}
{"armed": false, "event": "idle_disarmed", "preset": "car_single", "single_auto": true, "ts": 1782985638.523}
{"armed": false, "event": "idle_disarmed", "preset": "car_single", "single_auto": true, "ts": 1782985639.526}
{"armed": false, "event": "idle_disarmed", "preset": "car_single", "single_auto": true, "ts": 1782985640.528}
{"armed": false, "event": "idle_disarmed", "preset": "car_single", "single_auto": true, "ts": 1782985641.531}
{"armed": false, "event": "idle_disarmed", "preset": "car_single", "single_auto": true, "ts": 1782985642.533}
{"armed": false, "event": "idle_disarmed", "preset": "car_single", "single_auto": true, "ts": 1782985643.535}
{"armed": false, "event": "idle_disarmed", "preset": "car_single", "single_auto": true, "ts": 1782985644.538}
{"armed": false, "event": "idle_disarmed", "preset": "car_single", "single_auto": true, "ts": 1782985645.54}
{"armed": false, "event": "idle_disarmed", "preset": "car_single", "single_auto": true, "ts": 1782985646.543}
{"armed": false, "event": "idle_disarmed", "preset": "car_single", "single_auto": true, "ts": 1782985647.545}
{"armed": false, "event": "idle_disarmed", "preset": "car_single", "single_auto": true, "ts": 1782985648.548}
{"armed": false, "event": "idle_disarmed", "preset": "car_single", "single_auto": true, "ts": 1782985649.551}
{"armed": false, "event": "idle_disarmed", "preset": "car_single", "single_auto": true, "ts": 1782985650.553}
{"armed": false, "event": "idle_disarmed", "preset": "car_single", "single_auto": true, "ts": 1782985651.555}
{"armed": false, "event": "idle_disarmed", "preset": "car_single", "single_auto": true, "ts": 1782985652.558}
{"armed": false, "event": "idle_disarmed", "preset": "car_single", "single_auto": true, "ts": 1782985653.56}
{"armed": false, "event": "idle_disarmed", "preset": "car_single", "single_auto": true, "ts": 1782985654.563}
{"armed": false, "event": "idle_disarmed", "preset": "car_single", "single_auto": true, "ts": 1782985655.566}
{"armed": false, "event": "idle_disarmed", "preset": "car_single", "single_auto": true, "ts": 1782985656.568}
{"armed": false, "event": "idle_disarmed", "preset": "car_single", "single_auto": true, "ts": 1782985657.57}
{"armed": false, "event": "idle_disarmed", "preset": "car_single", "single_auto": true, "ts": 1782985658.573}
{"armed": false, "event": "idle_disarmed", "preset": "car_single", "single_auto": true, "ts": 1782985659.575}
{"armed": false, "event": "idle_disarmed", "preset": "car_single", "single_auto": true, "ts": 1782985660.578}
{"armed": false, "event": "idle_disarmed", "preset": "car_single", "single_auto": true, "ts": 1782985661.58}
{"armed": false, "event": "idle_disarmed", "preset": "car_single", "single_auto": true, "ts": 1782985662.582}
{"armed": false, "event": "idle_disarmed", "preset": "car_single", "single_auto": true, "ts": 1782985663.585}
{"armed": false, "event": "idle_disarmed", "preset": "car_single", "single_auto": true, "ts": 1782985664.587}
{"armed": false, "event": "idle_disarmed", "preset": "car_single", "single_auto": true, "ts": 1782985665.59}
{"armed": false, "event": "idle_disarmed", "preset": "car_single", "single_auto": true, "ts": 1782985666.592}
{"armed": false, "event": "idle_disarmed", "preset": "car_single", "single_auto": true, "ts": 1782985667.595}
{"armed": false, "event": "idle_disarmed", "preset": "car_single", "single_auto": true, "ts": 1782985668.597}
{"armed": false, "event": "idle_disarmed", "preset": "car_single", "single_auto": true, "ts": 1782985669.599}
{"armed": false, "event": "idle_disarmed", "preset": "car_single", "single_auto": true, "ts": 1782985670.602}
{"armed": false, "event": "idle_disarmed", "preset": "car_single", "single_auto": true, "ts": 1782985671.604}
{"armed": false, "event": "idle_disarmed", "preset": "car_single", "single_auto": true, "ts": 1782985672.607}
{"armed": false, "event": "idle_disarmed", "preset": "car_single", "single_auto": true, "ts": 1782985673.609}
{"armed": false, "event": "idle_disarmed", "preset": "car_single", "single_auto": true, "ts": 1782985674.611}
{"armed": false, "event": "idle_disarmed", "preset": "car_single", "single_auto": true, "ts": 1782985675.614}
{"armed": false, "event": "idle_disarmed", "preset": "car_single", "single_auto": true, "ts": 1782985676.616}
{"armed": false, "event": "idle_disarmed", "preset": "car_single", "single_auto": true, "ts": 1782985677.619}
{"armed": false, "event": "idle_disarmed", "preset": "car_single", "single_auto": true, "ts": 1782985678.622}
{"armed": false, "event": "idle_disarmed", "preset": "car_single", "single_auto": true, "ts": 1782985679.624}
{"armed": false, "event": "idle_disarmed", "preset": "car_single", "single_auto": true, "ts": 1782985680.626}
{"armed": false, "event": "idle_disarmed", "preset": "car_single", "single_auto": true, "ts": 1782985681.629}
{"armed": false, "event": "idle_disarmed", "preset": "car_single", "single_auto": true, "ts": 1782985682.631}
{"armed": false, "event": "idle_disarmed", "preset": "car_single", "single_auto": true, "ts": 1782985683.633}
{"armed": false, "event": "idle_disarmed", "preset": "car_single", "single_auto": true, "ts": 1782985684.636}
{"armed": false, "event": "idle_disarmed", "preset": "car_single", "single_auto": true, "ts": 1782985685.639}
{"armed": false, "event": "idle_disarmed", "preset": "car_single", "single_auto": true, "ts": 1782985686.641}
{"armed": false, "event": "idle_disarmed", "preset": "car_single", "single_auto": true, "ts": 1782985687.644}
{"armed": false, "event": "idle_disarmed", "preset": "car_single", "single_auto": true, "ts": 1782985688.647}
{"armed": false, "event": "idle_disarmed", "preset": "car_single", "single_auto": true, "ts": 1782985689.649}
{"armed": false, "event": "idle_disarmed", "preset": "car_single", "single_auto": true, "ts": 1782985690.652}
{"armed": false, "event": "idle_disarmed", "preset": "car_single", "single_auto": true, "ts": 1782985691.654}
{"armed": false, "event": "idle_disarmed", "preset": "car_single", "single_auto": true, "ts": 1782985692.656}
{"armed": false, "event": "idle_disarmed", "preset": "car_single", "single_auto": true, "ts": 1782985693.659}
{"armed": false, "event": "idle_disarmed", "preset": "car_single", "single_auto": true, "ts": 1782985694.661}
{"armed": false, "event": "idle_disarmed", "preset": "car_single", "single_auto": true, "ts": 1782985695.663}
{"armed": false, "event": "idle_disarmed", "preset": "car_single", "single_auto": true, "ts": 1782985696.666}
{"armed": false, "event": "idle_disarmed", "preset": "car_single", "single_auto": true, "ts": 1782985697.668}
{"armed": false, "event": "idle_disarmed", "preset": "car_single", "single_auto": true, "ts": 1782985698.671}
{"armed": false, "event": "idle_disarmed", "preset": "car_single", "single_auto": true, "ts": 1782985699.674}
{"armed": false, "event": "idle_disarmed", "preset": "car_single", "single_auto": true, "ts": 1782985700.676}
{"armed": false, "event": "idle_disarmed", "preset": "car_single", "single_auto": true, "ts": 1782985701.679}
{"armed": false, "event": "idle_disarmed", "preset": "car_single", "single_auto": true, "ts": 1782985702.682}
{"armed": false, "event": "idle_disarmed", "preset": "car_single", "single_auto": true, "ts": 1782985703.684}
{"armed": false, "event": "idle_disarmed", "preset": "car_single", "single_auto": true, "ts": 1782985704.687}
{"armed": false, "event": "idle_disarmed", "preset": "car_single", "single_auto": true, "ts": 1782985705.689}
{"armed": false, "event": "idle_disarmed", "preset": "car_single", "single_auto": true, "ts": 1782985706.692}
{"armed": false, "event": "idle_disarmed", "preset": "car_single", "single_auto": true, "ts": 1782985707.694}
{"armed": false, "event": "idle_disarmed", "preset": "car_single", "single_auto": true, "ts": 1782985708.697}
{"armed": false, "event": "idle_disarmed", "preset": "car_single", "single_auto": true, "ts": 1782985709.699}
{"armed": false, "event": "idle_disarmed", "preset": "car_single", "single_auto": true, "ts": 1782985710.702}
{"armed": false, "event": "idle_disarmed", "preset": "car_single", "single_auto": true, "ts": 1782985711.704}
{"armed": false, "event": "idle_disarmed", "preset": "car_single", "single_auto": true, "ts": 1782985712.707}
{"armed": false, "event": "idle_disarmed", "preset": "car_single", "single_auto": true, "ts": 1782985713.71}
{"armed": false, "event": "idle_disarmed", "preset": "car_single", "single_auto": true, "ts": 1782985714.713}
{"armed": false, "event": "idle_disarmed", "preset": "car_single", "single_auto": true, "ts": 1782985715.716}
{"armed": false, "event": "idle_disarmed", "preset": "car_single", "single_auto": true, "ts": 1782985716.719}
{"armed": false, "event": "idle_disarmed", "preset": "car_single", "single_auto": true, "ts": 1782985717.721}
{"armed": false, "event": "idle_disarmed", "preset": "car_single", "single_auto": true, "ts": 1782985718.724}
{"armed": false, "event": "idle_disarmed", "preset": "car_single", "single_auto": true, "ts": 1782985719.726}
{"armed": false, "event": "idle_disarmed", "preset": "car_single", "single_auto": true, "ts": 1782985720.729}
{"armed": false, "event": "idle_disarmed", "preset": "car_single", "single_auto": true, "ts": 1782985721.731}
{"armed": false, "event": "idle_disarmed", "preset": "car_single", "single_auto": true, "ts": 1782985722.734}
{"armed": false, "event": "idle_disarmed", "preset": "car_single", "single_auto": true, "ts": 1782985723.736}
{"armed": false, "event": "idle_disarmed", "preset": "car_single", "single_auto": true, "ts": 1782985724.74}
{"armed": false, "event": "idle_disarmed", "preset": "car_single", "single_auto": true, "ts": 1782985725.742}
{"armed": false, "event": "idle_disarmed", "preset": "car_single", "single_auto": true, "ts": 1782985726.745}
{"armed": false, "event": "idle_disarmed", "preset": "car_single", "single_auto": true, "ts": 1782985727.747}
{"armed": false, "event": "idle_disarmed", "preset": "car_single", "single_auto": true, "ts": 1782985728.75}
{"armed": false, "event": "idle_disarmed", "preset": "car_single", "single_auto": true, "ts": 1782985729.752}
{"armed": false, "event": "idle_disarmed", "preset": "car_single", "single_auto": true, "ts": 1782985730.754}
{"armed": false, "event": "idle_disarmed", "preset": "car_single", "single_auto": true, "ts": 1782985731.756}
{"armed": false, "event": "idle_disarmed", "preset": "car_single", "single_auto": true, "ts": 1782985732.759}
{"armed": false, "event": "idle_disarmed", "preset": "car_single", "single_auto": true, "ts": 1782985733.761}
{"armed": false, "event": "idle_disarmed", "preset": "car_single", "single_auto": true, "ts": 1782985734.764}
{"armed": false, "event": "idle_disarmed", "preset": "car_single", "single_auto": true, "ts": 1782985735.766}
{"armed": false, "event": "idle_disarmed", "preset": "car_single", "single_auto": true, "ts": 1782985736.769}
{"armed": false, "event": "idle_disarmed", "preset": "car_single", "single_auto": true, "ts": 1782985737.771}
{"armed": false, "event": "idle_disarmed", "preset": "car_single", "single_auto": true, "ts": 1782985738.774}
{"armed": false, "event": "idle_disarmed", "preset": "car_single", "single_auto": true, "ts": 1782985739.776}
{"armed": false, "event": "idle_disarmed", "preset": "car_single", "single_auto": true, "ts": 1782985740.778}
{"armed": false, "event": "idle_disarmed", "preset": "car_single", "single_auto": true, "ts": 1782985741.781}
{"armed": false, "event": "idle_disarmed", "preset": "car_single", "single_auto": true, "ts": 1782985742.783}
{"armed": false, "event": "idle_disarmed", "preset": "car_single", "single_auto": true, "ts": 1782985743.786}
{"armed": false, "event": "idle_disarmed", "preset": "car_single", "single_auto": true, "ts": 1782985744.788}
{"armed": false, "event": "idle_disarmed", "preset": "car_single", "single_auto": true, "ts": 1782985745.791}
{"armed": false, "event": "idle_disarmed", "preset": "car_single", "single_auto": true, "ts": 1782985746.793}
{"armed": false, "event": "idle_disarmed", "preset": "car_single", "single_auto": true, "ts": 1782985747.796}
{"armed": false, "event": "idle_disarmed", "preset": "car_single", "single_auto": true, "ts": 1782985748.799}
{"armed": false, "event": "idle_disarmed", "preset": "car_single", "single_auto": true, "ts": 1782985749.801}
{"armed": false, "event": "idle_disarmed", "preset": "car_single", "single_auto": true, "ts": 1782985750.804}
{"armed": false, "event": "idle_disarmed", "preset": "car_single", "single_auto": true, "ts": 1782985751.806}
{"armed": false, "event": "idle_disarmed", "preset": "car_single", "single_auto": true, "ts": 1782985752.809}
{"armed": false, "event": "idle_disarmed", "preset": "car_single", "single_auto": true, "ts": 1782985753.811}
{"armed": false, "event": "idle_disarmed", "preset": "car_single", "single_auto": true, "ts": 1782985754.814}
{"armed": false, "event": "idle_disarmed", "preset": "car_single", "single_auto": true, "ts": 1782985755.816}
{"archived": "/root/rknpu2/examples/rknn_yolov8_demo_opencv_2_work_2/new_yolo8/logs/session_20260702_094916_daemon_signal_15", "event": "logs_archived", "reason": "daemon_signal_15", "ts": 1782985756.476}
{"event": "daemon_stop", "signal": 15, "ts": 1782985756.477}
{"event": "daemon_start", "pid": 237606, "ts": 1782985774.447}
{"event": "daemon_start", "pid": 237606, "ts": 1782985774.447}
{"armed": false, "event": "idle_disarmed", "preset": "car_single", "single_auto": true, "ts": 1782985774.448}
{"armed": false, "event": "idle_disarmed", "preset": "car_single", "single_auto": true, "ts": 1782985774.448}
{"armed": false, "event": "idle_disarmed", "preset": "car_single", "single_auto": true, "ts": 1782985775.448}
{"armed": false, "event": "idle_disarmed", "preset": "car_single", "single_auto": true, "ts": 1782985775.448}
{"armed": false, "event": "idle_disarmed", "preset": "car_single", "single_auto": true, "ts": 1782985776.449}
{"armed": false, "event": "idle_disarmed", "preset": "car_single", "single_auto": true, "ts": 1782985776.449}
{"armed": false, "event": "idle_disarmed", "preset": "car_single", "single_auto": true, "ts": 1782985777.451}
{"armed": false, "event": "idle_disarmed", "preset": "car_single", "single_auto": true, "ts": 1782985777.451}
{"armed": false, "event": "idle_disarmed", "preset": "car_single", "single_auto": true, "ts": 1782985778.452}
{"armed": false, "event": "idle_disarmed", "preset": "car_single", "single_auto": true, "ts": 1782985778.452}
{"armed": false, "event": "idle_disarmed", "preset": "car_single", "single_auto": true, "ts": 1782985779.453}
{"armed": false, "event": "idle_disarmed", "preset": "car_single", "single_auto": true, "ts": 1782985779.453}
{"armed": false, "event": "idle_disarmed", "preset": "car_single", "single_auto": true, "ts": 1782985780.454}
{"armed": false, "event": "idle_disarmed", "preset": "car_single", "single_auto": true, "ts": 1782985780.454}
{"armed": false, "event": "idle_disarmed", "preset": "car_single", "single_auto": true, "ts": 1782985781.455}
{"armed": false, "event": "idle_disarmed", "preset": "car_single", "single_auto": true, "ts": 1782985781.455}
{"armed": false, "event": "idle_disarmed", "preset": "car_single", "single_auto": true, "ts": 1782985782.456}
{"armed": false, "event": "idle_disarmed", "preset": "car_single", "single_auto": true, "ts": 1782985782.456}
