2026-07-02 08:35:35 settings persist daemon start
2026-07-02 08:36:13 settings persist daemon stop
2026-07-02 08:37:16 settings persist daemon start
2026-07-02 08:38:20 persisted settings active=person_single search=lost_step_wait custom=[]
2026-07-02 08:38:38 persisted settings active=person_single search=lost_step_wait custom=[]
2026-07-02 08:38:48 persisted settings active=person_single search=lost_step_wait custom=[]
2026-07-02 08:39:16 persisted settings active=person_single search=lost_step_wait custom=[]
2026-07-02 09:05:21 persisted settings active=cars search=lost_step_wait custom=[]
2026-07-02 09:12:57 persisted settings active=car_single search=lost_step_wait custom=['airplane_single', 'airplanes', 'bird_single', 'birds', 'car_single', 'cars', 'people', 'person_single']
2026-07-02 09:13:25 persisted settings active=car_single search=lost_step_wait custom=['airplane_single', 'airplanes', 'bird_single', 'birds', 'car_single', 'cars', 'people', 'person_single']
2026-07-02 09:19:56 persisted settings active=car_single search=lost_step_wait custom=['airplane_single', 'airplanes', 'bird_single', 'birds', 'car_single', 'cars', 'people', 'person_single']
2026-07-02 09:23:07 persisted settings active=person_single search=lost_step_wait custom=[]
2026-07-02 09:23:09 persisted settings active=person_single search=lost_step_wait custom=[]
2026-07-02 09:23:11 persisted settings active=person_single search=lost_step_wait custom=[]
2026-07-02 09:23:29 persisted settings active=person_single search=lost_step_wait custom=[]
2026-07-02 09:42:30 settings persist daemon stop
2026-07-02 09:42:47 settings persist daemon start
2026-07-02 09:44:11 persisted settings active=car_single search=lost_wide_cycle custom=[]
2026-07-02 09:45:21 persisted settings active=person_single search=lost_step_wait custom=[]
2026-07-02 09:45:59 persisted settings active=car_single search=lost_step_wait custom=['car_single']
2026-07-02 09:46:05 persisted settings active=car_single search=lost_step_wait custom=['car_single']
2026-07-02 09:46:09 persisted settings active=car_single search=lost_step_wait custom=['car_single']
2026-07-02 09:46:11 persisted settings active=car_single search=lost_step_wait custom=['car_single']
2026-07-02 09:46:25 persisted settings active=car_single search=lost_step_wait custom=['car_single']
2026-07-02 09:46:39 persisted settings active=person_single search=lost_step_wait custom=[]
2026-07-02 09:46:49 persisted settings active=person_single search=lost_step_wait custom=[]
2026-07-02 09:49:18 settings persist daemon stop
2026-07-02 09:49:34 settings persist daemon start
2026-07-02 09:57:47 persisted settings active=car_single search=lost_step_wait custom=['airplane_single', 'airplanes', 'bird_single', 'birds', 'car_single', 'cars', 'people', 'person_single']
2026-07-02 10:09:54 persisted settings active=car_single search=lost_step_wait custom=['airplane_single', 'airplanes', 'bird_single', 'birds', 'car_single', 'cars', 'people', 'person_single']
2026-07-02 10:21:14 skip persist: objectPresetsCustom missing or empty
2026-07-02 10:21:16 skip persist: objectPresetsCustom missing or empty
2026-07-02 10:21:18 skip persist: objectPresetsCustom missing or empty
2026-07-02 10:21:20 skip persist: objectPresetsCustom missing or empty
2026-07-02 10:21:22 skip persist: objectPresetsCustom missing or empty
2026-07-02 10:21:24 skip persist: objectPresetsCustom missing or empty
2026-07-02 10:21:26 persisted settings active=cars search=lost_step_wait custom=['cars']
2026-07-02 10:21:40 skip persist: objectPresetsCustom missing or empty
2026-07-02 10:21:42 skip persist: objectPresetsCustom missing or empty
2026-07-02 10:21:44 skip persist: objectPresetsCustom missing or empty
2026-07-02 10:21:46 skip persist: objectPresetsCustom missing or empty
2026-07-02 10:21:48 skip persist: objectPresetsCustom missing or empty
2026-07-02 10:21:50 skip persist: objectPresetsCustom missing or empty
2026-07-02 10:21:52 skip persist: objectPresetsCustom missing or empty
2026-07-02 10:21:54 skip persist: objectPresetsCustom missing or empty
2026-07-02 10:21:56 skip persist: objectPresetsCustom missing or empty
2026-07-02 10:21:58 skip persist: objectPresetsCustom missing or empty
2026-07-02 10:22:00 skip persist: objectPresetsCustom missing or empty
2026-07-02 10:22:02 skip persist: objectPresetsCustom missing or empty
2026-07-02 10:22:04 skip persist: objectPresetsCustom missing or empty
2026-07-02 10:22:06 skip persist: objectPresetsCustom missing or empty
2026-07-02 10:22:08 skip persist: objectPresetsCustom missing or empty
2026-07-02 10:22:10 skip persist: objectPresetsCustom missing or empty
2026-07-02 10:22:12 skip persist: objectPresetsCustom missing or empty
2026-07-02 10:22:14 skip persist: objectPresetsCustom missing or empty
2026-07-02 10:22:16 skip persist: objectPresetsCustom missing or empty
2026-07-02 10:22:18 skip persist: objectPresetsCustom missing or empty
2026-07-02 10:22:20 skip persist: objectPresetsCustom missing or empty
2026-07-02 10:22:22 skip persist: objectPresetsCustom missing or empty
2026-07-02 10:22:24 skip persist: objectPresetsCustom missing or empty
2026-07-02 10:22:26 skip persist: objectPresetsCustom missing or empty
2026-07-02 10:22:28 skip persist: objectPresetsCustom missing or empty
2026-07-02 10:22:30 skip persist: objectPresetsCustom missing or empty
2026-07-02 10:22:32 skip persist: objectPresetsCustom missing or empty
2026-07-02 10:22:34 skip persist: objectPresetsCustom missing or empty
2026-07-02 10:22:36 skip persist: objectPresetsCustom missing or empty
2026-07-02 10:22:38 skip persist: objectPresetsCustom missing or empty
2026-07-02 10:22:40 skip persist: objectPresetsCustom missing or empty
2026-07-02 10:22:42 skip persist: objectPresetsCustom missing or empty
2026-07-02 10:22:44 skip persist: objectPresetsCustom missing or empty
2026-07-02 10:22:46 skip persist: objectPresetsCustom missing or empty
2026-07-02 10:22:48 skip persist: objectPresetsCustom missing or empty
2026-07-02 10:22:50 skip persist: objectPresetsCustom missing or empty
2026-07-02 10:22:52 skip persist: objectPresetsCustom missing or empty
2026-07-02 10:22:54 skip persist: objectPresetsCustom missing or empty
2026-07-02 10:22:56 skip persist: objectPresetsCustom missing or empty
2026-07-02 10:22:58 skip persist: objectPresetsCustom missing or empty
2026-07-02 10:23:00 skip persist: objectPresetsCustom missing or empty
2026-07-02 10:23:02 skip persist: objectPresetsCustom missing or empty
2026-07-02 10:23:04 skip persist: objectPresetsCustom missing or empty
2026-07-02 10:23:06 skip persist: objectPresetsCustom missing or empty
2026-07-02 10:23:08 skip persist: objectPresetsCustom missing or empty
2026-07-02 10:23:10 skip persist: objectPresetsCustom missing or empty
2026-07-02 10:23:12 skip persist: objectPresetsCustom missing or empty
2026-07-02 10:23:14 skip persist: objectPresetsCustom missing or empty
2026-07-02 10:23:16 skip persist: objectPresetsCustom missing or empty
2026-07-02 10:23:18 skip persist: objectPresetsCustom missing or empty
2026-07-02 10:23:20 skip persist: objectPresetsCustom missing or empty
2026-07-02 10:23:22 skip persist: objectPresetsCustom missing or empty
2026-07-02 10:23:24 skip persist: objectPresetsCustom missing or empty
2026-07-02 10:23:26 skip persist: objectPresetsCustom missing or empty
2026-07-02 10:23:28 skip persist: objectPresetsCustom missing or empty
2026-07-02 10:23:30 skip persist: objectPresetsCustom missing or empty
2026-07-02 10:23:32 skip persist: objectPresetsCustom missing or empty
2026-07-02 10:23:34 skip persist: objectPresetsCustom missing or empty
2026-07-02 10:23:36 skip persist: objectPresetsCustom missing or empty
2026-07-02 10:23:38 skip persist: objectPresetsCustom missing or empty
2026-07-02 10:23:40 skip persist: objectPresetsCustom missing or empty
2026-07-02 10:23:42 skip persist: objectPresetsCustom missing or empty
2026-07-02 10:23:44 skip persist: objectPresetsCustom missing or empty
2026-07-02 10:23:46 skip persist: objectPresetsCustom missing or empty
2026-07-02 10:23:48 skip persist: objectPresetsCustom missing or empty
2026-07-02 10:23:50 skip persist: objectPresetsCustom missing or empty
2026-07-02 10:23:52 skip persist: objectPresetsCustom missing or empty
2026-07-02 10:23:54 skip persist: objectPresetsCustom missing or empty
2026-07-02 10:23:56 skip persist: objectPresetsCustom missing or empty
2026-07-02 10:23:58 skip persist: objectPresetsCustom missing or empty
2026-07-02 10:24:00 skip persist: objectPresetsCustom missing or empty
