2026-07-31 12:39:52 settings persist daemon start
2026-07-31 12:41:55 skip persist: runtime armed ptzArmed=False controlMode=ptz
2026-07-31 12:41:57 skip persist: runtime armed ptzArmed=False controlMode=ptz
2026-07-31 12:41:59 skip persist: runtime armed ptzArmed=True controlMode=ptz
2026-07-31 12:42:01 skip persist: runtime armed ptzArmed=True controlMode=ptz
2026-07-31 12:42:03 skip persist: runtime armed ptzArmed=True controlMode=ptz
2026-07-31 12:42:05 skip persist: runtime armed ptzArmed=True controlMode=ptz
2026-07-31 12:42:07 skip persist: runtime armed ptzArmed=True controlMode=ptz
2026-07-31 12:42:09 skip persist: runtime armed ptzArmed=True controlMode=ptz
2026-07-31 12:42:11 skip persist: runtime armed ptzArmed=True controlMode=ptz
2026-07-31 12:42:13 skip persist: runtime armed ptzArmed=True controlMode=ptz
2026-07-31 12:42:15 skip persist: runtime armed ptzArmed=True controlMode=ptz
2026-07-31 12:42:17 skip persist: runtime armed ptzArmed=True controlMode=ptz
2026-07-31 12:42:19 skip persist: runtime armed ptzArmed=True controlMode=ptz
2026-07-31 12:42:21 skip persist: runtime armed ptzArmed=True controlMode=ptz
2026-07-31 12:42:23 skip persist: runtime armed ptzArmed=True controlMode=ptz
2026-07-31 12:42:25 skip persist: runtime armed ptzArmed=True controlMode=ptz
2026-07-31 12:42:27 skip persist: runtime armed ptzArmed=True controlMode=ptz
2026-07-31 12:42:29 skip persist: runtime armed ptzArmed=True controlMode=ptz
2026-07-31 12:42:31 skip persist: runtime armed ptzArmed=True controlMode=ptz
2026-07-31 12:42:33 skip persist: runtime armed ptzArmed=True controlMode=ptz
2026-07-31 12:42:35 skip persist: runtime armed ptzArmed=True controlMode=ptz
2026-07-31 12:42:37 skip persist: runtime armed ptzArmed=True controlMode=ptz
2026-07-31 12:42:39 skip persist: runtime armed ptzArmed=True controlMode=ptz
2026-07-31 12:42:41 skip persist: runtime armed ptzArmed=True controlMode=ptz
2026-07-31 12:42:43 skip persist: objectPresetsCustom missing or empty
2026-07-31 12:42:45 skip persist: objectPresetsCustom missing or empty
2026-07-31 12:42:47 skip persist: objectPresetsCustom missing or empty
2026-07-31 12:42:49 skip persist: objectPresetsCustom missing or empty
2026-07-31 12:42:51 skip persist: objectPresetsCustom missing or empty
2026-07-31 12:42:53 skip persist: objectPresetsCustom missing or empty
2026-07-31 12:42:55 skip persist: objectPresetsCustom missing or empty
2026-07-31 12:42:57 skip persist: objectPresetsCustom missing or empty
2026-07-31 12:42:59 skip persist: objectPresetsCustom missing or empty
2026-07-31 12:43:01 skip persist: objectPresetsCustom missing or empty
2026-07-31 12:43:03 skip persist: objectPresetsCustom missing or empty
2026-07-31 12:43:05 skip persist: objectPresetsCustom missing or empty
2026-07-31 12:43:07 skip persist: objectPresetsCustom missing or empty
2026-07-31 12:43:09 skip persist: objectPresetsCustom missing or empty
2026-07-31 12:43:11 skip persist: objectPresetsCustom missing or empty
2026-07-31 12:43:13 skip persist: objectPresetsCustom missing or empty
2026-07-31 12:43:15 skip persist: objectPresetsCustom missing or empty
2026-07-31 12:43:17 skip persist: objectPresetsCustom missing or empty
2026-07-31 12:43:19 skip persist: objectPresetsCustom missing or empty
2026-07-31 12:43:21 skip persist: objectPresetsCustom missing or empty
2026-07-31 12:43:23 skip persist: objectPresetsCustom missing or empty
2026-07-31 12:43:25 skip persist: runtime armed ptzArmed=True controlMode=ptz
2026-07-31 12:43:27 skip persist: runtime armed ptzArmed=True controlMode=ptz
2026-07-31 12:43:29 skip persist: runtime armed ptzArmed=True controlMode=ptz
2026-07-31 12:43:31 skip persist: runtime armed ptzArmed=True controlMode=ptz
2026-07-31 12:43:33 skip persist: runtime armed ptzArmed=True controlMode=ptz
2026-07-31 12:43:35 skip persist: runtime armed ptzArmed=True controlMode=ptz
2026-07-31 12:43:37 skip persist: runtime armed ptzArmed=True controlMode=ptz
2026-07-31 12:43:39 skip persist: runtime armed ptzArmed=True controlMode=ptz
2026-07-31 12:43:41 skip persist: runtime armed ptzArmed=True controlMode=ptz
2026-07-31 12:43:43 skip persist: runtime armed ptzArmed=True controlMode=ptz
2026-07-31 12:43:45 skip persist: runtime armed ptzArmed=True controlMode=ptz
2026-07-31 12:43:47 skip persist: runtime armed ptzArmed=True controlMode=ptz
2026-07-31 12:43:49 skip persist: runtime armed ptzArmed=True controlMode=ptz
2026-07-31 12:43:51 skip persist: runtime armed ptzArmed=True controlMode=ptz
2026-07-31 12:43:53 skip persist: runtime armed ptzArmed=True controlMode=ptz
2026-07-31 12:43:55 skip persist: runtime armed ptzArmed=True controlMode=ptz
2026-07-31 12:43:57 skip persist: runtime armed ptzArmed=True controlMode=ptz
2026-07-31 12:43:59 skip persist: runtime armed ptzArmed=True controlMode=ptz
2026-07-31 12:44:01 skip persist: runtime armed ptzArmed=True controlMode=ptz
2026-07-31 12:44:03 skip persist: runtime armed ptzArmed=True controlMode=ptz
2026-07-31 12:44:05 skip persist: runtime armed ptzArmed=True controlMode=ptz
2026-07-31 12:44:07 skip persist: runtime armed ptzArmed=True controlMode=ptz
2026-07-31 12:44:09 skip persist: runtime armed ptzArmed=True controlMode=ptz
2026-07-31 12:44:11 skip persist: runtime armed ptzArmed=True controlMode=ptz
2026-07-31 12:44:13 skip persist: runtime armed ptzArmed=True controlMode=ptz
2026-07-31 12:44:15 skip persist: runtime armed ptzArmed=True controlMode=ptz
2026-07-31 12:44:17 skip persist: runtime armed ptzArmed=True controlMode=ptz
2026-07-31 12:44:19 skip persist: runtime armed ptzArmed=True controlMode=ptz
2026-07-31 12:44:21 skip persist: runtime armed ptzArmed=True controlMode=ptz
2026-07-31 12:44:23 skip persist: runtime armed ptzArmed=True controlMode=ptz
2026-07-31 12:44:25 skip persist: runtime armed ptzArmed=True controlMode=ptz
2026-07-31 12:44:27 skip persist: runtime armed ptzArmed=True controlMode=ptz
2026-07-31 12:44:29 skip persist: runtime armed ptzArmed=True controlMode=ptz
2026-07-31 12:44:31 skip persist: runtime armed ptzArmed=True controlMode=ptz
2026-07-31 12:44:33 skip persist: runtime armed ptzArmed=True controlMode=ptz
2026-07-31 12:44:35 skip persist: runtime armed ptzArmed=True controlMode=ptz
2026-07-31 12:44:37 skip persist: runtime armed ptzArmed=True controlMode=ptz
2026-07-31 12:44:39 skip persist: runtime armed ptzArmed=True controlMode=ptz
2026-07-31 12:44:41 skip persist: runtime armed ptzArmed=True controlMode=ptz
2026-07-31 12:44:43 skip persist: runtime armed ptzArmed=True controlMode=ptz
2026-07-31 12:44:45 skip persist: runtime armed ptzArmed=True controlMode=ptz
2026-07-31 12:44:47 skip persist: runtime armed ptzArmed=True controlMode=ptz
2026-07-31 12:44:49 skip persist: runtime armed ptzArmed=True controlMode=ptz
2026-07-31 12:44:51 skip persist: runtime armed ptzArmed=True controlMode=ptz
2026-07-31 12:44:53 skip persist: runtime armed ptzArmed=True controlMode=ptz
2026-07-31 12:44:55 skip persist: runtime armed ptzArmed=True controlMode=ptz
2026-07-31 12:44:57 skip persist: runtime armed ptzArmed=True controlMode=ptz
2026-07-31 12:44:59 skip persist: runtime armed ptzArmed=True controlMode=ptz
2026-07-31 12:45:01 skip persist: runtime armed ptzArmed=True controlMode=ptz
2026-07-31 12:45:03 skip persist: runtime armed ptzArmed=True controlMode=ptz
2026-07-31 12:45:05 skip persist: runtime armed ptzArmed=True controlMode=ptz
2026-07-31 12:45:07 skip persist: runtime armed ptzArmed=True controlMode=ptz
2026-07-31 12:45:09 skip persist: runtime armed ptzArmed=True controlMode=ptz
2026-07-31 12:45:11 skip persist: runtime armed ptzArmed=True controlMode=ptz
2026-07-31 12:45:13 skip persist: runtime armed ptzArmed=True controlMode=ptz
2026-07-31 12:45:15 skip persist: runtime armed ptzArmed=True controlMode=ptz
2026-07-31 12:45:17 skip persist: runtime armed ptzArmed=True controlMode=ptz
2026-07-31 12:45:19 skip persist: runtime armed ptzArmed=True controlMode=ptz
2026-07-31 12:45:21 skip persist: runtime armed ptzArmed=True controlMode=ptz
2026-07-31 12:45:23 skip persist: runtime armed ptzArmed=True controlMode=ptz
2026-07-31 12:45:25 skip persist: runtime armed ptzArmed=True controlMode=ptz
2026-07-31 12:45:27 skip persist: runtime armed ptzArmed=True controlMode=ptz
2026-07-31 12:45:29 skip persist: runtime armed ptzArmed=True controlMode=ptz
2026-07-31 12:45:31 skip persist: runtime armed ptzArmed=True controlMode=ptz
2026-07-31 12:45:33 skip persist: runtime armed ptzArmed=True controlMode=ptz
2026-07-31 12:45:35 skip persist: runtime armed ptzArmed=True controlMode=ptz
2026-07-31 12:45:37 skip persist: runtime armed ptzArmed=True controlMode=ptz
2026-07-31 12:45:39 skip persist: runtime armed ptzArmed=True controlMode=ptz
2026-07-31 12:45:41 skip persist: runtime armed ptzArmed=True controlMode=ptz
2026-07-31 12:45:43 skip persist: runtime armed ptzArmed=True controlMode=ptz
2026-07-31 12:45:45 skip persist: runtime armed ptzArmed=True controlMode=ptz
2026-07-31 12:45:47 skip persist: runtime armed ptzArmed=True controlMode=ptz
2026-07-31 12:45:49 skip persist: runtime armed ptzArmed=True controlMode=ptz
2026-07-31 12:45:51 skip persist: runtime armed ptzArmed=True controlMode=ptz
2026-07-31 12:45:53 skip persist: runtime armed ptzArmed=True controlMode=ptz
2026-07-31 12:45:55 skip persist: runtime armed ptzArmed=True controlMode=ptz
2026-07-31 12:45:57 skip persist: runtime armed ptzArmed=True controlMode=ptz
2026-07-31 12:45:59 skip persist: runtime armed ptzArmed=True controlMode=ptz
2026-07-31 12:46:01 skip persist: runtime armed ptzArmed=True controlMode=ptz
2026-07-31 12:46:03 skip persist: runtime armed ptzArmed=True controlMode=ptz
2026-07-31 12:46:05 skip persist: runtime armed ptzArmed=True controlMode=ptz
2026-07-31 12:46:07 skip persist: runtime armed ptzArmed=True controlMode=ptz
2026-07-31 12:46:09 skip persist: runtime armed ptzArmed=True controlMode=ptz
2026-07-31 12:46:11 skip persist: runtime armed ptzArmed=True controlMode=ptz
2026-07-31 12:46:13 skip persist: runtime armed ptzArmed=True controlMode=ptz
2026-07-31 12:46:15 skip persist: runtime armed ptzArmed=True controlMode=ptz
2026-07-31 12:46:17 skip persist: runtime armed ptzArmed=True controlMode=ptz
2026-07-31 12:46:19 skip persist: runtime armed ptzArmed=True controlMode=ptz
2026-07-31 12:46:21 skip persist: runtime armed ptzArmed=True controlMode=ptz
2026-07-31 12:46:23 skip persist: runtime armed ptzArmed=True controlMode=ptz
2026-07-31 12:46:25 skip persist: runtime armed ptzArmed=True controlMode=ptz
2026-07-31 12:46:27 skip persist: runtime armed ptzArmed=True controlMode=ptz
2026-07-31 12:46:29 skip persist: runtime armed ptzArmed=True controlMode=ptz
2026-07-31 12:46:31 skip persist: runtime armed ptzArmed=True controlMode=ptz
2026-07-31 12:46:33 skip persist: runtime armed ptzArmed=True controlMode=ptz
2026-07-31 12:46:35 skip persist: runtime armed ptzArmed=True controlMode=ptz
2026-07-31 12:46:37 skip persist: runtime armed ptzArmed=True controlMode=ptz
2026-07-31 12:46:39 skip persist: runtime armed ptzArmed=True controlMode=ptz
2026-07-31 12:46:41 skip persist: runtime armed ptzArmed=True controlMode=ptz
2026-07-31 12:46:43 skip persist: runtime armed ptzArmed=True controlMode=ptz
2026-07-31 12:46:45 skip persist: runtime armed ptzArmed=True controlMode=ptz
2026-07-31 12:46:47 skip persist: runtime armed ptzArmed=True controlMode=ptz
2026-07-31 12:46:49 skip persist: runtime armed ptzArmed=True controlMode=ptz
2026-07-31 12:46:51 skip persist: runtime armed ptzArmed=True controlMode=ptz
2026-07-31 12:46:53 skip persist: runtime armed ptzArmed=True controlMode=ptz
2026-07-31 12:46:55 skip persist: runtime armed ptzArmed=True controlMode=ptz
2026-07-31 12:46:57 skip persist: runtime armed ptzArmed=True controlMode=ptz
2026-07-31 12:46:59 skip persist: runtime armed ptzArmed=True controlMode=ptz
2026-07-31 12:47:01 skip persist: runtime armed ptzArmed=True controlMode=ptz
2026-07-31 12:47:03 skip persist: runtime armed ptzArmed=True controlMode=ptz
2026-07-31 12:47:05 skip persist: runtime armed ptzArmed=True controlMode=ptz
2026-07-31 12:47:07 skip persist: runtime armed ptzArmed=True controlMode=ptz
2026-07-31 12:47:09 skip persist: runtime armed ptzArmed=True controlMode=ptz
2026-07-31 12:47:11 skip persist: runtime armed ptzArmed=True controlMode=ptz
2026-07-31 12:47:13 skip persist: runtime armed ptzArmed=True controlMode=ptz
2026-07-31 12:47:15 skip persist: runtime armed ptzArmed=True controlMode=ptz
2026-07-31 12:47:17 skip persist: runtime armed ptzArmed=True controlMode=ptz
2026-07-31 12:47:19 skip persist: runtime armed ptzArmed=True controlMode=ptz
2026-07-31 12:47:21 skip persist: runtime armed ptzArmed=True controlMode=ptz
2026-07-31 12:47:23 skip persist: runtime armed ptzArmed=True controlMode=ptz
2026-07-31 12:47:25 skip persist: runtime armed ptzArmed=True controlMode=ptz
2026-07-31 12:47:27 skip persist: runtime armed ptzArmed=True controlMode=ptz
2026-07-31 12:47:29 skip persist: runtime armed ptzArmed=True controlMode=ptz
2026-07-31 12:47:31 skip persist: runtime armed ptzArmed=True controlMode=ptz
2026-07-31 12:47:33 skip persist: runtime armed ptzArmed=True controlMode=ptz
2026-07-31 12:47:35 skip persist: runtime armed ptzArmed=True controlMode=ptz
2026-07-31 12:47:37 skip persist: runtime armed ptzArmed=True controlMode=ptz
2026-07-31 12:47:39 skip persist: runtime armed ptzArmed=True controlMode=ptz
2026-07-31 12:47:41 skip persist: runtime armed ptzArmed=True controlMode=ptz
2026-07-31 12:47:43 skip persist: runtime armed ptzArmed=True controlMode=ptz
2026-07-31 12:47:45 skip persist: runtime armed ptzArmed=True controlMode=ptz
2026-07-31 12:47:47 skip persist: runtime armed ptzArmed=True controlMode=ptz
2026-07-31 12:47:49 skip persist: runtime armed ptzArmed=True controlMode=ptz
2026-07-31 12:47:51 skip persist: runtime armed ptzArmed=True controlMode=ptz
2026-07-31 12:47:53 skip persist: runtime armed ptzArmed=True controlMode=ptz
2026-07-31 12:47:55 skip persist: runtime armed ptzArmed=True controlMode=ptz
2026-07-31 12:47:57 skip persist: runtime armed ptzArmed=True controlMode=ptz
2026-07-31 12:47:59 skip persist: runtime armed ptzArmed=True controlMode=ptz
2026-07-31 12:48:01 skip persist: runtime armed ptzArmed=True controlMode=ptz
2026-07-31 12:48:03 skip persist: runtime armed ptzArmed=True controlMode=ptz
2026-07-31 12:48:05 skip persist: runtime armed ptzArmed=True controlMode=ptz
2026-07-31 12:48:07 skip persist: runtime armed ptzArmed=True controlMode=ptz
2026-07-31 12:48:09 skip persist: runtime armed ptzArmed=True controlMode=ptz
2026-07-31 12:48:11 skip persist: runtime armed ptzArmed=True controlMode=ptz
2026-07-31 12:48:13 skip persist: runtime armed ptzArmed=True controlMode=ptz
2026-07-31 12:48:15 skip persist: runtime armed ptzArmed=True controlMode=ptz
2026-07-31 12:48:17 skip persist: runtime armed ptzArmed=True controlMode=ptz
2026-07-31 12:48:19 skip persist: runtime armed ptzArmed=True controlMode=ptz
2026-07-31 12:48:21 skip persist: runtime armed ptzArmed=True controlMode=ptz
2026-07-31 12:48:23 skip persist: runtime armed ptzArmed=True controlMode=ptz
2026-07-31 12:48:25 skip persist: runtime armed ptzArmed=True controlMode=ptz
2026-07-31 12:48:27 skip persist: runtime armed ptzArmed=True controlMode=ptz
2026-07-31 12:48:29 skip persist: runtime armed ptzArmed=True controlMode=ptz
2026-07-31 12:48:31 skip persist: runtime armed ptzArmed=True controlMode=ptz
2026-07-31 12:48:33 skip persist: runtime armed ptzArmed=True controlMode=ptz
2026-07-31 12:48:35 skip persist: runtime armed ptzArmed=True controlMode=ptz
2026-07-31 12:48:37 skip persist: runtime armed ptzArmed=True controlMode=ptz
2026-07-31 12:48:39 skip persist: runtime armed ptzArmed=True controlMode=ptz
2026-07-31 12:48:41 skip persist: runtime armed ptzArmed=True controlMode=ptz
2026-07-31 12:48:43 skip persist: runtime armed ptzArmed=True controlMode=ptz
2026-07-31 12:48:45 skip persist: runtime armed ptzArmed=True controlMode=ptz
2026-07-31 12:48:47 skip persist: runtime armed ptzArmed=True controlMode=ptz
2026-07-31 12:48:49 skip persist: runtime armed ptzArmed=True controlMode=ptz
2026-07-31 12:48:51 skip persist: runtime armed ptzArmed=True controlMode=ptz
2026-07-31 12:48:53 skip persist: runtime armed ptzArmed=True controlMode=ptz
2026-07-31 12:48:55 skip persist: runtime armed ptzArmed=True controlMode=ptz
2026-07-31 12:48:57 skip persist: runtime armed ptzArmed=True controlMode=ptz
2026-07-31 12:48:59 skip persist: runtime armed ptzArmed=True controlMode=ptz
2026-07-31 12:49:01 skip persist: runtime armed ptzArmed=True controlMode=ptz
2026-07-31 12:49:03 skip persist: runtime armed ptzArmed=True controlMode=ptz
2026-07-31 12:49:05 skip persist: runtime armed ptzArmed=True controlMode=ptz
2026-07-31 12:49:07 skip persist: runtime armed ptzArmed=True controlMode=ptz
2026-07-31 12:49:09 skip persist: runtime armed ptzArmed=True controlMode=ptz
2026-07-31 12:49:11 skip persist: runtime armed ptzArmed=True controlMode=ptz
2026-07-31 12:49:13 skip persist: runtime armed ptzArmed=True controlMode=ptz
2026-07-31 12:49:15 skip persist: runtime armed ptzArmed=True controlMode=ptz
2026-07-31 12:49:17 skip persist: runtime armed ptzArmed=True controlMode=ptz
2026-07-31 12:49:19 skip persist: runtime armed ptzArmed=True controlMode=ptz
2026-07-31 12:49:21 skip persist: runtime armed ptzArmed=True controlMode=ptz
2026-07-31 12:49:23 skip persist: runtime armed ptzArmed=True controlMode=ptz
2026-07-31 12:49:25 skip persist: runtime armed ptzArmed=True controlMode=ptz
2026-07-31 12:49:27 skip persist: runtime armed ptzArmed=True controlMode=ptz
2026-07-31 12:49:29 skip persist: runtime armed ptzArmed=True controlMode=ptz
2026-07-31 12:49:31 skip persist: runtime armed ptzArmed=True controlMode=ptz
2026-07-31 12:49:33 skip persist: runtime armed ptzArmed=True controlMode=ptz
2026-07-31 12:49:35 skip persist: runtime armed ptzArmed=True controlMode=ptz
2026-07-31 12:49:37 skip persist: runtime armed ptzArmed=True controlMode=manual
2026-07-31 12:49:39 skip persist: runtime armed ptzArmed=True controlMode=manual
2026-07-31 12:49:41 skip persist: runtime armed ptzArmed=True controlMode=manual
2026-07-31 12:49:43 skip persist: runtime armed ptzArmed=True controlMode=manual
2026-07-31 12:49:45 skip persist: runtime armed ptzArmed=True controlMode=manual
2026-07-31 12:49:47 skip persist: runtime armed ptzArmed=True controlMode=manual
2026-07-31 12:49:49 skip persist: runtime armed ptzArmed=True controlMode=manual
2026-07-31 12:49:51 skip persist: runtime armed ptzArmed=True controlMode=manual
2026-07-31 12:49:53 skip persist: runtime armed ptzArmed=True controlMode=manual
2026-07-31 12:49:56 skip persist: runtime armed ptzArmed=True controlMode=manual
2026-07-31 12:49:58 skip persist: runtime armed ptzArmed=True controlMode=manual
2026-07-31 12:50:00 skip persist: runtime armed ptzArmed=True controlMode=manual
2026-07-31 12:50:02 skip persist: runtime armed ptzArmed=True controlMode=ptz
2026-07-31 12:50:04 skip persist: objectPresetsCustom missing or empty
